
As-needed library included to satisfy reference by file (symbol)

libarsal.so                   /home/jake/Documents/parrot/out/Unix-base/build/libARStream/obj/Sources/ARSTREAM_Reader.c.o (ARSAL_Mutex_Destroy)
libarnetwork.so               /home/jake/Documents/parrot/out/Unix-base/build/libARStream/obj/Sources/ARSTREAM_Sender.c.o (ARNETWORK_Manager_FlushInputBuffer)
libm.so.6                     /home/jake/Documents/parrot/out/Unix-base/build/libARStream/obj/Sources/ARSTREAM_Reader2.c.o (sqrt@@GLIBC_2.2.5)
libpthread.so.0               /home/jake/Documents/parrot/out/Unix-base/build/libARStream/obj/Sources/ARSTREAM_Reader.c.o (__errno_location@@GLIBC_2.2.5)
libc.so.6                     /home/jake/Documents/parrot/out/Unix-base/build/libARStream/obj/Sources/ARSTREAM_Reader2.c.o (fopen@@GLIBC_2.2.5)

Discarded input sections

 .text          0x0000000000000000        0x0 /usr/lib/gcc/x86_64-linux-gnu/5/../../../x86_64-linux-gnu/crti.o
 .data          0x0000000000000000        0x0 /usr/lib/gcc/x86_64-linux-gnu/5/../../../x86_64-linux-gnu/crti.o
 .bss           0x0000000000000000        0x0 /usr/lib/gcc/x86_64-linux-gnu/5/../../../x86_64-linux-gnu/crti.o
 .note.GNU-stack
                0x0000000000000000        0x0 /usr/lib/gcc/x86_64-linux-gnu/5/../../../x86_64-linux-gnu/crti.o
 .gnu_debuglink
                0x0000000000000000        0xc /usr/lib/gcc/x86_64-linux-gnu/5/../../../x86_64-linux-gnu/crti.o
 .data          0x0000000000000000        0x0 /usr/lib/gcc/x86_64-linux-gnu/5/crtbeginS.o
 .text.unlikely
                0x0000000000000000        0x0 /usr/lib/gcc/x86_64-linux-gnu/5/crtbeginS.o
 .note.GNU-stack
                0x0000000000000000        0x0 /usr/lib/gcc/x86_64-linux-gnu/5/crtbeginS.o
 .text          0x0000000000000000        0x0 /home/jake/Documents/parrot/out/Unix-base/build/libARStream/obj/Sources/ARSTREAM_Buffers.c.o
 .data          0x0000000000000000        0x0 /home/jake/Documents/parrot/out/Unix-base/build/libARStream/obj/Sources/ARSTREAM_Buffers.c.o
 .bss           0x0000000000000000        0x0 /home/jake/Documents/parrot/out/Unix-base/build/libARStream/obj/Sources/ARSTREAM_Buffers.c.o
 .text.unlikely.ARSTREAM_Buffers_InitStreamDataBuffer
                0x0000000000000000        0x0 /home/jake/Documents/parrot/out/Unix-base/build/libARStream/obj/Sources/ARSTREAM_Buffers.c.o
 .text.unlikely.ARSTREAM_Buffers_InitStreamAckBuffer
                0x0000000000000000        0x0 /home/jake/Documents/parrot/out/Unix-base/build/libARStream/obj/Sources/ARSTREAM_Buffers.c.o
 .note.GNU-stack
                0x0000000000000000        0x0 /home/jake/Documents/parrot/out/Unix-base/build/libARStream/obj/Sources/ARSTREAM_Buffers.c.o
 .text          0x0000000000000000        0x0 /home/jake/Documents/parrot/out/Unix-base/build/libARStream/obj/Sources/ARSTREAM_NetworkHeaders.c.o
 .data          0x0000000000000000        0x0 /home/jake/Documents/parrot/out/Unix-base/build/libARStream/obj/Sources/ARSTREAM_NetworkHeaders.c.o
 .bss           0x0000000000000000        0x0 /home/jake/Documents/parrot/out/Unix-base/build/libARStream/obj/Sources/ARSTREAM_NetworkHeaders.c.o
 .text.unlikely.ARSTREAM_NetworkHeaders_HammingWeight32
                0x0000000000000000        0x0 /home/jake/Documents/parrot/out/Unix-base/build/libARStream/obj/Sources/ARSTREAM_NetworkHeaders.c.o
 .text.unlikely.ARSTREAM_NetworkHeaders_AckPacketAllFlagsSet
                0x0000000000000000        0x0 /home/jake/Documents/parrot/out/Unix-base/build/libARStream/obj/Sources/ARSTREAM_NetworkHeaders.c.o
 .text.unlikely.ARSTREAM_NetworkHeaders_AckPacketFlagIsSet
                0x0000000000000000        0x0 /home/jake/Documents/parrot/out/Unix-base/build/libARStream/obj/Sources/ARSTREAM_NetworkHeaders.c.o
 .text.unlikely.ARSTREAM_NetworkHeaders_AckPacketReset
                0x0000000000000000        0x0 /home/jake/Documents/parrot/out/Unix-base/build/libARStream/obj/Sources/ARSTREAM_NetworkHeaders.c.o
 .text.unlikely.ARSTREAM_NetworkHeaders_AckPacketResetUpTo
                0x0000000000000000        0x0 /home/jake/Documents/parrot/out/Unix-base/build/libARStream/obj/Sources/ARSTREAM_NetworkHeaders.c.o
 .text.unlikely.ARSTREAM_NetworkHeaders_AckPacketSetFlag
                0x0000000000000000        0x0 /home/jake/Documents/parrot/out/Unix-base/build/libARStream/obj/Sources/ARSTREAM_NetworkHeaders.c.o
 .text.unlikely.ARSTREAM_NetworkHeaders_AckPacketSetFlags
                0x0000000000000000        0x0 /home/jake/Documents/parrot/out/Unix-base/build/libARStream/obj/Sources/ARSTREAM_NetworkHeaders.c.o
 .text.unlikely.ARSTREAM_NetworkHeaders_AckPacketUnsetFlag
                0x0000000000000000        0x0 /home/jake/Documents/parrot/out/Unix-base/build/libARStream/obj/Sources/ARSTREAM_NetworkHeaders.c.o
 .text.unlikely.ARSTREAM_NetworkHeaders_AckPacketUnsetFlags
                0x0000000000000000        0x0 /home/jake/Documents/parrot/out/Unix-base/build/libARStream/obj/Sources/ARSTREAM_NetworkHeaders.c.o
 .text.unlikely.ARSTREAM_NetworkHeaders_AckPacketCountSet
                0x0000000000000000        0x0 /home/jake/Documents/parrot/out/Unix-base/build/libARStream/obj/Sources/ARSTREAM_NetworkHeaders.c.o
 .text.unlikely.ARSTREAM_NetworkHeaders_AckPacketCountNotSet
                0x0000000000000000        0x0 /home/jake/Documents/parrot/out/Unix-base/build/libARStream/obj/Sources/ARSTREAM_NetworkHeaders.c.o
 .text.unlikely.ARSTREAM_NetworkHeaders_InternalAckPacketDump
                0x0000000000000000        0x0 /home/jake/Documents/parrot/out/Unix-base/build/libARStream/obj/Sources/ARSTREAM_NetworkHeaders.c.o
 .text.unlikely.ARSTREAM_NetworkHeaders_AckPacketDump
                0x0000000000000000        0x0 /home/jake/Documents/parrot/out/Unix-base/build/libARStream/obj/Sources/ARSTREAM_NetworkHeaders.c.o
 .note.GNU-stack
                0x0000000000000000        0x0 /home/jake/Documents/parrot/out/Unix-base/build/libARStream/obj/Sources/ARSTREAM_NetworkHeaders.c.o
 .text          0x0000000000000000        0x0 /home/jake/Documents/parrot/out/Unix-base/build/libARStream/obj/Sources/ARSTREAM_Reader.c.o
 .data          0x0000000000000000        0x0 /home/jake/Documents/parrot/out/Unix-base/build/libARStream/obj/Sources/ARSTREAM_Reader.c.o
 .bss           0x0000000000000000        0x0 /home/jake/Documents/parrot/out/Unix-base/build/libARStream/obj/Sources/ARSTREAM_Reader.c.o
 .text.unlikely.ARSTREAM_Reader_NetworkCallback
                0x0000000000000000        0x0 /home/jake/Documents/parrot/out/Unix-base/build/libARStream/obj/Sources/ARSTREAM_Reader.c.o
 .text.unlikely.ARSTREAM_Reader_InitStreamDataBuffer
                0x0000000000000000        0x0 /home/jake/Documents/parrot/out/Unix-base/build/libARStream/obj/Sources/ARSTREAM_Reader.c.o
 .text.unlikely.ARSTREAM_Reader_InitStreamAckBuffer
                0x0000000000000000        0x0 /home/jake/Documents/parrot/out/Unix-base/build/libARStream/obj/Sources/ARSTREAM_Reader.c.o
 .text.unlikely.ARSTREAM_Reader_New
                0x0000000000000000        0x0 /home/jake/Documents/parrot/out/Unix-base/build/libARStream/obj/Sources/ARSTREAM_Reader.c.o
 .text.unlikely.ARSTREAM_Reader_StopReader
                0x0000000000000000        0x0 /home/jake/Documents/parrot/out/Unix-base/build/libARStream/obj/Sources/ARSTREAM_Reader.c.o
 .text.unlikely.ARSTREAM_Reader_Delete
                0x0000000000000000        0x0 /home/jake/Documents/parrot/out/Unix-base/build/libARStream/obj/Sources/ARSTREAM_Reader.c.o
 .text.unlikely.ARSTREAM_Reader_RunDataThread
                0x0000000000000000        0x0 /home/jake/Documents/parrot/out/Unix-base/build/libARStream/obj/Sources/ARSTREAM_Reader.c.o
 .text.unlikely.ARSTREAM_Reader_RunAckThread
                0x0000000000000000        0x0 /home/jake/Documents/parrot/out/Unix-base/build/libARStream/obj/Sources/ARSTREAM_Reader.c.o
 .text.unlikely.ARSTREAM_Reader_GetEstimatedEfficiency
                0x0000000000000000        0x0 /home/jake/Documents/parrot/out/Unix-base/build/libARStream/obj/Sources/ARSTREAM_Reader.c.o
 .text.unlikely.ARSTREAM_Reader_GetCustom
                0x0000000000000000        0x0 /home/jake/Documents/parrot/out/Unix-base/build/libARStream/obj/Sources/ARSTREAM_Reader.c.o
 .note.GNU-stack
                0x0000000000000000        0x0 /home/jake/Documents/parrot/out/Unix-base/build/libARStream/obj/Sources/ARSTREAM_Reader.c.o
 .text          0x0000000000000000        0x0 /home/jake/Documents/parrot/out/Unix-base/build/libARStream/obj/Sources/ARSTREAM_Reader2.c.o
 .data          0x0000000000000000        0x0 /home/jake/Documents/parrot/out/Unix-base/build/libARStream/obj/Sources/ARSTREAM_Reader2.c.o
 .bss           0x0000000000000000        0x0 /home/jake/Documents/parrot/out/Unix-base/build/libARStream/obj/Sources/ARSTREAM_Reader2.c.o
 .text.unlikely.ARSTREAM_Reader2_CheckBufferSize
                0x0000000000000000        0x0 /home/jake/Documents/parrot/out/Unix-base/build/libARStream/obj/Sources/ARSTREAM_Reader2.c.o
 .text.unlikely.ARSTREAM_Reader2_ResendNalu
                0x0000000000000000        0x0 /home/jake/Documents/parrot/out/Unix-base/build/libARStream/obj/Sources/ARSTREAM_Reader2.c.o
 .text.unlikely.ARSTREAM_Reader2_OutputNalu
                0x0000000000000000        0x0 /home/jake/Documents/parrot/out/Unix-base/build/libARStream/obj/Sources/ARSTREAM_Reader2.c.o
 .text.unlikely.ARSTREAM_Reader2_Resender_NaluCallback
                0x0000000000000000        0x0 /home/jake/Documents/parrot/out/Unix-base/build/libARStream/obj/Sources/ARSTREAM_Reader2.c.o
 .text.unlikely.ARSTREAM_Reader2_New
                0x0000000000000000        0x0 /home/jake/Documents/parrot/out/Unix-base/build/libARStream/obj/Sources/ARSTREAM_Reader2.c.o
 .text.unlikely.ARSTREAM_Reader2_InvalidateNaluBuffer
                0x0000000000000000        0x0 /home/jake/Documents/parrot/out/Unix-base/build/libARStream/obj/Sources/ARSTREAM_Reader2.c.o
 .text.unlikely.ARSTREAM_Reader2_StopReader
                0x0000000000000000        0x0 /home/jake/Documents/parrot/out/Unix-base/build/libARStream/obj/Sources/ARSTREAM_Reader2.c.o
 .text.unlikely.ARSTREAM_Reader2_Delete
                0x0000000000000000        0x0 /home/jake/Documents/parrot/out/Unix-base/build/libARStream/obj/Sources/ARSTREAM_Reader2.c.o
 .text.unlikely.ARSTREAM_Reader2_RunStreamThread
                0x0000000000000000        0x0 /home/jake/Documents/parrot/out/Unix-base/build/libARStream/obj/Sources/ARSTREAM_Reader2.c.o
 .text.unlikely.ARSTREAM_Reader2_RunControlThread
                0x0000000000000000        0x0 /home/jake/Documents/parrot/out/Unix-base/build/libARStream/obj/Sources/ARSTREAM_Reader2.c.o
 .text.unlikely.ARSTREAM_Reader2_GetNaluCallbackUserPtr
                0x0000000000000000        0x0 /home/jake/Documents/parrot/out/Unix-base/build/libARStream/obj/Sources/ARSTREAM_Reader2.c.o
 .text.unlikely.ARSTREAM_Reader2_GetMonitoring
                0x0000000000000000        0x0 /home/jake/Documents/parrot/out/Unix-base/build/libARStream/obj/Sources/ARSTREAM_Reader2.c.o
 .text.unlikely.ARSTREAM_Reader2_Resender_New
                0x0000000000000000        0x0 /home/jake/Documents/parrot/out/Unix-base/build/libARStream/obj/Sources/ARSTREAM_Reader2.c.o
 .text.unlikely.ARSTREAM_Reader2_Resender_Stop
                0x0000000000000000        0x0 /home/jake/Documents/parrot/out/Unix-base/build/libARStream/obj/Sources/ARSTREAM_Reader2.c.o
 .text.unlikely.ARSTREAM_Reader2_Resender_Delete
                0x0000000000000000        0x0 /home/jake/Documents/parrot/out/Unix-base/build/libARStream/obj/Sources/ARSTREAM_Reader2.c.o
 .text.unlikely.ARSTREAM_Reader2_Resender_RunStreamThread
                0x0000000000000000        0x0 /home/jake/Documents/parrot/out/Unix-base/build/libARStream/obj/Sources/ARSTREAM_Reader2.c.o
 .text.unlikely.ARSTREAM_Reader2_Resender_RunControlThread
                0x0000000000000000        0x0 /home/jake/Documents/parrot/out/Unix-base/build/libARStream/obj/Sources/ARSTREAM_Reader2.c.o
 .note.GNU-stack
                0x0000000000000000        0x0 /home/jake/Documents/parrot/out/Unix-base/build/libARStream/obj/Sources/ARSTREAM_Reader2.c.o
 .text          0x0000000000000000        0x0 /home/jake/Documents/parrot/out/Unix-base/build/libARStream/obj/Sources/ARSTREAM_Sender.c.o
 .data          0x0000000000000000        0x0 /home/jake/Documents/parrot/out/Unix-base/build/libARStream/obj/Sources/ARSTREAM_Sender.c.o
 .bss           0x0000000000000000        0x0 /home/jake/Documents/parrot/out/Unix-base/build/libARStream/obj/Sources/ARSTREAM_Sender.c.o
 .text.unlikely.ARSTREAM_Sender_NetworkCallback
                0x0000000000000000        0x0 /home/jake/Documents/parrot/out/Unix-base/build/libARStream/obj/Sources/ARSTREAM_Sender.c.o
 .text.unlikely.ARSTREAM_Sender_FlushQueue
                0x0000000000000000        0x0 /home/jake/Documents/parrot/out/Unix-base/build/libARStream/obj/Sources/ARSTREAM_Sender.c.o
 .text.unlikely.ARSTREAM_Sender_AddToQueue
                0x0000000000000000        0x0 /home/jake/Documents/parrot/out/Unix-base/build/libARStream/obj/Sources/ARSTREAM_Sender.c.o
 .text.unlikely.ARSTREAM_Sender_InitStreamDataBuffer
                0x0000000000000000        0x0 /home/jake/Documents/parrot/out/Unix-base/build/libARStream/obj/Sources/ARSTREAM_Sender.c.o
 .text.unlikely.ARSTREAM_Sender_InitStreamAckBuffer
                0x0000000000000000        0x0 /home/jake/Documents/parrot/out/Unix-base/build/libARStream/obj/Sources/ARSTREAM_Sender.c.o
 .text.unlikely.ARSTREAM_Sender_New
                0x0000000000000000        0x0 /home/jake/Documents/parrot/out/Unix-base/build/libARStream/obj/Sources/ARSTREAM_Sender.c.o
 .text.unlikely.ARSTREAM_Sender_SetTimeBetweenRetries
                0x0000000000000000        0x0 /home/jake/Documents/parrot/out/Unix-base/build/libARStream/obj/Sources/ARSTREAM_Sender.c.o
 .text.unlikely.ARSTREAM_Sender_StopSender
                0x0000000000000000        0x0 /home/jake/Documents/parrot/out/Unix-base/build/libARStream/obj/Sources/ARSTREAM_Sender.c.o
 .text.unlikely.ARSTREAM_Sender_Delete
                0x0000000000000000        0x0 /home/jake/Documents/parrot/out/Unix-base/build/libARStream/obj/Sources/ARSTREAM_Sender.c.o
 .text.unlikely.ARSTREAM_Sender_SendNewFrame
                0x0000000000000000        0x0 /home/jake/Documents/parrot/out/Unix-base/build/libARStream/obj/Sources/ARSTREAM_Sender.c.o
 .text.unlikely.ARSTREAM_Sender_FlushFramesQueue
                0x0000000000000000        0x0 /home/jake/Documents/parrot/out/Unix-base/build/libARStream/obj/Sources/ARSTREAM_Sender.c.o
 .text.unlikely.ARSTREAM_Sender_RunDataThread
                0x0000000000000000        0x0 /home/jake/Documents/parrot/out/Unix-base/build/libARStream/obj/Sources/ARSTREAM_Sender.c.o
 .text.unlikely.ARSTREAM_Sender_RunAckThread
                0x0000000000000000        0x0 /home/jake/Documents/parrot/out/Unix-base/build/libARStream/obj/Sources/ARSTREAM_Sender.c.o
 .text.unlikely.ARSTREAM_Sender_GetEstimatedEfficiency
                0x0000000000000000        0x0 /home/jake/Documents/parrot/out/Unix-base/build/libARStream/obj/Sources/ARSTREAM_Sender.c.o
 .text.unlikely.ARSTREAM_Sender_GetCustom
                0x0000000000000000        0x0 /home/jake/Documents/parrot/out/Unix-base/build/libARStream/obj/Sources/ARSTREAM_Sender.c.o
 .note.GNU-stack
                0x0000000000000000        0x0 /home/jake/Documents/parrot/out/Unix-base/build/libARStream/obj/Sources/ARSTREAM_Sender.c.o
 .text          0x0000000000000000        0x0 /home/jake/Documents/parrot/out/Unix-base/build/libARStream/obj/Sources/ARSTREAM_Sender2.c.o
 .data          0x0000000000000000        0x0 /home/jake/Documents/parrot/out/Unix-base/build/libARStream/obj/Sources/ARSTREAM_Sender2.c.o
 .bss           0x0000000000000000        0x0 /home/jake/Documents/parrot/out/Unix-base/build/libARStream/obj/Sources/ARSTREAM_Sender2.c.o
 .text.unlikely.ARSTREAM_Sender2_UpdateMonitoring
                0x0000000000000000        0x0 /home/jake/Documents/parrot/out/Unix-base/build/libARStream/obj/Sources/ARSTREAM_Sender2.c.o
 .text.unlikely.ARSTREAM_Sender2_DequeueNalu
                0x0000000000000000        0x0 /home/jake/Documents/parrot/out/Unix-base/build/libARStream/obj/Sources/ARSTREAM_Sender2.c.o
 .text.unlikely.ARSTREAM_Sender2_SendData
                0x0000000000000000        0x0 /home/jake/Documents/parrot/out/Unix-base/build/libARStream/obj/Sources/ARSTREAM_Sender2.c.o
 .text.unlikely.ARSTREAM_Sender2_FlushNaluFifo.part.0
                0x0000000000000000        0x0 /home/jake/Documents/parrot/out/Unix-base/build/libARStream/obj/Sources/ARSTREAM_Sender2.c.o
 .text.unlikely.ARSTREAM_Sender2_New
                0x0000000000000000        0x0 /home/jake/Documents/parrot/out/Unix-base/build/libARStream/obj/Sources/ARSTREAM_Sender2.c.o
 .text.unlikely.ARSTREAM_Sender2_StopSender
                0x0000000000000000        0x0 /home/jake/Documents/parrot/out/Unix-base/build/libARStream/obj/Sources/ARSTREAM_Sender2.c.o
 .text.unlikely.ARSTREAM_Sender2_Delete
                0x0000000000000000        0x0 /home/jake/Documents/parrot/out/Unix-base/build/libARStream/obj/Sources/ARSTREAM_Sender2.c.o
 .text.unlikely.ARSTREAM_Sender2_SendNewNalu
                0x0000000000000000        0x0 /home/jake/Documents/parrot/out/Unix-base/build/libARStream/obj/Sources/ARSTREAM_Sender2.c.o
 .text.unlikely.ARSTREAM_Sender2_SendNNewNalu
                0x0000000000000000        0x0 /home/jake/Documents/parrot/out/Unix-base/build/libARStream/obj/Sources/ARSTREAM_Sender2.c.o
 .text.unlikely.ARSTREAM_Sender2_FlushNaluQueue
                0x0000000000000000        0x0 /home/jake/Documents/parrot/out/Unix-base/build/libARStream/obj/Sources/ARSTREAM_Sender2.c.o
 .text.unlikely.ARSTREAM_Sender2_RunStreamThread
                0x0000000000000000        0x0 /home/jake/Documents/parrot/out/Unix-base/build/libARStream/obj/Sources/ARSTREAM_Sender2.c.o
 .text.unlikely.ARSTREAM_Sender2_RunControlThread
                0x0000000000000000        0x0 /home/jake/Documents/parrot/out/Unix-base/build/libARStream/obj/Sources/ARSTREAM_Sender2.c.o
 .text.unlikely.ARSTREAM_Sender2_GetAuCallbackUserPtr
                0x0000000000000000        0x0 /home/jake/Documents/parrot/out/Unix-base/build/libARStream/obj/Sources/ARSTREAM_Sender2.c.o
 .text.unlikely.ARSTREAM_Sender2_GetNaluCallbackUserPtr
                0x0000000000000000        0x0 /home/jake/Documents/parrot/out/Unix-base/build/libARStream/obj/Sources/ARSTREAM_Sender2.c.o
 .text.unlikely.ARSTREAM_Sender2_GetMonitoring
                0x0000000000000000        0x0 /home/jake/Documents/parrot/out/Unix-base/build/libARStream/obj/Sources/ARSTREAM_Sender2.c.o
 .note.GNU-stack
                0x0000000000000000        0x0 /home/jake/Documents/parrot/out/Unix-base/build/libARStream/obj/Sources/ARSTREAM_Sender2.c.o
 .text          0x0000000000000000        0x0 /home/jake/Documents/parrot/out/Unix-base/build/libARStream/obj/gen/Sources/ARSTREAM_Error.c.o
 .data          0x0000000000000000        0x0 /home/jake/Documents/parrot/out/Unix-base/build/libARStream/obj/gen/Sources/ARSTREAM_Error.c.o
 .bss           0x0000000000000000        0x0 /home/jake/Documents/parrot/out/Unix-base/build/libARStream/obj/gen/Sources/ARSTREAM_Error.c.o
 .text.unlikely.ARSTREAM_Error_ToString
                0x0000000000000000        0x0 /home/jake/Documents/parrot/out/Unix-base/build/libARStream/obj/gen/Sources/ARSTREAM_Error.c.o
 .note.GNU-stack
                0x0000000000000000        0x0 /home/jake/Documents/parrot/out/Unix-base/build/libARStream/obj/gen/Sources/ARSTREAM_Error.c.o
 .text          0x0000000000000000        0x0 /usr/lib/gcc/x86_64-linux-gnu/5/crtendS.o
 .data          0x0000000000000000        0x0 /usr/lib/gcc/x86_64-linux-gnu/5/crtendS.o
 .bss           0x0000000000000000        0x0 /usr/lib/gcc/x86_64-linux-gnu/5/crtendS.o
 .note.GNU-stack
                0x0000000000000000        0x0 /usr/lib/gcc/x86_64-linux-gnu/5/crtendS.o
 .text          0x0000000000000000        0x0 /usr/lib/gcc/x86_64-linux-gnu/5/../../../x86_64-linux-gnu/crtn.o
 .data          0x0000000000000000        0x0 /usr/lib/gcc/x86_64-linux-gnu/5/../../../x86_64-linux-gnu/crtn.o
 .bss           0x0000000000000000        0x0 /usr/lib/gcc/x86_64-linux-gnu/5/../../../x86_64-linux-gnu/crtn.o
 .note.GNU-stack
                0x0000000000000000        0x0 /usr/lib/gcc/x86_64-linux-gnu/5/../../../x86_64-linux-gnu/crtn.o
 .gnu_debuglink
                0x0000000000000000        0xc /usr/lib/gcc/x86_64-linux-gnu/5/../../../x86_64-linux-gnu/crtn.o

Memory Configuration

Name             Origin             Length             Attributes
*default*        0x0000000000000000 0xffffffffffffffff

Linker script and memory map

LOAD /usr/lib/gcc/x86_64-linux-gnu/5/../../../x86_64-linux-gnu/crti.o
LOAD /usr/lib/gcc/x86_64-linux-gnu/5/crtbeginS.o
LOAD /home/jake/Documents/parrot/out/Unix-base/build/libARStream/obj/Sources/ARSTREAM_Buffers.c.o
LOAD /home/jake/Documents/parrot/out/Unix-base/build/libARStream/obj/Sources/ARSTREAM_NetworkHeaders.c.o
LOAD /home/jake/Documents/parrot/out/Unix-base/build/libARStream/obj/Sources/ARSTREAM_Reader.c.o
LOAD /home/jake/Documents/parrot/out/Unix-base/build/libARStream/obj/Sources/ARSTREAM_Reader2.c.o
LOAD /home/jake/Documents/parrot/out/Unix-base/build/libARStream/obj/Sources/ARSTREAM_Sender.c.o
LOAD /home/jake/Documents/parrot/out/Unix-base/build/libARStream/obj/Sources/ARSTREAM_Sender2.c.o
LOAD /home/jake/Documents/parrot/out/Unix-base/build/libARStream/obj/gen/Sources/ARSTREAM_Error.c.o
LOAD /home/jake/Documents/parrot/out/Unix-base/staging/usr/lib/libarsal.so
LOAD /home/jake/Documents/parrot/out/Unix-base/staging/usr/lib/libarnetworkal.so
LOAD /home/jake/Documents/parrot/out/Unix-base/staging/usr/lib/libarnetwork.so
LOAD /usr/lib/gcc/x86_64-linux-gnu/5/../../../x86_64-linux-gnu/librt.so
LOAD /usr/lib/gcc/x86_64-linux-gnu/5/libstdc++.so
LOAD /usr/lib/gcc/x86_64-linux-gnu/5/../../../x86_64-linux-gnu/libm.so
LOAD /usr/lib/gcc/x86_64-linux-gnu/5/libgcc_s.so
LOAD /usr/lib/gcc/x86_64-linux-gnu/5/../../../x86_64-linux-gnu/libpthread.so
START GROUP
LOAD /lib/x86_64-linux-gnu/libpthread.so.0
LOAD /usr/lib/x86_64-linux-gnu/libpthread_nonshared.a
END GROUP
LOAD /usr/lib/gcc/x86_64-linux-gnu/5/../../../x86_64-linux-gnu/libc.so
START GROUP
LOAD /lib/x86_64-linux-gnu/libc.so.6
LOAD /usr/lib/x86_64-linux-gnu/libc_nonshared.a
LOAD /lib/x86_64-linux-gnu/ld-linux-x86-64.so.2
END GROUP
LOAD /usr/lib/gcc/x86_64-linux-gnu/5/libgcc_s.so
LOAD /usr/lib/gcc/x86_64-linux-gnu/5/crtendS.o
LOAD /usr/lib/gcc/x86_64-linux-gnu/5/../../../x86_64-linux-gnu/crtn.o
                0x00000000000001c8                . = (0x0 + SIZEOF_HEADERS)

.note.gnu.build-id
                0x00000000000001c8       0x24
 *(.note.gnu.build-id)
 .note.gnu.build-id
                0x00000000000001c8       0x24 /usr/lib/gcc/x86_64-linux-gnu/5/../../../x86_64-linux-gnu/crti.o

.hash
 *(.hash)

.gnu.hash       0x00000000000001f0      0x1e8
 *(.gnu.hash)
 .gnu.hash      0x00000000000001f0      0x1e8 /usr/lib/gcc/x86_64-linux-gnu/5/../../../x86_64-linux-gnu/crti.o

.dynsym         0x00000000000003d8      0xbb8
 *(.dynsym)
 .dynsym        0x00000000000003d8      0xbb8 /usr/lib/gcc/x86_64-linux-gnu/5/../../../x86_64-linux-gnu/crti.o

.dynstr         0x0000000000000f90      0xca0
 *(.dynstr)
 .dynstr        0x0000000000000f90      0xca0 /usr/lib/gcc/x86_64-linux-gnu/5/../../../x86_64-linux-gnu/crti.o

.gnu.version    0x0000000000001c30       0xfa
 *(.gnu.version)
 .gnu.version   0x0000000000001c30       0xfa /usr/lib/gcc/x86_64-linux-gnu/5/../../../x86_64-linux-gnu/crti.o

.gnu.version_d  0x0000000000001d30        0x0
 *(.gnu.version_d)
 .gnu.version_d
                0x0000000000001d30        0x0 /usr/lib/gcc/x86_64-linux-gnu/5/../../../x86_64-linux-gnu/crti.o

.gnu.version_r  0x0000000000001d30       0x90
 *(.gnu.version_r)
 .gnu.version_r
                0x0000000000001d30       0x90 /usr/lib/gcc/x86_64-linux-gnu/5/../../../x86_64-linux-gnu/crti.o

.rela.dyn       0x0000000000001dc0       0xf0
 *(.rela.init)
 *(.rela.text .rela.text.* .rela.gnu.linkonce.t.*)
 .rela.text     0x0000000000001dc0        0x0 /usr/lib/gcc/x86_64-linux-gnu/5/../../../x86_64-linux-gnu/crti.o
 *(.rela.fini)
 *(.rela.rodata .rela.rodata.* .rela.gnu.linkonce.r.*)
 *(.rela.data .rela.data.* .rela.gnu.linkonce.d.*)
 .rela.data.rel.local
                0x0000000000001dc0       0x18 /usr/lib/gcc/x86_64-linux-gnu/5/../../../x86_64-linux-gnu/crti.o
 *(.rela.tdata .rela.tdata.* .rela.gnu.linkonce.td.*)
 *(.rela.tbss .rela.tbss.* .rela.gnu.linkonce.tb.*)
 *(.rela.ctors)
 *(.rela.dtors)
 *(.rela.got)
 .rela.got      0x0000000000001dd8       0xa8 /usr/lib/gcc/x86_64-linux-gnu/5/../../../x86_64-linux-gnu/crti.o
 *(.rela.bss .rela.bss.* .rela.gnu.linkonce.b.*)
 *(.rela.ldata .rela.ldata.* .rela.gnu.linkonce.l.*)
 *(.rela.lbss .rela.lbss.* .rela.gnu.linkonce.lb.*)
 *(.rela.lrodata .rela.lrodata.* .rela.gnu.linkonce.lr.*)
 *(.rela.ifunc)
 .rela.ifunc    0x0000000000001e80        0x0 /usr/lib/gcc/x86_64-linux-gnu/5/../../../x86_64-linux-gnu/crti.o
 .rela.fini_array
                0x0000000000001e80       0x18 /usr/lib/gcc/x86_64-linux-gnu/5/../../../x86_64-linux-gnu/crti.o
 .rela.init_array
                0x0000000000001e98       0x18 /usr/lib/gcc/x86_64-linux-gnu/5/../../../x86_64-linux-gnu/crti.o

.rela.plt       0x0000000000001eb0      0x690
 *(.rela.plt)
 .rela.plt      0x0000000000001eb0      0x690 /usr/lib/gcc/x86_64-linux-gnu/5/../../../x86_64-linux-gnu/crti.o
 *(.rela.iplt)

.init           0x0000000000002540       0x1a
 *(SORT(.init))
 .init          0x0000000000002540       0x15 /usr/lib/gcc/x86_64-linux-gnu/5/../../../x86_64-linux-gnu/crti.o
                0x0000000000002540                _init
 .init          0x0000000000002555        0x5 /usr/lib/gcc/x86_64-linux-gnu/5/../../../x86_64-linux-gnu/crtn.o

.plt            0x0000000000002560      0x470
 *(.plt)
 .plt           0x0000000000002560      0x470 /usr/lib/gcc/x86_64-linux-gnu/5/../../../x86_64-linux-gnu/crti.o
 *(.iplt)

.plt.bnd
 *(.plt.bnd)

.text           0x00000000000029d0     0xc938
 *(.text.unlikely .text.*_unlikely .text.unlikely.*)
 *(.text.exit .text.exit.*)
 *(.text.startup .text.startup.*)
 *(.text.hot .text.hot.*)
 *(.text .stub .text.* .gnu.linkonce.t.*)
 .text          0x00000000000029d0      0x100 /usr/lib/gcc/x86_64-linux-gnu/5/crtbeginS.o
 .text.ARSTREAM_Buffers_InitStreamDataBuffer
                0x0000000000002ad0       0x4c /home/jake/Documents/parrot/out/Unix-base/build/libARStream/obj/Sources/ARSTREAM_Buffers.c.o
                0x0000000000002ad0                ARSTREAM_Buffers_InitStreamDataBuffer
 *fill*         0x0000000000002b1c        0x4 
 .text.ARSTREAM_Buffers_InitStreamAckBuffer
                0x0000000000002b20       0x42 /home/jake/Documents/parrot/out/Unix-base/build/libARStream/obj/Sources/ARSTREAM_Buffers.c.o
                0x0000000000002b20                ARSTREAM_Buffers_InitStreamAckBuffer
 *fill*         0x0000000000002b62        0xe 
 .text.ARSTREAM_NetworkHeaders_HammingWeight32
                0x0000000000002b70       0x33 /home/jake/Documents/parrot/out/Unix-base/build/libARStream/obj/Sources/ARSTREAM_NetworkHeaders.c.o
                0x0000000000002b70                ARSTREAM_NetworkHeaders_HammingWeight32
 *fill*         0x0000000000002ba3        0xd 
 .text.ARSTREAM_NetworkHeaders_AckPacketAllFlagsSet
                0x0000000000002bb0       0x5f /home/jake/Documents/parrot/out/Unix-base/build/libARStream/obj/Sources/ARSTREAM_NetworkHeaders.c.o
                0x0000000000002bb0                ARSTREAM_NetworkHeaders_AckPacketAllFlagsSet
 *fill*         0x0000000000002c0f        0x1 
 .text.ARSTREAM_NetworkHeaders_AckPacketFlagIsSet
                0x0000000000002c10       0x3d /home/jake/Documents/parrot/out/Unix-base/build/libARStream/obj/Sources/ARSTREAM_NetworkHeaders.c.o
                0x0000000000002c10                ARSTREAM_NetworkHeaders_AckPacketFlagIsSet
 *fill*         0x0000000000002c4d        0x3 
 .text.ARSTREAM_NetworkHeaders_AckPacketReset
                0x0000000000002c50       0x11 /home/jake/Documents/parrot/out/Unix-base/build/libARStream/obj/Sources/ARSTREAM_NetworkHeaders.c.o
                0x0000000000002c50                ARSTREAM_NetworkHeaders_AckPacketReset
 *fill*         0x0000000000002c61        0xf 
 .text.ARSTREAM_NetworkHeaders_AckPacketResetUpTo
                0x0000000000002c70       0x55 /home/jake/Documents/parrot/out/Unix-base/build/libARStream/obj/Sources/ARSTREAM_NetworkHeaders.c.o
                0x0000000000002c70                ARSTREAM_NetworkHeaders_AckPacketResetUpTo
 *fill*         0x0000000000002cc5        0xb 
 .text.ARSTREAM_NetworkHeaders_AckPacketSetFlag
                0x0000000000002cd0       0x2f /home/jake/Documents/parrot/out/Unix-base/build/libARStream/obj/Sources/ARSTREAM_NetworkHeaders.c.o
                0x0000000000002cd0                ARSTREAM_NetworkHeaders_AckPacketSetFlag
 *fill*         0x0000000000002cff        0x1 
 .text.ARSTREAM_NetworkHeaders_AckPacketSetFlags
                0x0000000000002d00       0x11 /home/jake/Documents/parrot/out/Unix-base/build/libARStream/obj/Sources/ARSTREAM_NetworkHeaders.c.o
                0x0000000000002d00                ARSTREAM_NetworkHeaders_AckPacketSetFlags
 *fill*         0x0000000000002d11        0xf 
 .text.ARSTREAM_NetworkHeaders_AckPacketUnsetFlag
                0x0000000000002d20       0x4e /home/jake/Documents/parrot/out/Unix-base/build/libARStream/obj/Sources/ARSTREAM_NetworkHeaders.c.o
                0x0000000000002d20                ARSTREAM_NetworkHeaders_AckPacketUnsetFlag
 *fill*         0x0000000000002d6e        0x2 
 .text.ARSTREAM_NetworkHeaders_AckPacketUnsetFlags
                0x0000000000002d70       0x2f /home/jake/Documents/parrot/out/Unix-base/build/libARStream/obj/Sources/ARSTREAM_NetworkHeaders.c.o
                0x0000000000002d70                ARSTREAM_NetworkHeaders_AckPacketUnsetFlags
 *fill*         0x0000000000002d9f        0x1 
 .text.ARSTREAM_NetworkHeaders_AckPacketCountSet
                0x0000000000002da0       0xb5 /home/jake/Documents/parrot/out/Unix-base/build/libARStream/obj/Sources/ARSTREAM_NetworkHeaders.c.o
                0x0000000000002da0                ARSTREAM_NetworkHeaders_AckPacketCountSet
 *fill*         0x0000000000002e55        0xb 
 .text.ARSTREAM_NetworkHeaders_AckPacketCountNotSet
                0x0000000000002e60      0x11b /home/jake/Documents/parrot/out/Unix-base/build/libARStream/obj/Sources/ARSTREAM_NetworkHeaders.c.o
                0x0000000000002e60                ARSTREAM_NetworkHeaders_AckPacketCountNotSet
 *fill*         0x0000000000002f7b        0x5 
 .text.ARSTREAM_NetworkHeaders_InternalAckPacketDump
                0x0000000000002f80      0x271 /home/jake/Documents/parrot/out/Unix-base/build/libARStream/obj/Sources/ARSTREAM_NetworkHeaders.c.o
                0x0000000000002f80                ARSTREAM_NetworkHeaders_InternalAckPacketDump
 *fill*         0x00000000000031f1        0xf 
 .text.ARSTREAM_NetworkHeaders_AckPacketDump
                0x0000000000003200        0xa /home/jake/Documents/parrot/out/Unix-base/build/libARStream/obj/Sources/ARSTREAM_NetworkHeaders.c.o
                0x0000000000003200                ARSTREAM_NetworkHeaders_AckPacketDump
 *fill*         0x000000000000320a        0x6 
 .text.ARSTREAM_Reader_NetworkCallback
                0x0000000000003210        0x3 /home/jake/Documents/parrot/out/Unix-base/build/libARStream/obj/Sources/ARSTREAM_Reader.c.o
                0x0000000000003210                ARSTREAM_Reader_NetworkCallback
 *fill*         0x0000000000003213        0xd 
 .text.ARSTREAM_Reader_InitStreamDataBuffer
                0x0000000000003220        0xf /home/jake/Documents/parrot/out/Unix-base/build/libARStream/obj/Sources/ARSTREAM_Reader.c.o
                0x0000000000003220                ARSTREAM_Reader_InitStreamDataBuffer
 *fill*         0x000000000000322f        0x1 
 .text.ARSTREAM_Reader_InitStreamAckBuffer
                0x0000000000003230        0x5 /home/jake/Documents/parrot/out/Unix-base/build/libARStream/obj/Sources/ARSTREAM_Reader.c.o
                0x0000000000003230                ARSTREAM_Reader_InitStreamAckBuffer
 *fill*         0x0000000000003235        0xb 
 .text.ARSTREAM_Reader_New
                0x0000000000003240      0x1e2 /home/jake/Documents/parrot/out/Unix-base/build/libARStream/obj/Sources/ARSTREAM_Reader.c.o
                0x0000000000003240                ARSTREAM_Reader_New
 *fill*         0x0000000000003422        0xe 
 .text.ARSTREAM_Reader_StopReader
                0x0000000000003430       0x44 /home/jake/Documents/parrot/out/Unix-base/build/libARStream/obj/Sources/ARSTREAM_Reader.c.o
                0x0000000000003430                ARSTREAM_Reader_StopReader
 *fill*         0x0000000000003474        0xc 
 .text.ARSTREAM_Reader_Delete
                0x0000000000003480      0x12c /home/jake/Documents/parrot/out/Unix-base/build/libARStream/obj/Sources/ARSTREAM_Reader.c.o
                0x0000000000003480                ARSTREAM_Reader_Delete
 *fill*         0x00000000000035ac        0x4 
 .text.ARSTREAM_Reader_RunDataThread
                0x00000000000035b0      0x7ca /home/jake/Documents/parrot/out/Unix-base/build/libARStream/obj/Sources/ARSTREAM_Reader.c.o
                0x00000000000035b0                ARSTREAM_Reader_RunDataThread
 *fill*         0x0000000000003d7a        0x6 
 .text.ARSTREAM_Reader_RunAckThread
                0x0000000000003d80      0x279 /home/jake/Documents/parrot/out/Unix-base/build/libARStream/obj/Sources/ARSTREAM_Reader.c.o
                0x0000000000003d80                ARSTREAM_Reader_RunAckThread
 *fill*         0x0000000000003ff9        0x7 
 .text.ARSTREAM_Reader_GetEstimatedEfficiency
                0x0000000000004000      0x132 /home/jake/Documents/parrot/out/Unix-base/build/libARStream/obj/Sources/ARSTREAM_Reader.c.o
                0x0000000000004000                ARSTREAM_Reader_GetEstimatedEfficiency
 *fill*         0x0000000000004132        0xe 
 .text.ARSTREAM_Reader_GetCustom
                0x0000000000004140       0x13 /home/jake/Documents/parrot/out/Unix-base/build/libARStream/obj/Sources/ARSTREAM_Reader.c.o
                0x0000000000004140                ARSTREAM_Reader_GetCustom
 *fill*         0x0000000000004153        0xd 
 .text.ARSTREAM_Reader2_CheckBufferSize
                0x0000000000004160       0xe9 /home/jake/Documents/parrot/out/Unix-base/build/libARStream/obj/Sources/ARSTREAM_Reader2.c.o
 *fill*         0x0000000000004249        0x7 
 .text.ARSTREAM_Reader2_ResendNalu
                0x0000000000004250      0x5dc /home/jake/Documents/parrot/out/Unix-base/build/libARStream/obj/Sources/ARSTREAM_Reader2.c.o
 *fill*         0x000000000000482c        0x4 
 .text.ARSTREAM_Reader2_OutputNalu
                0x0000000000004830       0xa6 /home/jake/Documents/parrot/out/Unix-base/build/libARStream/obj/Sources/ARSTREAM_Reader2.c.o
 *fill*         0x00000000000048d6        0xa 
 .text.ARSTREAM_Reader2_Resender_NaluCallback
                0x00000000000048e0       0x42 /home/jake/Documents/parrot/out/Unix-base/build/libARStream/obj/Sources/ARSTREAM_Reader2.c.o
 *fill*         0x0000000000004922        0xe 
 .text.ARSTREAM_Reader2_New
                0x0000000000004930      0x779 /home/jake/Documents/parrot/out/Unix-base/build/libARStream/obj/Sources/ARSTREAM_Reader2.c.o
                0x0000000000004930                ARSTREAM_Reader2_New
 *fill*         0x00000000000050a9        0x7 
 .text.ARSTREAM_Reader2_InvalidateNaluBuffer
                0x00000000000050b0      0x17e /home/jake/Documents/parrot/out/Unix-base/build/libARStream/obj/Sources/ARSTREAM_Reader2.c.o
                0x00000000000050b0                ARSTREAM_Reader2_InvalidateNaluBuffer
 *fill*         0x000000000000522e        0x2 
 .text.ARSTREAM_Reader2_StopReader
                0x0000000000005230      0x149 /home/jake/Documents/parrot/out/Unix-base/build/libARStream/obj/Sources/ARSTREAM_Reader2.c.o
                0x0000000000005230                ARSTREAM_Reader2_StopReader
 *fill*         0x0000000000005379        0x7 
 .text.ARSTREAM_Reader2_Delete
                0x0000000000005380      0x453 /home/jake/Documents/parrot/out/Unix-base/build/libARStream/obj/Sources/ARSTREAM_Reader2.c.o
                0x0000000000005380                ARSTREAM_Reader2_Delete
 *fill*         0x00000000000057d3        0xd 
 .text.ARSTREAM_Reader2_RunStreamThread
                0x00000000000057e0     0x1d85 /home/jake/Documents/parrot/out/Unix-base/build/libARStream/obj/Sources/ARSTREAM_Reader2.c.o
                0x00000000000057e0                ARSTREAM_Reader2_RunStreamThread
 *fill*         0x0000000000007565        0xb 
 .text.ARSTREAM_Reader2_RunControlThread
                0x0000000000007570      0xcc0 /home/jake/Documents/parrot/out/Unix-base/build/libARStream/obj/Sources/ARSTREAM_Reader2.c.o
                0x0000000000007570                ARSTREAM_Reader2_RunControlThread
 .text.ARSTREAM_Reader2_GetNaluCallbackUserPtr
                0x0000000000008230       0x13 /home/jake/Documents/parrot/out/Unix-base/build/libARStream/obj/Sources/ARSTREAM_Reader2.c.o
                0x0000000000008230                ARSTREAM_Reader2_GetNaluCallbackUserPtr
 *fill*         0x0000000000008243        0xd 
 .text.ARSTREAM_Reader2_GetMonitoring
                0x0000000000008250      0x505 /home/jake/Documents/parrot/out/Unix-base/build/libARStream/obj/Sources/ARSTREAM_Reader2.c.o
                0x0000000000008250                ARSTREAM_Reader2_GetMonitoring
 *fill*         0x0000000000008755        0xb 
 .text.ARSTREAM_Reader2_Resender_New
                0x0000000000008760      0x1e4 /home/jake/Documents/parrot/out/Unix-base/build/libARStream/obj/Sources/ARSTREAM_Reader2.c.o
                0x0000000000008760                ARSTREAM_Reader2_Resender_New
 *fill*         0x0000000000008944        0xc 
 .text.ARSTREAM_Reader2_Resender_Stop
                0x0000000000008950       0x42 /home/jake/Documents/parrot/out/Unix-base/build/libARStream/obj/Sources/ARSTREAM_Reader2.c.o
                0x0000000000008950                ARSTREAM_Reader2_Resender_Stop
 *fill*         0x0000000000008992        0xe 
 .text.ARSTREAM_Reader2_Resender_Delete
                0x00000000000089a0      0x36e /home/jake/Documents/parrot/out/Unix-base/build/libARStream/obj/Sources/ARSTREAM_Reader2.c.o
                0x00000000000089a0                ARSTREAM_Reader2_Resender_Delete
 *fill*         0x0000000000008d0e        0x2 
 .text.ARSTREAM_Reader2_Resender_RunStreamThread
                0x0000000000008d10       0x13 /home/jake/Documents/parrot/out/Unix-base/build/libARStream/obj/Sources/ARSTREAM_Reader2.c.o
                0x0000000000008d10                ARSTREAM_Reader2_Resender_RunStreamThread
 *fill*         0x0000000000008d23        0xd 
 .text.ARSTREAM_Reader2_Resender_RunControlThread
                0x0000000000008d30       0x13 /home/jake/Documents/parrot/out/Unix-base/build/libARStream/obj/Sources/ARSTREAM_Reader2.c.o
                0x0000000000008d30                ARSTREAM_Reader2_Resender_RunControlThread
 *fill*         0x0000000000008d43        0xd 
 .text.ARSTREAM_Sender_NetworkCallback
                0x0000000000008d50      0x238 /home/jake/Documents/parrot/out/Unix-base/build/libARStream/obj/Sources/ARSTREAM_Sender.c.o
                0x0000000000008d50                ARSTREAM_Sender_NetworkCallback
 *fill*         0x0000000000008f88        0x8 
 .text.ARSTREAM_Sender_FlushQueue
                0x0000000000008f90       0x6d /home/jake/Documents/parrot/out/Unix-base/build/libARStream/obj/Sources/ARSTREAM_Sender.c.o
 *fill*         0x0000000000008ffd        0x3 
 .text.ARSTREAM_Sender_AddToQueue
                0x0000000000009000       0xe8 /home/jake/Documents/parrot/out/Unix-base/build/libARStream/obj/Sources/ARSTREAM_Sender.c.o
 *fill*         0x00000000000090e8        0x8 
 .text.ARSTREAM_Sender_InitStreamDataBuffer
                0x00000000000090f0        0xf /home/jake/Documents/parrot/out/Unix-base/build/libARStream/obj/Sources/ARSTREAM_Sender.c.o
                0x00000000000090f0                ARSTREAM_Sender_InitStreamDataBuffer
 *fill*         0x00000000000090ff        0x1 
 .text.ARSTREAM_Sender_InitStreamAckBuffer
                0x0000000000009100        0x5 /home/jake/Documents/parrot/out/Unix-base/build/libARStream/obj/Sources/ARSTREAM_Sender.c.o
                0x0000000000009100                ARSTREAM_Sender_InitStreamAckBuffer
 *fill*         0x0000000000009105        0xb 
 .text.ARSTREAM_Sender_New
                0x0000000000009110      0x383 /home/jake/Documents/parrot/out/Unix-base/build/libARStream/obj/Sources/ARSTREAM_Sender.c.o
                0x0000000000009110                ARSTREAM_Sender_New
 *fill*         0x0000000000009493        0xd 
 .text.ARSTREAM_Sender_SetTimeBetweenRetries
                0x00000000000094a0       0x26 /home/jake/Documents/parrot/out/Unix-base/build/libARStream/obj/Sources/ARSTREAM_Sender.c.o
                0x00000000000094a0                ARSTREAM_Sender_SetTimeBetweenRetries
 *fill*         0x00000000000094c6        0xa 
 .text.ARSTREAM_Sender_StopSender
                0x00000000000094d0       0x1d /home/jake/Documents/parrot/out/Unix-base/build/libARStream/obj/Sources/ARSTREAM_Sender.c.o
                0x00000000000094d0                ARSTREAM_Sender_StopSender
 *fill*         0x00000000000094ed        0x3 
 .text.ARSTREAM_Sender_Delete
                0x00000000000094f0      0x17f /home/jake/Documents/parrot/out/Unix-base/build/libARStream/obj/Sources/ARSTREAM_Sender.c.o
                0x00000000000094f0                ARSTREAM_Sender_Delete
 *fill*         0x000000000000966f        0x1 
 .text.ARSTREAM_Sender_SendNewFrame
                0x0000000000009670       0x74 /home/jake/Documents/parrot/out/Unix-base/build/libARStream/obj/Sources/ARSTREAM_Sender.c.o
                0x0000000000009670                ARSTREAM_Sender_SendNewFrame
 *fill*         0x00000000000096e4        0xc 
 .text.ARSTREAM_Sender_FlushFramesQueue
                0x00000000000096f0       0x46 /home/jake/Documents/parrot/out/Unix-base/build/libARStream/obj/Sources/ARSTREAM_Sender.c.o
                0x00000000000096f0                ARSTREAM_Sender_FlushFramesQueue
 *fill*         0x0000000000009736        0xa 
 .text.ARSTREAM_Sender_RunDataThread
                0x0000000000009740      0x936 /home/jake/Documents/parrot/out/Unix-base/build/libARStream/obj/Sources/ARSTREAM_Sender.c.o
                0x0000000000009740                ARSTREAM_Sender_RunDataThread
 *fill*         0x000000000000a076        0xa 
 .text.ARSTREAM_Sender_RunAckThread
                0x000000000000a080      0x417 /home/jake/Documents/parrot/out/Unix-base/build/libARStream/obj/Sources/ARSTREAM_Sender.c.o
                0x000000000000a080                ARSTREAM_Sender_RunAckThread
 *fill*         0x000000000000a497        0x9 
 .text.ARSTREAM_Sender_GetEstimatedEfficiency
                0x000000000000a4a0      0x14a /home/jake/Documents/parrot/out/Unix-base/build/libARStream/obj/Sources/ARSTREAM_Sender.c.o
                0x000000000000a4a0                ARSTREAM_Sender_GetEstimatedEfficiency
 *fill*         0x000000000000a5ea        0x6 
 .text.ARSTREAM_Sender_GetCustom
                0x000000000000a5f0       0x13 /home/jake/Documents/parrot/out/Unix-base/build/libARStream/obj/Sources/ARSTREAM_Sender.c.o
                0x000000000000a5f0                ARSTREAM_Sender_GetCustom
 *fill*         0x000000000000a603        0xd 
 .text.ARSTREAM_Sender2_UpdateMonitoring
                0x000000000000a610      0x19a /home/jake/Documents/parrot/out/Unix-base/build/libARStream/obj/Sources/ARSTREAM_Sender2.c.o
 *fill*         0x000000000000a7aa        0x6 
 .text.ARSTREAM_Sender2_DequeueNalu
                0x000000000000a7b0      0x12f /home/jake/Documents/parrot/out/Unix-base/build/libARStream/obj/Sources/ARSTREAM_Sender2.c.o
 *fill*         0x000000000000a8df        0x1 
 .text.ARSTREAM_Sender2_SendData
                0x000000000000a8e0      0xd22 /home/jake/Documents/parrot/out/Unix-base/build/libARStream/obj/Sources/ARSTREAM_Sender2.c.o
 *fill*         0x000000000000b602        0xe 
 .text.ARSTREAM_Sender2_FlushNaluFifo.part.0
                0x000000000000b610       0xd2 /home/jake/Documents/parrot/out/Unix-base/build/libARStream/obj/Sources/ARSTREAM_Sender2.c.o
 *fill*         0x000000000000b6e2        0xe 
 .text.ARSTREAM_Sender2_New
                0x000000000000b6f0      0x76c /home/jake/Documents/parrot/out/Unix-base/build/libARStream/obj/Sources/ARSTREAM_Sender2.c.o
                0x000000000000b6f0                ARSTREAM_Sender2_New
 *fill*         0x000000000000be5c        0x4 
 .text.ARSTREAM_Sender2_StopSender
                0x000000000000be60       0x42 /home/jake/Documents/parrot/out/Unix-base/build/libARStream/obj/Sources/ARSTREAM_Sender2.c.o
                0x000000000000be60                ARSTREAM_Sender2_StopSender
 *fill*         0x000000000000bea2        0xe 
 .text.ARSTREAM_Sender2_Delete
                0x000000000000beb0      0x1ff /home/jake/Documents/parrot/out/Unix-base/build/libARStream/obj/Sources/ARSTREAM_Sender2.c.o
                0x000000000000beb0                ARSTREAM_Sender2_Delete
 *fill*         0x000000000000c0af        0x1 
 .text.ARSTREAM_Sender2_SendNewNalu
                0x000000000000c0b0      0x1ee /home/jake/Documents/parrot/out/Unix-base/build/libARStream/obj/Sources/ARSTREAM_Sender2.c.o
                0x000000000000c0b0                ARSTREAM_Sender2_SendNewNalu
 *fill*         0x000000000000c29e        0x2 
 .text.ARSTREAM_Sender2_SendNNewNalu
                0x000000000000c2a0      0x29d /home/jake/Documents/parrot/out/Unix-base/build/libARStream/obj/Sources/ARSTREAM_Sender2.c.o
                0x000000000000c2a0                ARSTREAM_Sender2_SendNNewNalu
 *fill*         0x000000000000c53d        0x3 
 .text.ARSTREAM_Sender2_FlushNaluQueue
                0x000000000000c540       0x26 /home/jake/Documents/parrot/out/Unix-base/build/libARStream/obj/Sources/ARSTREAM_Sender2.c.o
                0x000000000000c540                ARSTREAM_Sender2_FlushNaluQueue
 *fill*         0x000000000000c566        0xa 
 .text.ARSTREAM_Sender2_RunStreamThread
                0x000000000000c570     0x1a82 /home/jake/Documents/parrot/out/Unix-base/build/libARStream/obj/Sources/ARSTREAM_Sender2.c.o
                0x000000000000c570                ARSTREAM_Sender2_RunStreamThread
 *fill*         0x000000000000dff2        0xe 
 .text.ARSTREAM_Sender2_RunControlThread
                0x000000000000e000      0xba9 /home/jake/Documents/parrot/out/Unix-base/build/libARStream/obj/Sources/ARSTREAM_Sender2.c.o
                0x000000000000e000                ARSTREAM_Sender2_RunControlThread
 *fill*         0x000000000000eba9        0x7 
 .text.ARSTREAM_Sender2_GetAuCallbackUserPtr
                0x000000000000ebb0       0x13 /home/jake/Documents/parrot/out/Unix-base/build/libARStream/obj/Sources/ARSTREAM_Sender2.c.o
                0x000000000000ebb0                ARSTREAM_Sender2_GetAuCallbackUserPtr
 *fill*         0x000000000000ebc3        0xd 
 .text.ARSTREAM_Sender2_GetNaluCallbackUserPtr
                0x000000000000ebd0       0x13 /home/jake/Documents/parrot/out/Unix-base/build/libARStream/obj/Sources/ARSTREAM_Sender2.c.o
                0x000000000000ebd0                ARSTREAM_Sender2_GetNaluCallbackUserPtr
 *fill*         0x000000000000ebe3        0xd 
 .text.ARSTREAM_Sender2_GetMonitoring
                0x000000000000ebf0      0x69f /home/jake/Documents/parrot/out/Unix-base/build/libARStream/obj/Sources/ARSTREAM_Sender2.c.o
                0x000000000000ebf0                ARSTREAM_Sender2_GetMonitoring
 *fill*         0x000000000000f28f        0x1 
 .text.ARSTREAM_Error_ToString
                0x000000000000f290       0x78 /home/jake/Documents/parrot/out/Unix-base/build/libARStream/obj/gen/Sources/ARSTREAM_Error.c.o
                0x000000000000f290                ARSTREAM_Error_ToString
 *(.gnu.warning)

.fini           0x000000000000f308        0x9
 *(SORT(.fini))
 .fini          0x000000000000f308        0x4 /usr/lib/gcc/x86_64-linux-gnu/5/../../../x86_64-linux-gnu/crti.o
                0x000000000000f308                _fini
 .fini          0x000000000000f30c        0x5 /usr/lib/gcc/x86_64-linux-gnu/5/../../../x86_64-linux-gnu/crtn.o
                [!provide]                        PROVIDE (__etext, .)
                [!provide]                        PROVIDE (_etext, .)
                [!provide]                        PROVIDE (etext, .)

.rodata         0x000000000000f320     0x24f0
 *(.rodata .rodata.* .gnu.linkonce.r.*)
 .rodata.str1.1
                0x000000000000f320       0x21 /home/jake/Documents/parrot/out/Unix-base/build/libARStream/obj/Sources/ARSTREAM_NetworkHeaders.c.o
 *fill*         0x000000000000f341        0x7 
 .rodata.str1.8
                0x000000000000f348       0xd3 /home/jake/Documents/parrot/out/Unix-base/build/libARStream/obj/Sources/ARSTREAM_NetworkHeaders.c.o
 *fill*         0x000000000000f41b        0x5 
 .rodata        0x000000000000f420       0x2e /home/jake/Documents/parrot/out/Unix-base/build/libARStream/obj/Sources/ARSTREAM_NetworkHeaders.c.o
 .rodata.str1.1
                0x000000000000f44e       0x10 /home/jake/Documents/parrot/out/Unix-base/build/libARStream/obj/Sources/ARSTREAM_Reader.c.o
                                         0x19 (size before relaxing)
 *fill*         0x000000000000f45e        0x2 
 .rodata.str1.8
                0x000000000000f460      0x26f /home/jake/Documents/parrot/out/Unix-base/build/libARStream/obj/Sources/ARSTREAM_Reader.c.o
 *fill*         0x000000000000f6cf       0x11 
 .rodata        0x000000000000f6e0       0x87 /home/jake/Documents/parrot/out/Unix-base/build/libARStream/obj/Sources/ARSTREAM_Reader.c.o
 *fill*         0x000000000000f767        0x1 
 .rodata.cst4   0x000000000000f768        0x8 /home/jake/Documents/parrot/out/Unix-base/build/libARStream/obj/Sources/ARSTREAM_Reader.c.o
 .rodata.str1.1
                0x000000000000f770       0x6f /home/jake/Documents/parrot/out/Unix-base/build/libARStream/obj/Sources/ARSTREAM_Reader2.c.o
                                         0x78 (size before relaxing)
 *fill*         0x000000000000f7df        0x1 
 .rodata.str1.8
                0x000000000000f7e0      0xe74 /home/jake/Documents/parrot/out/Unix-base/build/libARStream/obj/Sources/ARSTREAM_Reader2.c.o
 *fill*         0x0000000000010654        0xc 
 .rodata        0x0000000000010660      0x285 /home/jake/Documents/parrot/out/Unix-base/build/libARStream/obj/Sources/ARSTREAM_Reader2.c.o
 .rodata.str1.1
                0x00000000000108e5       0x10 /home/jake/Documents/parrot/out/Unix-base/build/libARStream/obj/Sources/ARSTREAM_Sender.c.o
                                         0x19 (size before relaxing)
 *fill*         0x00000000000108f5        0x3 
 .rodata.str1.8
                0x00000000000108f8      0x2ec /home/jake/Documents/parrot/out/Unix-base/build/libARStream/obj/Sources/ARSTREAM_Sender.c.o
                                        0x3b7 (size before relaxing)
 *fill*         0x0000000000010be4       0x1c 
 .rodata        0x0000000000010c00       0xc0 /home/jake/Documents/parrot/out/Unix-base/build/libARStream/obj/Sources/ARSTREAM_Sender.c.o
 .rodata.cst4   0x0000000000010cc0        0x8 /home/jake/Documents/parrot/out/Unix-base/build/libARStream/obj/Sources/ARSTREAM_Sender.c.o
 .rodata.str1.1
                0x0000000000010cc0       0x39 /home/jake/Documents/parrot/out/Unix-base/build/libARStream/obj/Sources/ARSTREAM_Sender2.c.o
                                         0x78 (size before relaxing)
 *fill*         0x0000000000010cf9        0x7 
 .rodata.str1.8
                0x0000000000010d00      0x8a1 /home/jake/Documents/parrot/out/Unix-base/build/libARStream/obj/Sources/ARSTREAM_Sender2.c.o
                                        0xd09 (size before relaxing)
 *fill*         0x00000000000115a1       0x1f 
 .rodata        0x00000000000115c0      0x185 /home/jake/Documents/parrot/out/Unix-base/build/libARStream/obj/Sources/ARSTREAM_Sender2.c.o
 *fill*         0x0000000000011745        0x3 
 .rodata.cst8   0x0000000000011748        0x8 /home/jake/Documents/parrot/out/Unix-base/build/libARStream/obj/Sources/ARSTREAM_Sender2.c.o
 .rodata.str1.1
                0x0000000000011750       0x52 /home/jake/Documents/parrot/out/Unix-base/build/libARStream/obj/gen/Sources/ARSTREAM_Error.c.o
 *fill*         0x00000000000117a2        0x6 
 .rodata.str1.8
                0x00000000000117a8       0x50 /home/jake/Documents/parrot/out/Unix-base/build/libARStream/obj/gen/Sources/ARSTREAM_Error.c.o
                                         0x4a (size before relaxing)
 .rodata        0x00000000000117f8       0x18 /home/jake/Documents/parrot/out/Unix-base/build/libARStream/obj/gen/Sources/ARSTREAM_Error.c.o

.rodata1
 *(.rodata1)

.eh_frame_hdr   0x0000000000011810      0x25c
 *(.eh_frame_hdr)
 .eh_frame_hdr  0x0000000000011810      0x25c /home/jake/Documents/parrot/out/Unix-base/build/libARStream/obj/Sources/ARSTREAM_Buffers.c.o

.eh_frame       0x0000000000011a70     0x1a2c
 *(.eh_frame)
 .eh_frame      0x0000000000011a70       0x40 /usr/lib/gcc/x86_64-linux-gnu/5/../../../x86_64-linux-gnu/crti.o
 .eh_frame      0x0000000000011ab0       0x70 /home/jake/Documents/parrot/out/Unix-base/build/libARStream/obj/Sources/ARSTREAM_Buffers.c.o
                                         0x88 (size before relaxing)
 .eh_frame      0x0000000000011b20      0x238 /home/jake/Documents/parrot/out/Unix-base/build/libARStream/obj/Sources/ARSTREAM_NetworkHeaders.c.o
                                        0x220 (size before relaxing)
 .eh_frame      0x0000000000011d58      0x310 /home/jake/Documents/parrot/out/Unix-base/build/libARStream/obj/Sources/ARSTREAM_Reader.c.o
                                        0x308 (size before relaxing)
 .eh_frame      0x0000000000012068      0x8e8 /home/jake/Documents/parrot/out/Unix-base/build/libARStream/obj/Sources/ARSTREAM_Reader2.c.o
                                        0x8d0 (size before relaxing)
 .eh_frame      0x0000000000012950      0x440 /home/jake/Documents/parrot/out/Unix-base/build/libARStream/obj/Sources/ARSTREAM_Sender.c.o
                                        0x428 (size before relaxing)
 .eh_frame      0x0000000000012d90      0x6f0 /home/jake/Documents/parrot/out/Unix-base/build/libARStream/obj/Sources/ARSTREAM_Sender2.c.o
                                        0x6e0 (size before relaxing)
 .eh_frame      0x0000000000013480       0x18 /home/jake/Documents/parrot/out/Unix-base/build/libARStream/obj/gen/Sources/ARSTREAM_Error.c.o
                                         0x30 (size before relaxing)
 .eh_frame      0x0000000000013498        0x4 /usr/lib/gcc/x86_64-linux-gnu/5/crtendS.o

.gcc_except_table
 *(.gcc_except_table .gcc_except_table.*)

.exception_ranges
 *(.exception_ranges .exception_ranges*)
                0x000000000001349c                . = (ALIGN (0x200000) - ((0x200000 - .) & 0x1fffff))
                0x0000000000213da0                . = DATA_SEGMENT_ALIGN (0x200000, 0x1000)

.eh_frame
 *(.eh_frame)

.gcc_except_table
 *(.gcc_except_table .gcc_except_table.*)

.exception_ranges
 *(.exception_ranges .exception_ranges*)

.tdata
 *(.tdata .tdata.* .gnu.linkonce.td.*)

.tbss
 *(.tbss .tbss.* .gnu.linkonce.tb.*)
 *(.tcommon)

.preinit_array
 *(.preinit_array)

.init_array     0x0000000000213da0        0x8
 *(SORT(.init_array.*) SORT(.ctors.*))
 *(.init_array EXCLUDE_FILE(*crtend?.o *crtend.o *crtbegin?.o *crtbegin.o) .ctors)
 .init_array    0x0000000000213da0        0x8 /usr/lib/gcc/x86_64-linux-gnu/5/crtbeginS.o

.fini_array     0x0000000000213da8        0x8
 *(SORT(.fini_array.*) SORT(.dtors.*))
 *(.fini_array EXCLUDE_FILE(*crtend?.o *crtend.o *crtbegin?.o *crtbegin.o) .dtors)
 .fini_array    0x0000000000213da8        0x8 /usr/lib/gcc/x86_64-linux-gnu/5/crtbeginS.o

.ctors
 *crtbegin.o(.ctors)
 *crtbegin?.o(.ctors)
 *(EXCLUDE_FILE(*crtend?.o *crtend.o) .ctors)
 *(SORT(.ctors.*))
 *(.ctors)

.dtors
 *crtbegin.o(.dtors)
 *crtbegin?.o(.dtors)
 *(EXCLUDE_FILE(*crtend?.o *crtend.o) .dtors)
 *(SORT(.dtors.*))
 *(.dtors)

.jcr            0x0000000000213db0        0x8
 *(.jcr)
 .jcr           0x0000000000213db0        0x0 /usr/lib/gcc/x86_64-linux-gnu/5/crtbeginS.o
 .jcr           0x0000000000213db0        0x8 /usr/lib/gcc/x86_64-linux-gnu/5/crtendS.o

.data.rel.ro
 *(.data.rel.ro.local* .gnu.linkonce.d.rel.ro.local.*)
 *(.data.rel.ro .data.rel.ro.* .gnu.linkonce.d.rel.ro.*)

.dynamic        0x0000000000213db8      0x210
 *(.dynamic)
 .dynamic       0x0000000000213db8      0x210 /usr/lib/gcc/x86_64-linux-gnu/5/../../../x86_64-linux-gnu/crti.o
                0x0000000000213db8                _DYNAMIC

.got            0x0000000000213fc8       0x38
 *(.got)
 .got           0x0000000000213fc8       0x38 /usr/lib/gcc/x86_64-linux-gnu/5/../../../x86_64-linux-gnu/crti.o
 *(.igot)
                0x0000000000214fe8                . = DATA_SEGMENT_RELRO_END (., (SIZEOF (.got.plt) >= 0x18)?0x18:0x0)

.got.plt        0x0000000000214000      0x248
 *(.got.plt)
 .got.plt       0x0000000000214000      0x248 /usr/lib/gcc/x86_64-linux-gnu/5/../../../x86_64-linux-gnu/crti.o
                0x0000000000214000                _GLOBAL_OFFSET_TABLE_
 *(.igot.plt)

.data           0x0000000000214248        0x8
 *(.data .data.* .gnu.linkonce.d.*)
 .data.rel.local
                0x0000000000214248        0x8 /usr/lib/gcc/x86_64-linux-gnu/5/crtbeginS.o
                0x0000000000214248                __dso_handle

.tm_clone_table
                0x0000000000214250        0x0
 .tm_clone_table
                0x0000000000214250        0x0 /usr/lib/gcc/x86_64-linux-gnu/5/crtbeginS.o
 .tm_clone_table
                0x0000000000214250        0x0 /usr/lib/gcc/x86_64-linux-gnu/5/crtendS.o

.data1
 *(.data1)
                0x0000000000214250                _edata = .
                [!provide]                        PROVIDE (edata, .)
                0x0000000000214250                . = .
                0x0000000000214250                __bss_start = .

.bss            0x0000000000214250        0x8
 *(.dynbss)
 .dynbss        0x0000000000214250        0x0 /usr/lib/gcc/x86_64-linux-gnu/5/../../../x86_64-linux-gnu/crti.o
 *(.bss .bss.* .gnu.linkonce.b.*)
 .bss           0x0000000000214250        0x1 /usr/lib/gcc/x86_64-linux-gnu/5/crtbeginS.o
 *(COMMON)
                0x0000000000214258                . = ALIGN ((. != 0x0)?0x8:0x1)
 *fill*         0x0000000000214251        0x7 

.lbss
 *(.dynlbss)
 *(.lbss .lbss.* .gnu.linkonce.lb.*)
 *(LARGE_COMMON)
                0x0000000000214258                . = ALIGN (0x8)
                0x0000000000214258                . = SEGMENT_START ("ldata-segment", .)

.lrodata
 *(.lrodata .lrodata.* .gnu.linkonce.lr.*)

.ldata          0x0000000000614258        0x0
 *(.ldata .ldata.* .gnu.linkonce.l.*)
                0x0000000000614258                . = ALIGN ((. != 0x0)?0x8:0x1)
                0x0000000000614258                . = ALIGN (0x8)
                0x0000000000614258                _end = .
                [!provide]                        PROVIDE (end, .)
                0x0000000000614258                . = DATA_SEGMENT_END (.)

.stab
 *(.stab)

.stabstr
 *(.stabstr)

.stab.excl
 *(.stab.excl)

.stab.exclstr
 *(.stab.exclstr)

.stab.index
 *(.stab.index)

.stab.indexstr
 *(.stab.indexstr)

.comment        0x0000000000000000       0x2d
 *(.comment)
 .comment       0x0000000000000000       0x2d /usr/lib/gcc/x86_64-linux-gnu/5/crtbeginS.o
                                         0x2e (size before relaxing)
 .comment       0x000000000000002d       0x2e /home/jake/Documents/parrot/out/Unix-base/build/libARStream/obj/Sources/ARSTREAM_Buffers.c.o
 .comment       0x000000000000002d       0x2e /home/jake/Documents/parrot/out/Unix-base/build/libARStream/obj/Sources/ARSTREAM_NetworkHeaders.c.o
 .comment       0x000000000000002d       0x2e /home/jake/Documents/parrot/out/Unix-base/build/libARStream/obj/Sources/ARSTREAM_Reader.c.o
 .comment       0x000000000000002d       0x2e /home/jake/Documents/parrot/out/Unix-base/build/libARStream/obj/Sources/ARSTREAM_Reader2.c.o
 .comment       0x000000000000002d       0x2e /home/jake/Documents/parrot/out/Unix-base/build/libARStream/obj/Sources/ARSTREAM_Sender.c.o
 .comment       0x000000000000002d       0x2e /home/jake/Documents/parrot/out/Unix-base/build/libARStream/obj/Sources/ARSTREAM_Sender2.c.o
 .comment       0x000000000000002d       0x2e /home/jake/Documents/parrot/out/Unix-base/build/libARStream/obj/gen/Sources/ARSTREAM_Error.c.o
 .comment       0x000000000000002d       0x2e /usr/lib/gcc/x86_64-linux-gnu/5/crtendS.o

.debug
 *(.debug)

.line
 *(.line)

.debug_srcinfo
 *(.debug_srcinfo)

.debug_sfnames
 *(.debug_sfnames)

.debug_aranges  0x0000000000000000      0x570
 *(.debug_aranges)
 .debug_aranges
                0x0000000000000000       0x40 /home/jake/Documents/parrot/out/Unix-base/build/libARStream/obj/Sources/ARSTREAM_Buffers.c.o
 .debug_aranges
                0x0000000000000040       0xf0 /home/jake/Documents/parrot/out/Unix-base/build/libARStream/obj/Sources/ARSTREAM_NetworkHeaders.c.o
 .debug_aranges
                0x0000000000000130       0xc0 /home/jake/Documents/parrot/out/Unix-base/build/libARStream/obj/Sources/ARSTREAM_Reader.c.o
 .debug_aranges
                0x00000000000001f0      0x130 /home/jake/Documents/parrot/out/Unix-base/build/libARStream/obj/Sources/ARSTREAM_Reader2.c.o
 .debug_aranges
                0x0000000000000320      0x110 /home/jake/Documents/parrot/out/Unix-base/build/libARStream/obj/Sources/ARSTREAM_Sender.c.o
 .debug_aranges
                0x0000000000000430      0x110 /home/jake/Documents/parrot/out/Unix-base/build/libARStream/obj/Sources/ARSTREAM_Sender2.c.o
 .debug_aranges
                0x0000000000000540       0x30 /home/jake/Documents/parrot/out/Unix-base/build/libARStream/obj/gen/Sources/ARSTREAM_Error.c.o

.debug_pubnames
 *(.debug_pubnames)

.debug_info     0x0000000000000000    0x13169
 *(.debug_info .gnu.linkonce.wi.*)
 .debug_info    0x0000000000000000      0x221 /home/jake/Documents/parrot/out/Unix-base/build/libARStream/obj/Sources/ARSTREAM_Buffers.c.o
 .debug_info    0x0000000000000221      0xd0e /home/jake/Documents/parrot/out/Unix-base/build/libARStream/obj/Sources/ARSTREAM_NetworkHeaders.c.o
 .debug_info    0x0000000000000f2f     0x1f1e /home/jake/Documents/parrot/out/Unix-base/build/libARStream/obj/Sources/ARSTREAM_Reader.c.o
 .debug_info    0x0000000000002e4d     0x7071 /home/jake/Documents/parrot/out/Unix-base/build/libARStream/obj/Sources/ARSTREAM_Reader2.c.o
 .debug_info    0x0000000000009ebe     0x2f37 /home/jake/Documents/parrot/out/Unix-base/build/libARStream/obj/Sources/ARSTREAM_Sender.c.o
 .debug_info    0x000000000000cdf5     0x62c9 /home/jake/Documents/parrot/out/Unix-base/build/libARStream/obj/Sources/ARSTREAM_Sender2.c.o
 .debug_info    0x00000000000130be       0xab /home/jake/Documents/parrot/out/Unix-base/build/libARStream/obj/gen/Sources/ARSTREAM_Error.c.o

.debug_abbrev   0x0000000000000000     0x129c
 *(.debug_abbrev)
 .debug_abbrev  0x0000000000000000       0xd4 /home/jake/Documents/parrot/out/Unix-base/build/libARStream/obj/Sources/ARSTREAM_Buffers.c.o
 .debug_abbrev  0x00000000000000d4      0x23f /home/jake/Documents/parrot/out/Unix-base/build/libARStream/obj/Sources/ARSTREAM_NetworkHeaders.c.o
 .debug_abbrev  0x0000000000000313      0x2fd /home/jake/Documents/parrot/out/Unix-base/build/libARStream/obj/Sources/ARSTREAM_Reader.c.o
 .debug_abbrev  0x0000000000000610      0x470 /home/jake/Documents/parrot/out/Unix-base/build/libARStream/obj/Sources/ARSTREAM_Reader2.c.o
 .debug_abbrev  0x0000000000000a80      0x384 /home/jake/Documents/parrot/out/Unix-base/build/libARStream/obj/Sources/ARSTREAM_Sender.c.o
 .debug_abbrev  0x0000000000000e04      0x420 /home/jake/Documents/parrot/out/Unix-base/build/libARStream/obj/Sources/ARSTREAM_Sender2.c.o
 .debug_abbrev  0x0000000000001224       0x78 /home/jake/Documents/parrot/out/Unix-base/build/libARStream/obj/gen/Sources/ARSTREAM_Error.c.o

.debug_line     0x0000000000000000     0x3292
 *(.debug_line .debug_line.* .debug_line_end)
 .debug_line    0x0000000000000000      0x168 /home/jake/Documents/parrot/out/Unix-base/build/libARStream/obj/Sources/ARSTREAM_Buffers.c.o
 .debug_line    0x0000000000000168      0x403 /home/jake/Documents/parrot/out/Unix-base/build/libARStream/obj/Sources/ARSTREAM_NetworkHeaders.c.o
 .debug_line    0x000000000000056b      0x611 /home/jake/Documents/parrot/out/Unix-base/build/libARStream/obj/Sources/ARSTREAM_Reader.c.o
 .debug_line    0x0000000000000b7c      0xf67 /home/jake/Documents/parrot/out/Unix-base/build/libARStream/obj/Sources/ARSTREAM_Reader2.c.o
 .debug_line    0x0000000000001ae3      0x7be /home/jake/Documents/parrot/out/Unix-base/build/libARStream/obj/Sources/ARSTREAM_Sender.c.o
 .debug_line    0x00000000000022a1      0xf3b /home/jake/Documents/parrot/out/Unix-base/build/libARStream/obj/Sources/ARSTREAM_Sender2.c.o
 .debug_line    0x00000000000031dc       0xb6 /home/jake/Documents/parrot/out/Unix-base/build/libARStream/obj/gen/Sources/ARSTREAM_Error.c.o

.debug_frame
 *(.debug_frame)

.debug_str      0x0000000000000000     0x37b4
 *(.debug_str)
 .debug_str     0x0000000000000000      0x352 /home/jake/Documents/parrot/out/Unix-base/build/libARStream/obj/Sources/ARSTREAM_Buffers.c.o
                                        0x393 (size before relaxing)
 .debug_str     0x0000000000000352      0x641 /home/jake/Documents/parrot/out/Unix-base/build/libARStream/obj/Sources/ARSTREAM_NetworkHeaders.c.o
                                        0x77b (size before relaxing)
 .debug_str     0x0000000000000993      0xbef /home/jake/Documents/parrot/out/Unix-base/build/libARStream/obj/Sources/ARSTREAM_Reader.c.o
                                       0x1381 (size before relaxing)
 .debug_str     0x0000000000001582     0x1405 /home/jake/Documents/parrot/out/Unix-base/build/libARStream/obj/Sources/ARSTREAM_Reader2.c.o
                                       0x1b31 (size before relaxing)
 .debug_str     0x0000000000002987      0x7b7 /home/jake/Documents/parrot/out/Unix-base/build/libARStream/obj/Sources/ARSTREAM_Sender.c.o
                                       0x1731 (size before relaxing)
 .debug_str     0x000000000000313e      0x62c /home/jake/Documents/parrot/out/Unix-base/build/libARStream/obj/Sources/ARSTREAM_Sender2.c.o
                                       0x16ce (size before relaxing)
 .debug_str     0x000000000000376a       0x4a /home/jake/Documents/parrot/out/Unix-base/build/libARStream/obj/gen/Sources/ARSTREAM_Error.c.o
                                        0x1b3 (size before relaxing)

.debug_loc      0x0000000000000000    0x156a9
 *(.debug_loc)
 .debug_loc     0x0000000000000000      0x218 /home/jake/Documents/parrot/out/Unix-base/build/libARStream/obj/Sources/ARSTREAM_Buffers.c.o
 .debug_loc     0x0000000000000218      0xbc3 /home/jake/Documents/parrot/out/Unix-base/build/libARStream/obj/Sources/ARSTREAM_NetworkHeaders.c.o
 .debug_loc     0x0000000000000ddb     0x173e /home/jake/Documents/parrot/out/Unix-base/build/libARStream/obj/Sources/ARSTREAM_Reader.c.o
 .debug_loc     0x0000000000002519     0x8419 /home/jake/Documents/parrot/out/Unix-base/build/libARStream/obj/Sources/ARSTREAM_Reader2.c.o
 .debug_loc     0x000000000000a932     0x2f0a /home/jake/Documents/parrot/out/Unix-base/build/libARStream/obj/Sources/ARSTREAM_Sender.c.o
 .debug_loc     0x000000000000d83c     0x7e34 /home/jake/Documents/parrot/out/Unix-base/build/libARStream/obj/Sources/ARSTREAM_Sender2.c.o
 .debug_loc     0x0000000000015670       0x39 /home/jake/Documents/parrot/out/Unix-base/build/libARStream/obj/gen/Sources/ARSTREAM_Error.c.o

.debug_macinfo
 *(.debug_macinfo)

.debug_weaknames
 *(.debug_weaknames)

.debug_funcnames
 *(.debug_funcnames)

.debug_typenames
 *(.debug_typenames)

.debug_varnames
 *(.debug_varnames)

.debug_pubtypes
 *(.debug_pubtypes)

.debug_ranges   0x0000000000000000     0x33c0
 *(.debug_ranges)
 .debug_ranges  0x0000000000000000       0x30 /home/jake/Documents/parrot/out/Unix-base/build/libARStream/obj/Sources/ARSTREAM_Buffers.c.o
 .debug_ranges  0x0000000000000030      0x170 /home/jake/Documents/parrot/out/Unix-base/build/libARStream/obj/Sources/ARSTREAM_NetworkHeaders.c.o
 .debug_ranges  0x00000000000001a0      0x490 /home/jake/Documents/parrot/out/Unix-base/build/libARStream/obj/Sources/ARSTREAM_Reader.c.o
 .debug_ranges  0x0000000000000630     0x1460 /home/jake/Documents/parrot/out/Unix-base/build/libARStream/obj/Sources/ARSTREAM_Reader2.c.o
 .debug_ranges  0x0000000000001a90      0x710 /home/jake/Documents/parrot/out/Unix-base/build/libARStream/obj/Sources/ARSTREAM_Sender.c.o
 .debug_ranges  0x00000000000021a0     0x1200 /home/jake/Documents/parrot/out/Unix-base/build/libARStream/obj/Sources/ARSTREAM_Sender2.c.o
 .debug_ranges  0x00000000000033a0       0x20 /home/jake/Documents/parrot/out/Unix-base/build/libARStream/obj/gen/Sources/ARSTREAM_Error.c.o

.debug_macro
 *(.debug_macro)

.gnu.attributes
 *(.gnu.attributes)

/DISCARD/
 *(.note.GNU-stack)
 *(.gnu_debuglink)
 *(.gnu.lto_*)
OUTPUT(/home/jake/Documents/parrot/out/Unix-base/build/libARStream/libarstream.so elf64-x86-64)
