Archive member included to satisfy reference by file (symbol)

/usr/lib/x86_64-linux-gnu/libc_nonshared.a(elf-init.oS)
                              /usr/lib/gcc/x86_64-linux-gnu/5/../../../x86_64-linux-gnu/crt1.o (__libc_csu_init)

As-needed library included to satisfy reference by file (symbol)

libarsal-3.1.0.so             /home/cswiggz/Documents/seniordesign/parrot/out/Unix-base/build/JumpingSumoPilotingNewAPI/obj/JumpingSumoPiloting.c.o (ARSAL_Time_GetLocalTime)
libarcontroller-3.1.0.so      /home/cswiggz/Documents/seniordesign/parrot/out/Unix-base/build/JumpingSumoPilotingNewAPI/obj/JumpingSumoPiloting.c.o (ARCONTROLLER_Device_SetVideoStreamCallbacks)
libardiscovery-3.1.0.so       /home/cswiggz/Documents/seniordesign/parrot/out/Unix-base/build/JumpingSumoPilotingNewAPI/obj/JumpingSumoPiloting.c.o (ARDISCOVERY_Device_Delete)
libncurses.so.5               /home/cswiggz/Documents/seniordesign/parrot/out/Unix-base/build/JumpingSumoPilotingNewAPI/obj/ihm.c.o (delwin)
libtinfo.so.5                 /home/cswiggz/Documents/seniordesign/parrot/out/Unix-base/build/JumpingSumoPilotingNewAPI/obj/ihm.c.o (wtimeout)
libpthread.so.0               /home/cswiggz/Documents/seniordesign/parrot/out/Unix-base/build/JumpingSumoPilotingNewAPI/obj/JumpingSumoPiloting.c.o (fork@@GLIBC_2.2.5)
libc.so.6                     /home/cswiggz/Documents/seniordesign/parrot/out/Unix-base/build/JumpingSumoPilotingNewAPI/obj/JumpingSumoPiloting.c.o (fflush@@GLIBC_2.2.5)

Allocating common symbols
Common symbol       size              file

gErrorStr           0x800             /home/cswiggz/Documents/seniordesign/parrot/out/Unix-base/build/JumpingSumoPilotingNewAPI/obj/JumpingSumoPiloting.c.o
stateSem            0x8               /home/cswiggz/Documents/seniordesign/parrot/out/Unix-base/build/JumpingSumoPilotingNewAPI/obj/JumpingSumoPiloting.c.o

Discarded input sections

 .rodata.cst4   0x0000000000000000        0x4 /usr/lib/gcc/x86_64-linux-gnu/5/../../../x86_64-linux-gnu/crt1.o
 .data          0x0000000000000000        0x4 /usr/lib/gcc/x86_64-linux-gnu/5/../../../x86_64-linux-gnu/crt1.o
 .bss           0x0000000000000000        0x0 /usr/lib/gcc/x86_64-linux-gnu/5/../../../x86_64-linux-gnu/crt1.o
 .note.GNU-stack
                0x0000000000000000        0x0 /usr/lib/gcc/x86_64-linux-gnu/5/../../../x86_64-linux-gnu/crt1.o
 .gnu_debuglink
                0x0000000000000000        0xc /usr/lib/gcc/x86_64-linux-gnu/5/../../../x86_64-linux-gnu/crt1.o
 .text          0x0000000000000000        0x0 /usr/lib/gcc/x86_64-linux-gnu/5/../../../x86_64-linux-gnu/crti.o
 .data          0x0000000000000000        0x0 /usr/lib/gcc/x86_64-linux-gnu/5/../../../x86_64-linux-gnu/crti.o
 .bss           0x0000000000000000        0x0 /usr/lib/gcc/x86_64-linux-gnu/5/../../../x86_64-linux-gnu/crti.o
 .note.GNU-stack
                0x0000000000000000        0x0 /usr/lib/gcc/x86_64-linux-gnu/5/../../../x86_64-linux-gnu/crti.o
 .gnu_debuglink
                0x0000000000000000        0xc /usr/lib/gcc/x86_64-linux-gnu/5/../../../x86_64-linux-gnu/crti.o
 .data          0x0000000000000000        0x8 /usr/lib/gcc/x86_64-linux-gnu/5/crtbegin.o
 .text.unlikely
                0x0000000000000000        0x0 /usr/lib/gcc/x86_64-linux-gnu/5/crtbegin.o
 .note.GNU-stack
                0x0000000000000000        0x0 /usr/lib/gcc/x86_64-linux-gnu/5/crtbegin.o
 .text          0x0000000000000000        0x0 /home/cswiggz/Documents/seniordesign/parrot/out/Unix-base/build/JumpingSumoPilotingNewAPI/obj/JumpingSumoPiloting.c.o
 .text.unlikely.decoderConfigCallback
                0x0000000000000000        0x0 /home/cswiggz/Documents/seniordesign/parrot/out/Unix-base/build/JumpingSumoPilotingNewAPI/obj/JumpingSumoPiloting.c.o
 .text.unlikely.onInputEvent
                0x0000000000000000        0x0 /home/cswiggz/Documents/seniordesign/parrot/out/Unix-base/build/JumpingSumoPilotingNewAPI/obj/JumpingSumoPiloting.c.o
 .text.unlikely.stateChanged
                0x0000000000000000        0x0 /home/cswiggz/Documents/seniordesign/parrot/out/Unix-base/build/JumpingSumoPilotingNewAPI/obj/JumpingSumoPiloting.c.o
 .text.unlikely.didReceiveFrameCallback
                0x0000000000000000        0x0 /home/cswiggz/Documents/seniordesign/parrot/out/Unix-base/build/JumpingSumoPilotingNewAPI/obj/JumpingSumoPiloting.c.o
 .text.unlikely.customPrintCallback
                0x0000000000000000        0x0 /home/cswiggz/Documents/seniordesign/parrot/out/Unix-base/build/JumpingSumoPilotingNewAPI/obj/JumpingSumoPiloting.c.o
 .text.unlikely.main
                0x0000000000000000        0x0 /home/cswiggz/Documents/seniordesign/parrot/out/Unix-base/build/JumpingSumoPilotingNewAPI/obj/JumpingSumoPiloting.c.o
 .text.unlikely.batteryStateChanged
                0x0000000000000000        0x0 /home/cswiggz/Documents/seniordesign/parrot/out/Unix-base/build/JumpingSumoPilotingNewAPI/obj/JumpingSumoPiloting.c.o
 .text.unlikely.commandReceived
                0x0000000000000000        0x0 /home/cswiggz/Documents/seniordesign/parrot/out/Unix-base/build/JumpingSumoPilotingNewAPI/obj/JumpingSumoPiloting.c.o
 .note.GNU-stack
                0x0000000000000000        0x0 /home/cswiggz/Documents/seniordesign/parrot/out/Unix-base/build/JumpingSumoPilotingNewAPI/obj/JumpingSumoPiloting.c.o
 .text          0x0000000000000000        0x0 /home/cswiggz/Documents/seniordesign/parrot/out/Unix-base/build/JumpingSumoPilotingNewAPI/obj/ihm.c.o
 .data          0x0000000000000000        0x0 /home/cswiggz/Documents/seniordesign/parrot/out/Unix-base/build/JumpingSumoPilotingNewAPI/obj/ihm.c.o
 .bss           0x0000000000000000        0x0 /home/cswiggz/Documents/seniordesign/parrot/out/Unix-base/build/JumpingSumoPilotingNewAPI/obj/ihm.c.o
 .text.unlikely.IHM_InputProcessing
                0x0000000000000000        0x0 /home/cswiggz/Documents/seniordesign/parrot/out/Unix-base/build/JumpingSumoPilotingNewAPI/obj/ihm.c.o
 .text.unlikely.IHM_Delete
                0x0000000000000000        0x0 /home/cswiggz/Documents/seniordesign/parrot/out/Unix-base/build/JumpingSumoPilotingNewAPI/obj/ihm.c.o
 .text.unlikely.IHM_New
                0x0000000000000000        0x0 /home/cswiggz/Documents/seniordesign/parrot/out/Unix-base/build/JumpingSumoPilotingNewAPI/obj/ihm.c.o
 .text.unlikely.IHM_setCustomData
                0x0000000000000000        0x0 /home/cswiggz/Documents/seniordesign/parrot/out/Unix-base/build/JumpingSumoPilotingNewAPI/obj/ihm.c.o
 .text.unlikely.IHM_PrintHeader
                0x0000000000000000        0x0 /home/cswiggz/Documents/seniordesign/parrot/out/Unix-base/build/JumpingSumoPilotingNewAPI/obj/ihm.c.o
 .text.unlikely.IHM_PrintInfo
                0x0000000000000000        0x0 /home/cswiggz/Documents/seniordesign/parrot/out/Unix-base/build/JumpingSumoPilotingNewAPI/obj/ihm.c.o
 .text.unlikely.IHM_PrintBattery
                0x0000000000000000        0x0 /home/cswiggz/Documents/seniordesign/parrot/out/Unix-base/build/JumpingSumoPilotingNewAPI/obj/ihm.c.o
 .note.GNU-stack
                0x0000000000000000        0x0 /home/cswiggz/Documents/seniordesign/parrot/out/Unix-base/build/JumpingSumoPilotingNewAPI/obj/ihm.c.o
 .data          0x0000000000000000        0x0 /usr/lib/x86_64-linux-gnu/libc_nonshared.a(elf-init.oS)
 .bss           0x0000000000000000        0x0 /usr/lib/x86_64-linux-gnu/libc_nonshared.a(elf-init.oS)
 .text.unlikely
                0x0000000000000000        0x0 /usr/lib/x86_64-linux-gnu/libc_nonshared.a(elf-init.oS)
 .note.GNU-stack
                0x0000000000000000        0x0 /usr/lib/x86_64-linux-gnu/libc_nonshared.a(elf-init.oS)
 .text          0x0000000000000000        0x0 /usr/lib/gcc/x86_64-linux-gnu/5/crtend.o
 .data          0x0000000000000000        0x0 /usr/lib/gcc/x86_64-linux-gnu/5/crtend.o
 .bss           0x0000000000000000        0x0 /usr/lib/gcc/x86_64-linux-gnu/5/crtend.o
 .note.GNU-stack
                0x0000000000000000        0x0 /usr/lib/gcc/x86_64-linux-gnu/5/crtend.o
 .text          0x0000000000000000        0x0 /usr/lib/gcc/x86_64-linux-gnu/5/../../../x86_64-linux-gnu/crtn.o
 .data          0x0000000000000000        0x0 /usr/lib/gcc/x86_64-linux-gnu/5/../../../x86_64-linux-gnu/crtn.o
 .bss           0x0000000000000000        0x0 /usr/lib/gcc/x86_64-linux-gnu/5/../../../x86_64-linux-gnu/crtn.o
 .note.GNU-stack
                0x0000000000000000        0x0 /usr/lib/gcc/x86_64-linux-gnu/5/../../../x86_64-linux-gnu/crtn.o
 .gnu_debuglink
                0x0000000000000000        0xc /usr/lib/gcc/x86_64-linux-gnu/5/../../../x86_64-linux-gnu/crtn.o

Memory Configuration

Name             Origin             Length             Attributes
*default*        0x0000000000000000 0xffffffffffffffff

Linker script and memory map

LOAD /usr/lib/gcc/x86_64-linux-gnu/5/../../../x86_64-linux-gnu/crt1.o
LOAD /usr/lib/gcc/x86_64-linux-gnu/5/../../../x86_64-linux-gnu/crti.o
LOAD /usr/lib/gcc/x86_64-linux-gnu/5/crtbegin.o
LOAD /home/cswiggz/Documents/seniordesign/parrot/out/Unix-base/build/JumpingSumoPilotingNewAPI/obj/JumpingSumoPiloting.c.o
LOAD /home/cswiggz/Documents/seniordesign/parrot/out/Unix-base/build/JumpingSumoPilotingNewAPI/obj/ihm.c.o
LOAD /home/cswiggz/Documents/seniordesign/parrot/out/Unix-base/staging/usr/lib/libarsal.so
LOAD /home/cswiggz/Documents/seniordesign/parrot/out/Unix-base/staging/usr/lib/libarcontroller.so
LOAD /home/cswiggz/Documents/seniordesign/parrot/out/Unix-base/staging/usr/lib/libardiscovery.so
LOAD /usr/lib/gcc/x86_64-linux-gnu/5/../../../x86_64-linux-gnu/libncurses.so
LOAD /lib/x86_64-linux-gnu/libncurses.so.5
LOAD /usr/lib/gcc/x86_64-linux-gnu/5/../../../x86_64-linux-gnu/libtinfo.so
LOAD /usr/lib/gcc/x86_64-linux-gnu/5/../../../x86_64-linux-gnu/librt.so
LOAD /usr/lib/gcc/x86_64-linux-gnu/5/libstdc++.so
LOAD /usr/lib/gcc/x86_64-linux-gnu/5/../../../x86_64-linux-gnu/libm.so
LOAD /usr/lib/gcc/x86_64-linux-gnu/5/libgcc_s.so
LOAD /usr/lib/gcc/x86_64-linux-gnu/5/libgcc.a
LOAD /usr/lib/gcc/x86_64-linux-gnu/5/../../../x86_64-linux-gnu/libpthread.so
START GROUP
LOAD /lib/x86_64-linux-gnu/libpthread.so.0
LOAD /usr/lib/x86_64-linux-gnu/libpthread_nonshared.a
END GROUP
LOAD /usr/lib/gcc/x86_64-linux-gnu/5/../../../x86_64-linux-gnu/libc.so
START GROUP
LOAD /lib/x86_64-linux-gnu/libc.so.6
LOAD /usr/lib/x86_64-linux-gnu/libc_nonshared.a
LOAD /lib/x86_64-linux-gnu/ld-linux-x86-64.so.2
END GROUP
LOAD /usr/lib/gcc/x86_64-linux-gnu/5/libgcc_s.so
LOAD /usr/lib/gcc/x86_64-linux-gnu/5/libgcc.a
LOAD /usr/lib/gcc/x86_64-linux-gnu/5/crtend.o
LOAD /usr/lib/gcc/x86_64-linux-gnu/5/../../../x86_64-linux-gnu/crtn.o
                [!provide]                        PROVIDE (__executable_start, 0x400000)
                0x0000000000400238                . = (0x400000 + SIZEOF_HEADERS)

.interp         0x0000000000400238       0x1c
 *(.interp)
 .interp        0x0000000000400238       0x1c /usr/lib/gcc/x86_64-linux-gnu/5/../../../x86_64-linux-gnu/crt1.o

.note.ABI-tag   0x0000000000400254       0x20
 .note.ABI-tag  0x0000000000400254       0x20 /usr/lib/gcc/x86_64-linux-gnu/5/../../../x86_64-linux-gnu/crt1.o

.note.gnu.build-id
                0x0000000000400274       0x24
 *(.note.gnu.build-id)
 .note.gnu.build-id
                0x0000000000400274       0x24 /usr/lib/gcc/x86_64-linux-gnu/5/../../../x86_64-linux-gnu/crt1.o

.hash
 *(.hash)

.gnu.hash       0x0000000000400298       0x28
 *(.gnu.hash)
 .gnu.hash      0x0000000000400298       0x28 /usr/lib/gcc/x86_64-linux-gnu/5/../../../x86_64-linux-gnu/crt1.o

.dynsym         0x00000000004002c0      0x5e8
 *(.dynsym)
 .dynsym        0x00000000004002c0      0x5e8 /usr/lib/gcc/x86_64-linux-gnu/5/../../../x86_64-linux-gnu/crt1.o

.dynstr         0x00000000004008a8      0x49d
 *(.dynstr)
 .dynstr        0x00000000004008a8      0x49d /usr/lib/gcc/x86_64-linux-gnu/5/../../../x86_64-linux-gnu/crt1.o

.gnu.version    0x0000000000400d46       0x7e
 *(.gnu.version)
 .gnu.version   0x0000000000400d46       0x7e /usr/lib/gcc/x86_64-linux-gnu/5/../../../x86_64-linux-gnu/crt1.o

.gnu.version_d  0x0000000000400dc8        0x0
 *(.gnu.version_d)
 .gnu.version_d
                0x0000000000400dc8        0x0 /usr/lib/gcc/x86_64-linux-gnu/5/../../../x86_64-linux-gnu/crt1.o

.gnu.version_r  0x0000000000400dc8       0x60
 *(.gnu.version_r)
 .gnu.version_r
                0x0000000000400dc8       0x60 /usr/lib/gcc/x86_64-linux-gnu/5/../../../x86_64-linux-gnu/crt1.o

.rela.dyn       0x0000000000400e28       0x48
 *(.rela.init)
 *(.rela.text .rela.text.* .rela.gnu.linkonce.t.*)
 .rela.text     0x0000000000400e28        0x0 /usr/lib/gcc/x86_64-linux-gnu/5/../../../x86_64-linux-gnu/crt1.o
 *(.rela.fini)
 *(.rela.rodata .rela.rodata.* .rela.gnu.linkonce.r.*)
 *(.rela.data .rela.data.* .rela.gnu.linkonce.d.*)
 *(.rela.tdata .rela.tdata.* .rela.gnu.linkonce.td.*)
 *(.rela.tbss .rela.tbss.* .rela.gnu.linkonce.tb.*)
 *(.rela.ctors)
 *(.rela.dtors)
 *(.rela.got)
 .rela.got      0x0000000000400e28       0x48 /usr/lib/gcc/x86_64-linux-gnu/5/../../../x86_64-linux-gnu/crt1.o
 *(.rela.bss .rela.bss.* .rela.gnu.linkonce.b.*)
 .rela.bss      0x0000000000400e70        0x0 /usr/lib/gcc/x86_64-linux-gnu/5/../../../x86_64-linux-gnu/crt1.o
 *(.rela.ldata .rela.ldata.* .rela.gnu.linkonce.l.*)
 *(.rela.lbss .rela.lbss.* .rela.gnu.linkonce.lb.*)
 *(.rela.lrodata .rela.lrodata.* .rela.gnu.linkonce.lr.*)
 *(.rela.ifunc)

.rela.plt       0x0000000000400e70      0x4e0
 *(.rela.plt)
 .rela.plt      0x0000000000400e70      0x4e0 /usr/lib/gcc/x86_64-linux-gnu/5/../../../x86_64-linux-gnu/crt1.o
                [!provide]                        PROVIDE (__rela_iplt_start, .)
 *(.rela.iplt)
 .rela.iplt     0x0000000000401350        0x0 /usr/lib/gcc/x86_64-linux-gnu/5/../../../x86_64-linux-gnu/crt1.o
                [!provide]                        PROVIDE (__rela_iplt_end, .)

.init           0x0000000000401350       0x1a
 *(SORT(.init))
 .init          0x0000000000401350       0x15 /usr/lib/gcc/x86_64-linux-gnu/5/../../../x86_64-linux-gnu/crti.o
                0x0000000000401350                _init
 .init          0x0000000000401365        0x5 /usr/lib/gcc/x86_64-linux-gnu/5/../../../x86_64-linux-gnu/crtn.o

.plt            0x0000000000401370      0x350
 *(.plt)
 .plt           0x0000000000401370      0x350 /usr/lib/gcc/x86_64-linux-gnu/5/../../../x86_64-linux-gnu/crt1.o
                0x0000000000401380                ARCONTROLLER_Device_Start
                0x0000000000401390                free@@GLIBC_2.2.5
                0x00000000004013a0                ARSAL_Thread_Destroy
                0x00000000004013b0                ARSAL_Thread_Create
                0x00000000004013c0                ARSAL_Sem_Wait
                0x00000000004013d0                ARCONTROLLER_Device_GetState
                0x00000000004013e0                ARCONTROLLER_Device_Stop
                0x00000000004013f0                fclose@@GLIBC_2.2.5
                0x0000000000401400                ARCONTROLLER_Error_ToString
                0x0000000000401410                wclrtoeol
                0x0000000000401420                strlen@@GLIBC_2.2.5
                0x0000000000401430                __stack_chk_fail@@GLIBC_2.4
                0x0000000000401440                wrefresh
                0x0000000000401450                keypad
                0x0000000000401460                initscr
                0x0000000000401470                raw
                0x0000000000401480                ARSAL_Time_GetLocalTime
                0x0000000000401490                wtimeout
                0x00000000004014a0                ARSAL_Sem_Init
                0x00000000004014b0                ARCONTROLLER_Device_AddStateChangedCallback
                0x00000000004014c0                __libc_start_main@@GLIBC_2.2.5
                0x00000000004014d0                memcmp@@GLIBC_2.2.5
                0x00000000004014e0                ARCONTROLLER_Device_AddCommandReceivedCallback
                0x00000000004014f0                ARSAL_Thread_Join
                0x0000000000401500                ARCONTROLLER_Device_Delete
                0x0000000000401520                delwin
                0x0000000000401530                ARSAL_Sem_Destroy
                0x0000000000401540                kill@@GLIBC_2.2.5
                0x0000000000401550                ARSAL_Sem_Post
                0x0000000000401560                ARDISCOVERY_Error_ToString
                0x0000000000401570                malloc@@GLIBC_2.2.5
                0x0000000000401580                fflush@@GLIBC_2.2.5
                0x0000000000401590                ARSAL_Print_PrintRaw
                0x00000000004015a0                ARDISCOVERY_Device_Delete
                0x00000000004015b0                __vsnprintf_chk@@GLIBC_2.3.4
                0x00000000004015c0                strftime@@GLIBC_2.2.5
                0x00000000004015d0                ARCONTROLLER_Device_SetVideoStreamCallbacks
                0x00000000004015e0                endwin
                0x00000000004015f0                wgetch
                0x0000000000401600                ARSAL_Print_SetCallback
                0x0000000000401610                ARCONTROLLER_Device_New
                0x0000000000401620                fopen@@GLIBC_2.2.5
                0x0000000000401630                noecho
                0x0000000000401640                ARDISCOVERY_Device_InitWifi
                0x0000000000401650                fwrite@@GLIBC_2.2.5
                0x0000000000401660                ARDISCOVERY_Device_New
                0x0000000000401670                wmove
                0x0000000000401680                execlp@@GLIBC_2.2.5
                0x0000000000401690                mvprintw
                0x00000000004016a0                fork@@GLIBC_2.2.5
                0x00000000004016b0                usleep@@GLIBC_2.2.5
 *(.iplt)
 .iplt          0x00000000004016c0        0x0 /usr/lib/gcc/x86_64-linux-gnu/5/../../../x86_64-linux-gnu/crt1.o

.plt.bnd
 *(.plt.bnd)

.text           0x00000000004016c0     0x1d22
 *(.text.unlikely .text.*_unlikely .text.unlikely.*)
 *(.text.exit .text.exit.*)
 *(.text.startup .text.startup.*)
 .text.startup.main
                0x00000000004016c0      0xbd5 /home/cswiggz/Documents/seniordesign/parrot/out/Unix-base/build/JumpingSumoPilotingNewAPI/obj/JumpingSumoPiloting.c.o
                0x00000000004016c0                main
 *(.text.hot .text.hot.*)
 *(.text .stub .text.* .gnu.linkonce.t.*)
 *fill*         0x0000000000402295        0xb 
 .text          0x00000000004022a0       0x2a /usr/lib/gcc/x86_64-linux-gnu/5/../../../x86_64-linux-gnu/crt1.o
                0x00000000004022a0                _start
 *fill*         0x00000000004022ca        0x6 
 .text          0x00000000004022d0       0xc6 /usr/lib/gcc/x86_64-linux-gnu/5/crtbegin.o
 *fill*         0x0000000000402396        0xa 
 .text.decoderConfigCallback
                0x00000000004023a0       0xb6 /home/cswiggz/Documents/seniordesign/parrot/out/Unix-base/build/JumpingSumoPilotingNewAPI/obj/JumpingSumoPiloting.c.o
                0x00000000004023a0                decoderConfigCallback
 *fill*         0x0000000000402456        0xa 
 .text.onInputEvent
                0x0000000000402460      0x19c /home/cswiggz/Documents/seniordesign/parrot/out/Unix-base/build/JumpingSumoPilotingNewAPI/obj/JumpingSumoPiloting.c.o
                0x0000000000402460                onInputEvent
 *fill*         0x00000000004025fc        0x4 
 .text.stateChanged
                0x0000000000402600       0xf0 /home/cswiggz/Documents/seniordesign/parrot/out/Unix-base/build/JumpingSumoPilotingNewAPI/obj/JumpingSumoPiloting.c.o
                0x0000000000402600                stateChanged
 .text.didReceiveFrameCallback
                0x00000000004026f0      0x163 /home/cswiggz/Documents/seniordesign/parrot/out/Unix-base/build/JumpingSumoPilotingNewAPI/obj/JumpingSumoPiloting.c.o
                0x00000000004026f0                didReceiveFrameCallback
 *fill*         0x0000000000402853        0xd 
 .text.customPrintCallback
                0x0000000000402860       0x59 /home/cswiggz/Documents/seniordesign/parrot/out/Unix-base/build/JumpingSumoPilotingNewAPI/obj/JumpingSumoPiloting.c.o
                0x0000000000402860                customPrintCallback
 *fill*         0x00000000004028b9        0x7 
 .text.batteryStateChanged
                0x00000000004028c0       0x22 /home/cswiggz/Documents/seniordesign/parrot/out/Unix-base/build/JumpingSumoPilotingNewAPI/obj/JumpingSumoPiloting.c.o
                0x00000000004028c0                batteryStateChanged
 *fill*         0x00000000004028e2        0xe 
 .text.commandReceived
                0x00000000004028f0      0x68a /home/cswiggz/Documents/seniordesign/parrot/out/Unix-base/build/JumpingSumoPilotingNewAPI/obj/JumpingSumoPiloting.c.o
                0x00000000004028f0                commandReceived
 *fill*         0x0000000000402f7a        0x6 
 .text.IHM_InputProcessing
                0x0000000000402f80      0x163 /home/cswiggz/Documents/seniordesign/parrot/out/Unix-base/build/JumpingSumoPilotingNewAPI/obj/ihm.c.o
                0x0000000000402f80                IHM_InputProcessing
 *fill*         0x00000000004030e3        0xd 
 .text.IHM_Delete
                0x00000000004030f0       0x7a /home/cswiggz/Documents/seniordesign/parrot/out/Unix-base/build/JumpingSumoPilotingNewAPI/obj/ihm.c.o
                0x00000000004030f0                IHM_Delete
 *fill*         0x000000000040316a        0x6 
 .text.IHM_New  0x0000000000403170       0xef /home/cswiggz/Documents/seniordesign/parrot/out/Unix-base/build/JumpingSumoPilotingNewAPI/obj/ihm.c.o
                0x0000000000403170                IHM_New
 *fill*         0x000000000040325f        0x1 
 .text.IHM_setCustomData
                0x0000000000403260        0xb /home/cswiggz/Documents/seniordesign/parrot/out/Unix-base/build/JumpingSumoPilotingNewAPI/obj/ihm.c.o
                0x0000000000403260                IHM_setCustomData
 *fill*         0x000000000040326b        0x5 
 .text.IHM_PrintHeader
                0x0000000000403270       0x42 /home/cswiggz/Documents/seniordesign/parrot/out/Unix-base/build/JumpingSumoPilotingNewAPI/obj/ihm.c.o
                0x0000000000403270                IHM_PrintHeader
 *fill*         0x00000000004032b2        0xe 
 .text.IHM_PrintInfo
                0x00000000004032c0       0x4a /home/cswiggz/Documents/seniordesign/parrot/out/Unix-base/build/JumpingSumoPilotingNewAPI/obj/ihm.c.o
                0x00000000004032c0                IHM_PrintInfo
 *fill*         0x000000000040330a        0x6 
 .text.IHM_PrintBattery
                0x0000000000403310       0x52 /home/cswiggz/Documents/seniordesign/parrot/out/Unix-base/build/JumpingSumoPilotingNewAPI/obj/ihm.c.o
                0x0000000000403310                IHM_PrintBattery
 *fill*         0x0000000000403362        0xe 
 .text          0x0000000000403370       0x72 /usr/lib/x86_64-linux-gnu/libc_nonshared.a(elf-init.oS)
                0x0000000000403370                __libc_csu_init
                0x00000000004033e0                __libc_csu_fini
 *(.gnu.warning)

.fini           0x00000000004033e4        0x9
 *(SORT(.fini))
 .fini          0x00000000004033e4        0x4 /usr/lib/gcc/x86_64-linux-gnu/5/../../../x86_64-linux-gnu/crti.o
                0x00000000004033e4                _fini
 .fini          0x00000000004033e8        0x5 /usr/lib/gcc/x86_64-linux-gnu/5/../../../x86_64-linux-gnu/crtn.o
                [!provide]                        PROVIDE (__etext, .)
                [!provide]                        PROVIDE (_etext, .)
                [!provide]                        PROVIDE (etext, .)

.rodata         0x00000000004033f0      0x6fe
 *(.rodata .rodata.* .gnu.linkonce.r.*)
 .rodata.str1.1
                0x00000000004033f0      0x130 /home/cswiggz/Documents/seniordesign/parrot/out/Unix-base/build/JumpingSumoPilotingNewAPI/obj/JumpingSumoPiloting.c.o
                                        0x141 (size before relaxing)
 .rodata.str1.8
                0x0000000000403520      0x510 /home/cswiggz/Documents/seniordesign/parrot/out/Unix-base/build/JumpingSumoPilotingNewAPI/obj/JumpingSumoPiloting.c.o
                                        0x50f (size before relaxing)
 .rodata        0x0000000000403a30       0xb2 /home/cswiggz/Documents/seniordesign/parrot/out/Unix-base/build/JumpingSumoPilotingNewAPI/obj/JumpingSumoPiloting.c.o
 .rodata.str1.1
                0x0000000000403ae2        0xc /home/cswiggz/Documents/seniordesign/parrot/out/Unix-base/build/JumpingSumoPilotingNewAPI/obj/ihm.c.o

.rodata1
 *(.rodata1)

.eh_frame_hdr   0x0000000000403af0       0xa4
 *(.eh_frame_hdr)
 .eh_frame_hdr  0x0000000000403af0       0xa4 /usr/lib/gcc/x86_64-linux-gnu/5/../../../x86_64-linux-gnu/crt1.o

.eh_frame       0x0000000000403b98      0x54c
 *(.eh_frame)
 .eh_frame      0x0000000000403b98       0x30 /usr/lib/gcc/x86_64-linux-gnu/5/../../../x86_64-linux-gnu/crt1.o
 .eh_frame      0x0000000000403bc8       0x40 /usr/lib/gcc/x86_64-linux-gnu/5/../../../x86_64-linux-gnu/crt1.o
 .eh_frame      0x0000000000403c08      0x348 /home/cswiggz/Documents/seniordesign/parrot/out/Unix-base/build/JumpingSumoPilotingNewAPI/obj/JumpingSumoPiloting.c.o
                                        0x350 (size before relaxing)
 .eh_frame      0x0000000000403f50      0x130 /home/cswiggz/Documents/seniordesign/parrot/out/Unix-base/build/JumpingSumoPilotingNewAPI/obj/ihm.c.o
 .eh_frame      0x0000000000404080       0x60 /usr/lib/x86_64-linux-gnu/libc_nonshared.a(elf-init.oS)
                                         0x78 (size before relaxing)
 .eh_frame      0x00000000004040e0        0x4 /usr/lib/gcc/x86_64-linux-gnu/5/crtend.o

.gcc_except_table
 *(.gcc_except_table .gcc_except_table.*)

.exception_ranges
 *(.exception_ranges .exception_ranges*)
                0x00000000004040e4                . = (ALIGN (0x200000) - ((0x200000 - .) & 0x1fffff))
                0x0000000000604da0                . = DATA_SEGMENT_ALIGN (0x200000, 0x1000)

.eh_frame
 *(.eh_frame)

.gcc_except_table
 *(.gcc_except_table .gcc_except_table.*)

.exception_ranges
 *(.exception_ranges .exception_ranges*)

.tdata
 *(.tdata .tdata.* .gnu.linkonce.td.*)

.tbss
 *(.tbss .tbss.* .gnu.linkonce.tb.*)
 *(.tcommon)

.preinit_array  0x0000000000604da0        0x0
                [!provide]                        PROVIDE (__preinit_array_start, .)
 *(.preinit_array)
                [!provide]                        PROVIDE (__preinit_array_end, .)

.init_array     0x0000000000604da0        0x8
                0x0000000000604da0                PROVIDE (__init_array_start, .)
 *(SORT(.init_array.*) SORT(.ctors.*))
 *(.init_array EXCLUDE_FILE(*crtend?.o *crtend.o *crtbegin?.o *crtbegin.o) .ctors)
 .init_array    0x0000000000604da0        0x8 /usr/lib/gcc/x86_64-linux-gnu/5/crtbegin.o
                0x0000000000604da8                PROVIDE (__init_array_end, .)

.fini_array     0x0000000000604da8        0x8
                [!provide]                        PROVIDE (__fini_array_start, .)
 *(SORT(.fini_array.*) SORT(.dtors.*))
 *(.fini_array EXCLUDE_FILE(*crtend?.o *crtend.o *crtbegin?.o *crtbegin.o) .dtors)
 .fini_array    0x0000000000604da8        0x8 /usr/lib/gcc/x86_64-linux-gnu/5/crtbegin.o
                [!provide]                        PROVIDE (__fini_array_end, .)

.ctors
 *crtbegin.o(.ctors)
 *crtbegin?.o(.ctors)
 *(EXCLUDE_FILE(*crtend?.o *crtend.o) .ctors)
 *(SORT(.ctors.*))
 *(.ctors)

.dtors
 *crtbegin.o(.dtors)
 *crtbegin?.o(.dtors)
 *(EXCLUDE_FILE(*crtend?.o *crtend.o) .dtors)
 *(SORT(.dtors.*))
 *(.dtors)

.jcr            0x0000000000604db0        0x8
 *(.jcr)
 .jcr           0x0000000000604db0        0x0 /usr/lib/gcc/x86_64-linux-gnu/5/crtbegin.o
 .jcr           0x0000000000604db0        0x8 /usr/lib/gcc/x86_64-linux-gnu/5/crtend.o

.data.rel.ro
 *(.data.rel.ro.local* .gnu.linkonce.d.rel.ro.local.*)
 *(.data.rel.ro .data.rel.ro.* .gnu.linkonce.d.rel.ro.*)

.dynamic        0x0000000000604db8      0x230
 *(.dynamic)
 .dynamic       0x0000000000604db8      0x230 /usr/lib/gcc/x86_64-linux-gnu/5/../../../x86_64-linux-gnu/crt1.o
                0x0000000000604db8                _DYNAMIC

.got            0x0000000000604fe8       0x18
 *(.got)
 .got           0x0000000000604fe8       0x18 /usr/lib/gcc/x86_64-linux-gnu/5/../../../x86_64-linux-gnu/crt1.o
 *(.igot)
                0x0000000000605fe8                . = DATA_SEGMENT_RELRO_END (., (SIZEOF (.got.plt) >= 0x18)?0x18:0x0)

.got.plt        0x0000000000605000      0x1b8
 *(.got.plt)
 .got.plt       0x0000000000605000      0x1b8 /usr/lib/gcc/x86_64-linux-gnu/5/../../../x86_64-linux-gnu/crt1.o
                0x0000000000605000                _GLOBAL_OFFSET_TABLE_
 *(.igot.plt)
 .igot.plt      0x00000000006051b8        0x0 /usr/lib/gcc/x86_64-linux-gnu/5/../../../x86_64-linux-gnu/crt1.o

.data           0x00000000006051b8        0x4
 *(.data .data.* .gnu.linkonce.d.*)
 .data          0x00000000006051b8        0x4 /home/cswiggz/Documents/seniordesign/parrot/out/Unix-base/build/JumpingSumoPilotingNewAPI/obj/JumpingSumoPiloting.c.o
                0x00000000006051b8                gIHMRun

.tm_clone_table
                0x00000000006051c0        0x0
 .tm_clone_table
                0x00000000006051c0        0x0 /usr/lib/gcc/x86_64-linux-gnu/5/crtbegin.o
 .tm_clone_table
                0x00000000006051c0        0x0 /usr/lib/gcc/x86_64-linux-gnu/5/crtend.o

.data1
 *(.data1)
                0x00000000006051c0                _edata = .
                [!provide]                        PROVIDE (edata, .)
                0x00000000006051c0                . = .
                0x00000000006051c0                __bss_start = .

.bss            0x00000000006051c0      0x828
 *(.dynbss)
 .dynbss        0x00000000006051c0        0x0 /usr/lib/gcc/x86_64-linux-gnu/5/../../../x86_64-linux-gnu/crt1.o
 *(.bss .bss.* .gnu.linkonce.b.*)
 .bss           0x00000000006051c0        0x1 /usr/lib/gcc/x86_64-linux-gnu/5/crtbegin.o
 *fill*         0x00000000006051c1        0x7 
 .bss           0x00000000006051c8       0x18 /home/cswiggz/Documents/seniordesign/parrot/out/Unix-base/build/JumpingSumoPilotingNewAPI/obj/JumpingSumoPiloting.c.o
                0x00000000006051c8                frameNb
                0x00000000006051cc                writeImgs
                0x00000000006051d0                videoOut
                0x00000000006051d8                ihm
 *(COMMON)
 COMMON         0x00000000006051e0      0x808 /home/cswiggz/Documents/seniordesign/parrot/out/Unix-base/build/JumpingSumoPilotingNewAPI/obj/JumpingSumoPiloting.c.o
                0x00000000006051e0                gErrorStr
                0x00000000006059e0                stateSem
                0x00000000006059e8                . = ALIGN ((. != 0x0)?0x8:0x1)

.lbss
 *(.dynlbss)
 *(.lbss .lbss.* .gnu.linkonce.lb.*)
 *(LARGE_COMMON)
                0x00000000006059e8                . = ALIGN (0x8)
                0x00000000006059e8                . = SEGMENT_START ("ldata-segment", .)

.lrodata
 *(.lrodata .lrodata.* .gnu.linkonce.lr.*)

.ldata          0x0000000000a059e8        0x0
 *(.ldata .ldata.* .gnu.linkonce.l.*)
                0x0000000000a059e8                . = ALIGN ((. != 0x0)?0x8:0x1)
                0x0000000000a059e8                . = ALIGN (0x8)
                0x0000000000a059e8                _end = .
                [!provide]                        PROVIDE (end, .)
                0x0000000000a059e8                . = DATA_SEGMENT_END (.)

.stab
 *(.stab)

.stabstr
 *(.stabstr)

.stab.excl
 *(.stab.excl)

.stab.exclstr
 *(.stab.exclstr)

.stab.index
 *(.stab.index)

.stab.indexstr
 *(.stab.indexstr)

.comment        0x0000000000000000       0x52
 *(.comment)
 .comment       0x0000000000000000       0x2d /usr/lib/gcc/x86_64-linux-gnu/5/crtbegin.o
                                         0x2e (size before relaxing)
 .comment       0x000000000000002d       0x2e /home/cswiggz/Documents/seniordesign/parrot/out/Unix-base/build/JumpingSumoPilotingNewAPI/obj/JumpingSumoPiloting.c.o
 .comment       0x000000000000002d       0x2e /home/cswiggz/Documents/seniordesign/parrot/out/Unix-base/build/JumpingSumoPilotingNewAPI/obj/ihm.c.o
 .comment       0x000000000000002d       0x25 /usr/lib/x86_64-linux-gnu/libc_nonshared.a(elf-init.oS)
                                         0x26 (size before relaxing)
 .comment       0x0000000000000052       0x2e /usr/lib/gcc/x86_64-linux-gnu/5/crtend.o

.debug
 *(.debug)

.line
 *(.line)

.debug_srcinfo
 *(.debug_srcinfo)

.debug_sfnames
 *(.debug_sfnames)

.debug_aranges  0x0000000000000000      0x130
 *(.debug_aranges)
 .debug_aranges
                0x0000000000000000       0xa0 /home/cswiggz/Documents/seniordesign/parrot/out/Unix-base/build/JumpingSumoPilotingNewAPI/obj/JumpingSumoPiloting.c.o
 .debug_aranges
                0x00000000000000a0       0x90 /home/cswiggz/Documents/seniordesign/parrot/out/Unix-base/build/JumpingSumoPilotingNewAPI/obj/ihm.c.o

.debug_pubnames
 *(.debug_pubnames)

.debug_info     0x0000000000000000     0x7117
 *(.debug_info .gnu.linkonce.wi.*)
 .debug_info    0x0000000000000000     0x65f4 /home/cswiggz/Documents/seniordesign/parrot/out/Unix-base/build/JumpingSumoPilotingNewAPI/obj/JumpingSumoPiloting.c.o
 .debug_info    0x00000000000065f4      0xb23 /home/cswiggz/Documents/seniordesign/parrot/out/Unix-base/build/JumpingSumoPilotingNewAPI/obj/ihm.c.o

.debug_abbrev   0x0000000000000000      0x74e
 *(.debug_abbrev)
 .debug_abbrev  0x0000000000000000      0x46c /home/cswiggz/Documents/seniordesign/parrot/out/Unix-base/build/JumpingSumoPilotingNewAPI/obj/JumpingSumoPiloting.c.o
 .debug_abbrev  0x000000000000046c      0x2e2 /home/cswiggz/Documents/seniordesign/parrot/out/Unix-base/build/JumpingSumoPilotingNewAPI/obj/ihm.c.o

.debug_line     0x0000000000000000      0x9ab
 *(.debug_line .debug_line.* .debug_line_end)
 .debug_line    0x0000000000000000      0x729 /home/cswiggz/Documents/seniordesign/parrot/out/Unix-base/build/JumpingSumoPilotingNewAPI/obj/JumpingSumoPiloting.c.o
 .debug_line    0x0000000000000729      0x282 /home/cswiggz/Documents/seniordesign/parrot/out/Unix-base/build/JumpingSumoPilotingNewAPI/obj/ihm.c.o

.debug_frame
 *(.debug_frame)

.debug_str      0x0000000000000000     0xd36f
 *(.debug_str)
 .debug_str     0x0000000000000000     0xd278 /home/cswiggz/Documents/seniordesign/parrot/out/Unix-base/build/JumpingSumoPilotingNewAPI/obj/JumpingSumoPiloting.c.o
                                       0xd382 (size before relaxing)
 .debug_str     0x000000000000d278       0xf7 /home/cswiggz/Documents/seniordesign/parrot/out/Unix-base/build/JumpingSumoPilotingNewAPI/obj/ihm.c.o
                                        0x6ae (size before relaxing)

.debug_loc      0x0000000000000000     0x1c08
 *(.debug_loc)
 .debug_loc     0x0000000000000000     0x17be /home/cswiggz/Documents/seniordesign/parrot/out/Unix-base/build/JumpingSumoPilotingNewAPI/obj/JumpingSumoPiloting.c.o
 .debug_loc     0x00000000000017be      0x44a /home/cswiggz/Documents/seniordesign/parrot/out/Unix-base/build/JumpingSumoPilotingNewAPI/obj/ihm.c.o

.debug_macinfo
 *(.debug_macinfo)

.debug_weaknames
 *(.debug_weaknames)

.debug_funcnames
 *(.debug_funcnames)

.debug_typenames
 *(.debug_typenames)

.debug_varnames
 *(.debug_varnames)

.debug_pubtypes
 *(.debug_pubtypes)

.debug_ranges   0x0000000000000000      0x380
 *(.debug_ranges)
 .debug_ranges  0x0000000000000000      0x2c0 /home/cswiggz/Documents/seniordesign/parrot/out/Unix-base/build/JumpingSumoPilotingNewAPI/obj/JumpingSumoPiloting.c.o
 .debug_ranges  0x00000000000002c0       0xc0 /home/cswiggz/Documents/seniordesign/parrot/out/Unix-base/build/JumpingSumoPilotingNewAPI/obj/ihm.c.o

.debug_macro
 *(.debug_macro)

.gnu.attributes
 *(.gnu.attributes)

/DISCARD/
 *(.note.GNU-stack)
 *(.gnu_debuglink)
 *(.gnu.lto_*)
OUTPUT(/home/cswiggz/Documents/seniordesign/parrot/out/Unix-base/build/JumpingSumoPilotingNewAPI/JumpingSumoPilotingNewAPI elf64-x86-64)
