Archive member included to satisfy reference by file (symbol)

/usr/lib/x86_64-linux-gnu/libc_nonshared.a(elf-init.oS)
                              /usr/lib/gcc/x86_64-linux-gnu/5/../../../x86_64-linux-gnu/crt1.o (__libc_csu_init)

As-needed library included to satisfy reference by file (symbol)

libarsal-3.1.0.so             /home/cswiggz/Documents/seniordesign/parrot/out/Unix-base/build/BebopDroneReceiveStream/obj/BebopDroneReceiveStream.c.o (ARSAL_Time_GetLocalTime)
libarcommands-3.1.0.so        /home/cswiggz/Documents/seniordesign/parrot/out/Unix-base/build/BebopDroneReceiveStream/obj/BebopDroneReceiveStream.c.o (ARCOMMANDS_Generator_GenerateARDrone3MediaStreamingVideoEnable)
libarnetwork-3.1.0.so         /home/cswiggz/Documents/seniordesign/parrot/out/Unix-base/build/BebopDroneReceiveStream/obj/BebopDroneReceiveStream.c.o (ARNETWORK_Manager_ReceivingThreadRun)
libarnetworkal-3.1.0.so       /home/cswiggz/Documents/seniordesign/parrot/out/Unix-base/build/BebopDroneReceiveStream/obj/BebopDroneReceiveStream.c.o (ARNETWORKAL_Error_ToString)
libardiscovery-3.1.0.so       /home/cswiggz/Documents/seniordesign/parrot/out/Unix-base/build/BebopDroneReceiveStream/obj/BebopDroneReceiveStream.c.o (ARDISCOVERY_Connection_New)
libarstream-3.1.0.so          /home/cswiggz/Documents/seniordesign/parrot/out/Unix-base/build/BebopDroneReceiveStream/obj/BebopDroneReceiveStream.c.o (ARSTREAM_Error_ToString)
libpthread.so.0               /home/cswiggz/Documents/seniordesign/parrot/out/Unix-base/build/BebopDroneReceiveStream/obj/BebopDroneReceiveStream.c.o (fork@@GLIBC_2.2.5)
libc.so.6                     /home/cswiggz/Documents/seniordesign/parrot/out/Unix-base/build/BebopDroneReceiveStream/obj/BebopDroneReceiveStream.c.o (fflush@@GLIBC_2.2.5)

Discarded input sections

 .rodata.cst4   0x0000000000000000        0x4 /usr/lib/gcc/x86_64-linux-gnu/5/../../../x86_64-linux-gnu/crt1.o
 .data          0x0000000000000000        0x4 /usr/lib/gcc/x86_64-linux-gnu/5/../../../x86_64-linux-gnu/crt1.o
 .bss           0x0000000000000000        0x0 /usr/lib/gcc/x86_64-linux-gnu/5/../../../x86_64-linux-gnu/crt1.o
 .note.GNU-stack
                0x0000000000000000        0x0 /usr/lib/gcc/x86_64-linux-gnu/5/../../../x86_64-linux-gnu/crt1.o
 .gnu_debuglink
                0x0000000000000000        0xc /usr/lib/gcc/x86_64-linux-gnu/5/../../../x86_64-linux-gnu/crt1.o
 .text          0x0000000000000000        0x0 /usr/lib/gcc/x86_64-linux-gnu/5/../../../x86_64-linux-gnu/crti.o
 .data          0x0000000000000000        0x0 /usr/lib/gcc/x86_64-linux-gnu/5/../../../x86_64-linux-gnu/crti.o
 .bss           0x0000000000000000        0x0 /usr/lib/gcc/x86_64-linux-gnu/5/../../../x86_64-linux-gnu/crti.o
 .note.GNU-stack
                0x0000000000000000        0x0 /usr/lib/gcc/x86_64-linux-gnu/5/../../../x86_64-linux-gnu/crti.o
 .gnu_debuglink
                0x0000000000000000        0xc /usr/lib/gcc/x86_64-linux-gnu/5/../../../x86_64-linux-gnu/crti.o
 .data          0x0000000000000000        0x8 /usr/lib/gcc/x86_64-linux-gnu/5/crtbegin.o
 .text.unlikely
                0x0000000000000000        0x0 /usr/lib/gcc/x86_64-linux-gnu/5/crtbegin.o
 .note.GNU-stack
                0x0000000000000000        0x0 /usr/lib/gcc/x86_64-linux-gnu/5/crtbegin.o
 .text          0x0000000000000000        0x0 /home/cswiggz/Documents/seniordesign/parrot/out/Unix-base/build/BebopDroneReceiveStream/obj/BebopDroneReceiveStream.c.o
 .bss           0x0000000000000000        0x0 /home/cswiggz/Documents/seniordesign/parrot/out/Unix-base/build/BebopDroneReceiveStream/obj/BebopDroneReceiveStream.c.o
 .text.unlikely.onDisconnectNetwork
                0x0000000000000000        0x0 /home/cswiggz/Documents/seniordesign/parrot/out/Unix-base/build/BebopDroneReceiveStream/obj/BebopDroneReceiveStream.c.o
 .text.unlikely.arnetworkCmdCallback
                0x0000000000000000        0x0 /home/cswiggz/Documents/seniordesign/parrot/out/Unix-base/build/BebopDroneReceiveStream/obj/BebopDroneReceiveStream.c.o
 .text.unlikely.readerRun
                0x0000000000000000        0x0 /home/cswiggz/Documents/seniordesign/parrot/out/Unix-base/build/BebopDroneReceiveStream/obj/BebopDroneReceiveStream.c.o
 .text.unlikely.ARDISCOVERY_Connection_SendJsonCallback
                0x0000000000000000        0x0 /home/cswiggz/Documents/seniordesign/parrot/out/Unix-base/build/BebopDroneReceiveStream/obj/BebopDroneReceiveStream.c.o
 .text.unlikely.ARDISCOVERY_Connection_ReceiveJsonCallback
                0x0000000000000000        0x0 /home/cswiggz/Documents/seniordesign/parrot/out/Unix-base/build/BebopDroneReceiveStream/obj/BebopDroneReceiveStream.c.o
 .text.unlikely.frameCompleteCallback
                0x0000000000000000        0x0 /home/cswiggz/Documents/seniordesign/parrot/out/Unix-base/build/BebopDroneReceiveStream/obj/BebopDroneReceiveStream.c.o
 .text.unlikely.ardiscoveryConnect
                0x0000000000000000        0x0 /home/cswiggz/Documents/seniordesign/parrot/out/Unix-base/build/BebopDroneReceiveStream/obj/BebopDroneReceiveStream.c.o
 .text.unlikely.startNetwork
                0x0000000000000000        0x0 /home/cswiggz/Documents/seniordesign/parrot/out/Unix-base/build/BebopDroneReceiveStream/obj/BebopDroneReceiveStream.c.o
 .text.unlikely.stopNetwork
                0x0000000000000000        0x0 /home/cswiggz/Documents/seniordesign/parrot/out/Unix-base/build/BebopDroneReceiveStream/obj/BebopDroneReceiveStream.c.o
 .text.unlikely.startVideo
                0x0000000000000000        0x0 /home/cswiggz/Documents/seniordesign/parrot/out/Unix-base/build/BebopDroneReceiveStream/obj/BebopDroneReceiveStream.c.o
 .text.unlikely.stopVideo
                0x0000000000000000        0x0 /home/cswiggz/Documents/seniordesign/parrot/out/Unix-base/build/BebopDroneReceiveStream/obj/BebopDroneReceiveStream.c.o
 .text.unlikely.sendBeginStream
                0x0000000000000000        0x0 /home/cswiggz/Documents/seniordesign/parrot/out/Unix-base/build/BebopDroneReceiveStream/obj/BebopDroneReceiveStream.c.o
 .text.unlikely.main
                0x0000000000000000        0x0 /home/cswiggz/Documents/seniordesign/parrot/out/Unix-base/build/BebopDroneReceiveStream/obj/BebopDroneReceiveStream.c.o
 .note.GNU-stack
                0x0000000000000000        0x0 /home/cswiggz/Documents/seniordesign/parrot/out/Unix-base/build/BebopDroneReceiveStream/obj/BebopDroneReceiveStream.c.o
 .data          0x0000000000000000        0x0 /usr/lib/x86_64-linux-gnu/libc_nonshared.a(elf-init.oS)
 .bss           0x0000000000000000        0x0 /usr/lib/x86_64-linux-gnu/libc_nonshared.a(elf-init.oS)
 .text.unlikely
                0x0000000000000000        0x0 /usr/lib/x86_64-linux-gnu/libc_nonshared.a(elf-init.oS)
 .note.GNU-stack
                0x0000000000000000        0x0 /usr/lib/x86_64-linux-gnu/libc_nonshared.a(elf-init.oS)
 .text          0x0000000000000000        0x0 /usr/lib/gcc/x86_64-linux-gnu/5/crtend.o
 .data          0x0000000000000000        0x0 /usr/lib/gcc/x86_64-linux-gnu/5/crtend.o
 .bss           0x0000000000000000        0x0 /usr/lib/gcc/x86_64-linux-gnu/5/crtend.o
 .note.GNU-stack
                0x0000000000000000        0x0 /usr/lib/gcc/x86_64-linux-gnu/5/crtend.o
 .text          0x0000000000000000        0x0 /usr/lib/gcc/x86_64-linux-gnu/5/../../../x86_64-linux-gnu/crtn.o
 .data          0x0000000000000000        0x0 /usr/lib/gcc/x86_64-linux-gnu/5/../../../x86_64-linux-gnu/crtn.o
 .bss           0x0000000000000000        0x0 /usr/lib/gcc/x86_64-linux-gnu/5/../../../x86_64-linux-gnu/crtn.o
 .note.GNU-stack
                0x0000000000000000        0x0 /usr/lib/gcc/x86_64-linux-gnu/5/../../../x86_64-linux-gnu/crtn.o
 .gnu_debuglink
                0x0000000000000000        0xc /usr/lib/gcc/x86_64-linux-gnu/5/../../../x86_64-linux-gnu/crtn.o

Memory Configuration

Name             Origin             Length             Attributes
*default*        0x0000000000000000 0xffffffffffffffff

Linker script and memory map

LOAD /usr/lib/gcc/x86_64-linux-gnu/5/../../../x86_64-linux-gnu/crt1.o
LOAD /usr/lib/gcc/x86_64-linux-gnu/5/../../../x86_64-linux-gnu/crti.o
LOAD /usr/lib/gcc/x86_64-linux-gnu/5/crtbegin.o
LOAD /home/cswiggz/Documents/seniordesign/parrot/out/Unix-base/build/BebopDroneReceiveStream/obj/BebopDroneReceiveStream.c.o
LOAD /home/cswiggz/Documents/seniordesign/parrot/out/Unix-base/staging/usr/lib/libarsal.so
LOAD /home/cswiggz/Documents/seniordesign/parrot/out/Unix-base/staging/usr/lib/libarcommands.so
LOAD /home/cswiggz/Documents/seniordesign/parrot/out/Unix-base/staging/usr/lib/libarnetwork.so
LOAD /home/cswiggz/Documents/seniordesign/parrot/out/Unix-base/staging/usr/lib/libarnetworkal.so
LOAD /home/cswiggz/Documents/seniordesign/parrot/out/Unix-base/staging/usr/lib/libardiscovery.so
LOAD /home/cswiggz/Documents/seniordesign/parrot/out/Unix-base/staging/usr/lib/libarstream.so
LOAD /usr/lib/gcc/x86_64-linux-gnu/5/../../../x86_64-linux-gnu/librt.so
LOAD /usr/lib/gcc/x86_64-linux-gnu/5/libstdc++.so
LOAD /usr/lib/gcc/x86_64-linux-gnu/5/../../../x86_64-linux-gnu/libm.so
LOAD /usr/lib/gcc/x86_64-linux-gnu/5/libgcc_s.so
LOAD /usr/lib/gcc/x86_64-linux-gnu/5/libgcc.a
LOAD /usr/lib/gcc/x86_64-linux-gnu/5/../../../x86_64-linux-gnu/libpthread.so
START GROUP
LOAD /lib/x86_64-linux-gnu/libpthread.so.0
LOAD /usr/lib/x86_64-linux-gnu/libpthread_nonshared.a
END GROUP
LOAD /usr/lib/gcc/x86_64-linux-gnu/5/../../../x86_64-linux-gnu/libc.so
START GROUP
LOAD /lib/x86_64-linux-gnu/libc.so.6
LOAD /usr/lib/x86_64-linux-gnu/libc_nonshared.a
LOAD /lib/x86_64-linux-gnu/ld-linux-x86-64.so.2
END GROUP
LOAD /usr/lib/gcc/x86_64-linux-gnu/5/libgcc_s.so
LOAD /usr/lib/gcc/x86_64-linux-gnu/5/libgcc.a
LOAD /usr/lib/gcc/x86_64-linux-gnu/5/crtend.o
LOAD /usr/lib/gcc/x86_64-linux-gnu/5/../../../x86_64-linux-gnu/crtn.o
                [!provide]                        PROVIDE (__executable_start, 0x400000)
                0x0000000000400238                . = (0x400000 + SIZEOF_HEADERS)

.interp         0x0000000000400238       0x1c
 *(.interp)
 .interp        0x0000000000400238       0x1c /usr/lib/gcc/x86_64-linux-gnu/5/../../../x86_64-linux-gnu/crt1.o

.note.ABI-tag   0x0000000000400254       0x20
 .note.ABI-tag  0x0000000000400254       0x20 /usr/lib/gcc/x86_64-linux-gnu/5/../../../x86_64-linux-gnu/crt1.o

.note.gnu.build-id
                0x0000000000400274       0x24
 *(.note.gnu.build-id)
 .note.gnu.build-id
                0x0000000000400274       0x24 /usr/lib/gcc/x86_64-linux-gnu/5/../../../x86_64-linux-gnu/crt1.o

.hash
 *(.hash)

.gnu.hash       0x0000000000400298       0x30
 *(.gnu.hash)
 .gnu.hash      0x0000000000400298       0x30 /usr/lib/gcc/x86_64-linux-gnu/5/../../../x86_64-linux-gnu/crt1.o

.dynsym         0x00000000004002c8      0x5b8
 *(.dynsym)
 .dynsym        0x00000000004002c8      0x5b8 /usr/lib/gcc/x86_64-linux-gnu/5/../../../x86_64-linux-gnu/crt1.o

.dynstr         0x0000000000400880      0x5be
 *(.dynstr)
 .dynstr        0x0000000000400880      0x5be /usr/lib/gcc/x86_64-linux-gnu/5/../../../x86_64-linux-gnu/crt1.o

.gnu.version    0x0000000000400e3e       0x7a
 *(.gnu.version)
 .gnu.version   0x0000000000400e3e       0x7a /usr/lib/gcc/x86_64-linux-gnu/5/../../../x86_64-linux-gnu/crt1.o

.gnu.version_d  0x0000000000400eb8        0x0
 *(.gnu.version_d)
 .gnu.version_d
                0x0000000000400eb8        0x0 /usr/lib/gcc/x86_64-linux-gnu/5/../../../x86_64-linux-gnu/crt1.o

.gnu.version_r  0x0000000000400eb8       0x60
 *(.gnu.version_r)
 .gnu.version_r
                0x0000000000400eb8       0x60 /usr/lib/gcc/x86_64-linux-gnu/5/../../../x86_64-linux-gnu/crt1.o

.rela.dyn       0x0000000000400f18       0x90
 *(.rela.init)
 *(.rela.text .rela.text.* .rela.gnu.linkonce.t.*)
 .rela.text     0x0000000000400f18        0x0 /usr/lib/gcc/x86_64-linux-gnu/5/../../../x86_64-linux-gnu/crt1.o
 *(.rela.fini)
 *(.rela.rodata .rela.rodata.* .rela.gnu.linkonce.r.*)
 *(.rela.data .rela.data.* .rela.gnu.linkonce.d.*)
 *(.rela.tdata .rela.tdata.* .rela.gnu.linkonce.td.*)
 *(.rela.tbss .rela.tbss.* .rela.gnu.linkonce.tb.*)
 *(.rela.ctors)
 *(.rela.dtors)
 *(.rela.got)
 .rela.got      0x0000000000400f18       0x90 /usr/lib/gcc/x86_64-linux-gnu/5/../../../x86_64-linux-gnu/crt1.o
 *(.rela.bss .rela.bss.* .rela.gnu.linkonce.b.*)
 .rela.bss      0x0000000000400fa8        0x0 /usr/lib/gcc/x86_64-linux-gnu/5/../../../x86_64-linux-gnu/crt1.o
 *(.rela.ldata .rela.ldata.* .rela.gnu.linkonce.l.*)
 *(.rela.lbss .rela.lbss.* .rela.gnu.linkonce.lb.*)
 *(.rela.lrodata .rela.lrodata.* .rela.gnu.linkonce.lr.*)
 *(.rela.ifunc)

.rela.plt       0x0000000000400fa8      0x468
 *(.rela.plt)
 .rela.plt      0x0000000000400fa8      0x468 /usr/lib/gcc/x86_64-linux-gnu/5/../../../x86_64-linux-gnu/crt1.o
                [!provide]                        PROVIDE (__rela_iplt_start, .)
 *(.rela.iplt)
 .rela.iplt     0x0000000000401410        0x0 /usr/lib/gcc/x86_64-linux-gnu/5/../../../x86_64-linux-gnu/crt1.o
                [!provide]                        PROVIDE (__rela_iplt_end, .)

.init           0x0000000000401410       0x1a
 *(SORT(.init))
 .init          0x0000000000401410       0x15 /usr/lib/gcc/x86_64-linux-gnu/5/../../../x86_64-linux-gnu/crti.o
                0x0000000000401410                _init
 .init          0x0000000000401425        0x5 /usr/lib/gcc/x86_64-linux-gnu/5/../../../x86_64-linux-gnu/crtn.o

.plt            0x0000000000401430      0x300
 *(.plt)
 .plt           0x0000000000401430      0x300 /usr/lib/gcc/x86_64-linux-gnu/5/../../../x86_64-linux-gnu/crt1.o
                0x0000000000401440                free@@GLIBC_2.2.5
                0x0000000000401450                ARSAL_Thread_Destroy
                0x0000000000401460                ARNETWORK_Manager_Delete
                0x0000000000401470                ARSAL_Thread_Create
                0x0000000000401480                ARNETWORKAL_Manager_Delete
                0x0000000000401490                strncpy@@GLIBC_2.2.5
                0x00000000004014a0                ARSTREAM_Reader_Delete
                0x00000000004014b0                ARNETWORKAL_Manager_Unlock
                0x00000000004014c0                ARSTREAM_Reader_StopReader
                0x00000000004014d0                ARCOMMANDS_Generator_GenerateARDrone3MediaStreamingVideoEnable
                0x00000000004014e0                fclose@@GLIBC_2.2.5
                0x00000000004014f0                ARNETWORK_Manager_New
                0x0000000000401500                __stack_chk_fail@@GLIBC_2.4
                0x0000000000401510                ARSAL_Time_GetLocalTime
                0x0000000000401520                ARNETWORK_Manager_SendData
                0x0000000000401530                __libc_start_main@@GLIBC_2.2.5
                0x0000000000401540                ARCOMMANDS_Decoder_DecodeBuffer
                0x0000000000401550                calloc@@GLIBC_2.2.5
                0x0000000000401560                ARSTREAM_Reader_New
                0x0000000000401570                ARSAL_Thread_Join
                0x0000000000401580                ARNETWORK_Manager_ReadDataWithTimeout
                0x00000000004015a0                ARNETWORKAL_Error_ToString
                0x00000000004015b0                ARSTREAM_Reader_InitStreamAckBuffer
                0x00000000004015c0                kill@@GLIBC_2.2.5
                0x00000000004015d0                ARNETWORK_Error_ToString
                0x00000000004015e0                ARDISCOVERY_Error_ToString
                0x00000000004015f0                ARCOMMANDS_Decoder_DescribeBuffer
                0x0000000000401600                malloc@@GLIBC_2.2.5
                0x0000000000401610                fflush@@GLIBC_2.2.5
                0x0000000000401620                ARSAL_Print_PrintRaw
                0x0000000000401630                ARNETWORKAL_Manager_CloseWifiNetwork
                0x0000000000401640                strftime@@GLIBC_2.2.5
                0x0000000000401650                ARDISCOVERY_Connection_ControllerConnection
                0x0000000000401660                ARSTREAM_Error_ToString
                0x0000000000401670                ARNETWORK_Manager_Stop
                0x0000000000401680                ARNETWORKAL_Manager_New
                0x0000000000401690                fopen@@GLIBC_2.2.5
                0x00000000004016a0                ARDISCOVERY_Connection_Delete
                0x00000000004016b0                ARSTREAM_Reader_InitStreamDataBuffer
                0x00000000004016c0                fwrite@@GLIBC_2.2.5
                0x00000000004016d0                execlp@@GLIBC_2.2.5
                0x00000000004016e0                sleep@@GLIBC_2.2.5
                0x00000000004016f0                ARNETWORKAL_Manager_InitWifiNetwork
                0x0000000000401700                fork@@GLIBC_2.2.5
                0x0000000000401710                __sprintf_chk@@GLIBC_2.3.4
                0x0000000000401720                ARDISCOVERY_Connection_New
 *(.iplt)
 .iplt          0x0000000000401730        0x0 /usr/lib/gcc/x86_64-linux-gnu/5/../../../x86_64-linux-gnu/crt1.o

.plt.bnd
 *(.plt.bnd)

.text           0x0000000000401730     0x1a92
 *(.text.unlikely .text.*_unlikely .text.unlikely.*)
 *(.text.exit .text.exit.*)
 *(.text.startup .text.startup.*)
 .text.startup.main
                0x0000000000401730      0x615 /home/cswiggz/Documents/seniordesign/parrot/out/Unix-base/build/BebopDroneReceiveStream/obj/BebopDroneReceiveStream.c.o
                0x0000000000401730                main
 *(.text.hot .text.hot.*)
 *(.text .stub .text.* .gnu.linkonce.t.*)
 *fill*         0x0000000000401d45        0xb 
 .text          0x0000000000401d50       0x2a /usr/lib/gcc/x86_64-linux-gnu/5/../../../x86_64-linux-gnu/crt1.o
                0x0000000000401d50                _start
 *fill*         0x0000000000401d7a        0x6 
 .text          0x0000000000401d80       0xc6 /usr/lib/gcc/x86_64-linux-gnu/5/crtbegin.o
 *fill*         0x0000000000401e46        0xa 
 .text.onDisconnectNetwork
                0x0000000000401e50       0xb0 /home/cswiggz/Documents/seniordesign/parrot/out/Unix-base/build/BebopDroneReceiveStream/obj/BebopDroneReceiveStream.c.o
                0x0000000000401e50                onDisconnectNetwork
 .text.arnetworkCmdCallback
                0x0000000000401f00       0xc6 /home/cswiggz/Documents/seniordesign/parrot/out/Unix-base/build/BebopDroneReceiveStream/obj/BebopDroneReceiveStream.c.o
                0x0000000000401f00                arnetworkCmdCallback
 *fill*         0x0000000000401fc6        0xa 
 .text.readerRun
                0x0000000000401fd0      0x25c /home/cswiggz/Documents/seniordesign/parrot/out/Unix-base/build/BebopDroneReceiveStream/obj/BebopDroneReceiveStream.c.o
                0x0000000000401fd0                readerRun
 *fill*         0x000000000040222c        0x4 
 .text.ARDISCOVERY_Connection_SendJsonCallback
                0x0000000000402230       0x76 /home/cswiggz/Documents/seniordesign/parrot/out/Unix-base/build/BebopDroneReceiveStream/obj/BebopDroneReceiveStream.c.o
                0x0000000000402230                ARDISCOVERY_Connection_SendJsonCallback
 *fill*         0x00000000004022a6        0xa 
 .text.ARDISCOVERY_Connection_ReceiveJsonCallback
                0x00000000004022b0      0x104 /home/cswiggz/Documents/seniordesign/parrot/out/Unix-base/build/BebopDroneReceiveStream/obj/BebopDroneReceiveStream.c.o
                0x00000000004022b0                ARDISCOVERY_Connection_ReceiveJsonCallback
 *fill*         0x00000000004023b4        0xc 
 .text.frameCompleteCallback
                0x00000000004023c0       0x68 /home/cswiggz/Documents/seniordesign/parrot/out/Unix-base/build/BebopDroneReceiveStream/obj/BebopDroneReceiveStream.c.o
                0x00000000004023c0                frameCompleteCallback
 *fill*         0x0000000000402428        0x8 
 .text.ardiscoveryConnect
                0x0000000000402430      0x217 /home/cswiggz/Documents/seniordesign/parrot/out/Unix-base/build/BebopDroneReceiveStream/obj/BebopDroneReceiveStream.c.o
                0x0000000000402430                ardiscoveryConnect
 *fill*         0x0000000000402647        0x9 
 .text.startNetwork
                0x0000000000402650      0x3e4 /home/cswiggz/Documents/seniordesign/parrot/out/Unix-base/build/BebopDroneReceiveStream/obj/BebopDroneReceiveStream.c.o
                0x0000000000402650                startNetwork
 *fill*         0x0000000000402a34        0xc 
 .text.stopNetwork
                0x0000000000402a40      0x12d /home/cswiggz/Documents/seniordesign/parrot/out/Unix-base/build/BebopDroneReceiveStream/obj/BebopDroneReceiveStream.c.o
                0x0000000000402a40                stopNetwork
 *fill*         0x0000000000402b6d        0x3 
 .text.startVideo
                0x0000000000402b70      0x2df /home/cswiggz/Documents/seniordesign/parrot/out/Unix-base/build/BebopDroneReceiveStream/obj/BebopDroneReceiveStream.c.o
                0x0000000000402b70                startVideo
 *fill*         0x0000000000402e4f        0x1 
 .text.stopVideo
                0x0000000000402e50      0x12e /home/cswiggz/Documents/seniordesign/parrot/out/Unix-base/build/BebopDroneReceiveStream/obj/BebopDroneReceiveStream.c.o
                0x0000000000402e50                stopVideo
 *fill*         0x0000000000402f7e        0x2 
 .text.sendBeginStream
                0x0000000000402f80      0x1cf /home/cswiggz/Documents/seniordesign/parrot/out/Unix-base/build/BebopDroneReceiveStream/obj/BebopDroneReceiveStream.c.o
                0x0000000000402f80                sendBeginStream
 *fill*         0x000000000040314f        0x1 
 .text          0x0000000000403150       0x72 /usr/lib/x86_64-linux-gnu/libc_nonshared.a(elf-init.oS)
                0x0000000000403150                __libc_csu_init
                0x00000000004031c0                __libc_csu_fini
 *(.gnu.warning)

.fini           0x00000000004031c4        0x9
 *(SORT(.fini))
 .fini          0x00000000004031c4        0x4 /usr/lib/gcc/x86_64-linux-gnu/5/../../../x86_64-linux-gnu/crti.o
                0x00000000004031c4                _fini
 .fini          0x00000000004031c8        0x5 /usr/lib/gcc/x86_64-linux-gnu/5/../../../x86_64-linux-gnu/crtn.o
                [!provide]                        PROVIDE (__etext, .)
                [!provide]                        PROVIDE (_etext, .)
                [!provide]                        PROVIDE (etext, .)

.rodata         0x00000000004031e0      0x7d0
 *(.rodata .rodata.* .gnu.linkonce.r.*)
 .rodata.str1.1
                0x00000000004031e0       0x95 /home/cswiggz/Documents/seniordesign/parrot/out/Unix-base/build/BebopDroneReceiveStream/obj/BebopDroneReceiveStream.c.o
                                         0xa0 (size before relaxing)
 *fill*         0x0000000000403275        0x3 
 .rodata.str1.8
                0x0000000000403278      0x640 /home/cswiggz/Documents/seniordesign/parrot/out/Unix-base/build/BebopDroneReceiveStream/obj/BebopDroneReceiveStream.c.o
                                        0x63d (size before relaxing)
 *fill*         0x00000000004038b8        0x8 
 .rodata        0x00000000004038c0       0xf0 /home/cswiggz/Documents/seniordesign/parrot/out/Unix-base/build/BebopDroneReceiveStream/obj/BebopDroneReceiveStream.c.o

.rodata1
 *(.rodata1)

.eh_frame_hdr   0x00000000004039b0       0x94
 *(.eh_frame_hdr)
 .eh_frame_hdr  0x00000000004039b0       0x94 /usr/lib/gcc/x86_64-linux-gnu/5/../../../x86_64-linux-gnu/crt1.o

.eh_frame       0x0000000000403a48      0x644
 *(.eh_frame)
 .eh_frame      0x0000000000403a48       0x30 /usr/lib/gcc/x86_64-linux-gnu/5/../../../x86_64-linux-gnu/crt1.o
 .eh_frame      0x0000000000403a78       0x40 /usr/lib/gcc/x86_64-linux-gnu/5/../../../x86_64-linux-gnu/crt1.o
 .eh_frame      0x0000000000403ab8      0x570 /home/cswiggz/Documents/seniordesign/parrot/out/Unix-base/build/BebopDroneReceiveStream/obj/BebopDroneReceiveStream.c.o
                                        0x568 (size before relaxing)
 .eh_frame      0x0000000000404028       0x60 /usr/lib/x86_64-linux-gnu/libc_nonshared.a(elf-init.oS)
                                         0x78 (size before relaxing)
 .eh_frame      0x0000000000404088        0x4 /usr/lib/gcc/x86_64-linux-gnu/5/crtend.o

.gcc_except_table
 *(.gcc_except_table .gcc_except_table.*)

.exception_ranges
 *(.exception_ranges .exception_ranges*)
                0x000000000040408c                . = (ALIGN (0x200000) - ((0x200000 - .) & 0x1fffff))
                0x0000000000604d78                . = DATA_SEGMENT_ALIGN (0x200000, 0x1000)

.eh_frame
 *(.eh_frame)

.gcc_except_table
 *(.gcc_except_table .gcc_except_table.*)

.exception_ranges
 *(.exception_ranges .exception_ranges*)

.tdata
 *(.tdata .tdata.* .gnu.linkonce.td.*)

.tbss
 *(.tbss .tbss.* .gnu.linkonce.tb.*)
 *(.tcommon)

.preinit_array  0x0000000000604d78        0x0
                [!provide]                        PROVIDE (__preinit_array_start, .)
 *(.preinit_array)
                [!provide]                        PROVIDE (__preinit_array_end, .)

.init_array     0x0000000000604d78        0x8
                0x0000000000604d78                PROVIDE (__init_array_start, .)
 *(SORT(.init_array.*) SORT(.ctors.*))
 *(.init_array EXCLUDE_FILE(*crtend?.o *crtend.o *crtbegin?.o *crtbegin.o) .ctors)
 .init_array    0x0000000000604d78        0x8 /usr/lib/gcc/x86_64-linux-gnu/5/crtbegin.o
                0x0000000000604d80                PROVIDE (__init_array_end, .)

.fini_array     0x0000000000604d80        0x8
                [!provide]                        PROVIDE (__fini_array_start, .)
 *(SORT(.fini_array.*) SORT(.dtors.*))
 *(.fini_array EXCLUDE_FILE(*crtend?.o *crtend.o *crtbegin?.o *crtbegin.o) .dtors)
 .fini_array    0x0000000000604d80        0x8 /usr/lib/gcc/x86_64-linux-gnu/5/crtbegin.o
                [!provide]                        PROVIDE (__fini_array_end, .)

.ctors
 *crtbegin.o(.ctors)
 *crtbegin?.o(.ctors)
 *(EXCLUDE_FILE(*crtend?.o *crtend.o) .ctors)
 *(SORT(.ctors.*))
 *(.ctors)

.dtors
 *crtbegin.o(.dtors)
 *crtbegin?.o(.dtors)
 *(EXCLUDE_FILE(*crtend?.o *crtend.o) .dtors)
 *(SORT(.dtors.*))
 *(.dtors)

.jcr            0x0000000000604d88        0x8
 *(.jcr)
 .jcr           0x0000000000604d88        0x0 /usr/lib/gcc/x86_64-linux-gnu/5/crtbegin.o
 .jcr           0x0000000000604d88        0x8 /usr/lib/gcc/x86_64-linux-gnu/5/crtend.o

.data.rel.ro
 *(.data.rel.ro.local* .gnu.linkonce.d.rel.ro.local.*)
 *(.data.rel.ro .data.rel.ro.* .gnu.linkonce.d.rel.ro.*)

.dynamic        0x0000000000604d90      0x240
 *(.dynamic)
 .dynamic       0x0000000000604d90      0x240 /usr/lib/gcc/x86_64-linux-gnu/5/../../../x86_64-linux-gnu/crt1.o
                0x0000000000604d90                _DYNAMIC

.got            0x0000000000604fd0       0x30
 *(.got)
 .got           0x0000000000604fd0       0x30 /usr/lib/gcc/x86_64-linux-gnu/5/../../../x86_64-linux-gnu/crt1.o
 *(.igot)
                0x0000000000605fe8                . = DATA_SEGMENT_RELRO_END (., (SIZEOF (.got.plt) >= 0x18)?0x18:0x0)

.got.plt        0x0000000000605000      0x190
 *(.got.plt)
 .got.plt       0x0000000000605000      0x190 /usr/lib/gcc/x86_64-linux-gnu/5/../../../x86_64-linux-gnu/crt1.o
                0x0000000000605000                _GLOBAL_OFFSET_TABLE_
 *(.igot.plt)
 .igot.plt      0x0000000000605190        0x0 /usr/lib/gcc/x86_64-linux-gnu/5/../../../x86_64-linux-gnu/crt1.o

.data           0x00000000006051a0       0xe0
 *(.data .data.* .gnu.linkonce.d.*)
 .data          0x00000000006051a0       0xe0 /home/cswiggz/Documents/seniordesign/parrot/out/Unix-base/build/BebopDroneReceiveStream/obj/BebopDroneReceiveStream.c.o

.tm_clone_table
                0x0000000000605280        0x0
 .tm_clone_table
                0x0000000000605280        0x0 /usr/lib/gcc/x86_64-linux-gnu/5/crtbegin.o
 .tm_clone_table
                0x0000000000605280        0x0 /usr/lib/gcc/x86_64-linux-gnu/5/crtend.o

.data1
 *(.data1)
                0x0000000000605280                _edata = .
                [!provide]                        PROVIDE (edata, .)
                0x0000000000605280                . = .
                0x0000000000605280                __bss_start = .

.bss            0x0000000000605280        0x8
 *(.dynbss)
 .dynbss        0x0000000000605280        0x0 /usr/lib/gcc/x86_64-linux-gnu/5/../../../x86_64-linux-gnu/crt1.o
 *(.bss .bss.* .gnu.linkonce.b.*)
 .bss           0x0000000000605280        0x1 /usr/lib/gcc/x86_64-linux-gnu/5/crtbegin.o
 *(COMMON)
                0x0000000000605288                . = ALIGN ((. != 0x0)?0x8:0x1)
 *fill*         0x0000000000605281        0x7 

.lbss
 *(.dynlbss)
 *(.lbss .lbss.* .gnu.linkonce.lb.*)
 *(LARGE_COMMON)
                0x0000000000605288                . = ALIGN (0x8)
                0x0000000000605288                . = SEGMENT_START ("ldata-segment", .)

.lrodata
 *(.lrodata .lrodata.* .gnu.linkonce.lr.*)

.ldata          0x0000000000a05288        0x0
 *(.ldata .ldata.* .gnu.linkonce.l.*)
                0x0000000000a05288                . = ALIGN ((. != 0x0)?0x8:0x1)
                0x0000000000a05288                . = ALIGN (0x8)
                0x0000000000a05288                _end = .
                [!provide]                        PROVIDE (end, .)
                0x0000000000a05288                . = DATA_SEGMENT_END (.)

.stab
 *(.stab)

.stabstr
 *(.stabstr)

.stab.excl
 *(.stab.excl)

.stab.exclstr
 *(.stab.exclstr)

.stab.index
 *(.stab.index)

.stab.indexstr
 *(.stab.indexstr)

.comment        0x0000000000000000       0x52
 *(.comment)
 .comment       0x0000000000000000       0x2d /usr/lib/gcc/x86_64-linux-gnu/5/crtbegin.o
                                         0x2e (size before relaxing)
 .comment       0x000000000000002d       0x2e /home/cswiggz/Documents/seniordesign/parrot/out/Unix-base/build/BebopDroneReceiveStream/obj/BebopDroneReceiveStream.c.o
 .comment       0x000000000000002d       0x25 /usr/lib/x86_64-linux-gnu/libc_nonshared.a(elf-init.oS)
                                         0x26 (size before relaxing)
 .comment       0x0000000000000052       0x2e /usr/lib/gcc/x86_64-linux-gnu/5/crtend.o

.debug
 *(.debug)

.line
 *(.line)

.debug_srcinfo
 *(.debug_srcinfo)

.debug_sfnames
 *(.debug_sfnames)

.debug_aranges  0x0000000000000000       0xf0
 *(.debug_aranges)
 .debug_aranges
                0x0000000000000000       0xf0 /home/cswiggz/Documents/seniordesign/parrot/out/Unix-base/build/BebopDroneReceiveStream/obj/BebopDroneReceiveStream.c.o

.debug_pubnames
 *(.debug_pubnames)

.debug_info     0x0000000000000000     0x3852
 *(.debug_info .gnu.linkonce.wi.*)
 .debug_info    0x0000000000000000     0x3852 /home/cswiggz/Documents/seniordesign/parrot/out/Unix-base/build/BebopDroneReceiveStream/obj/BebopDroneReceiveStream.c.o

.debug_abbrev   0x0000000000000000      0x3ac
 *(.debug_abbrev)
 .debug_abbrev  0x0000000000000000      0x3ac /home/cswiggz/Documents/seniordesign/parrot/out/Unix-base/build/BebopDroneReceiveStream/obj/BebopDroneReceiveStream.c.o

.debug_line     0x0000000000000000      0x780
 *(.debug_line .debug_line.* .debug_line_end)
 .debug_line    0x0000000000000000      0x780 /home/cswiggz/Documents/seniordesign/parrot/out/Unix-base/build/BebopDroneReceiveStream/obj/BebopDroneReceiveStream.c.o

.debug_frame
 *(.debug_frame)

.debug_str      0x0000000000000000     0x2015
 *(.debug_str)
 .debug_str     0x0000000000000000     0x2015 /home/cswiggz/Documents/seniordesign/parrot/out/Unix-base/build/BebopDroneReceiveStream/obj/BebopDroneReceiveStream.c.o
                                       0x20f3 (size before relaxing)

.debug_loc      0x0000000000000000     0x1564
 *(.debug_loc)
 .debug_loc     0x0000000000000000     0x1564 /home/cswiggz/Documents/seniordesign/parrot/out/Unix-base/build/BebopDroneReceiveStream/obj/BebopDroneReceiveStream.c.o

.debug_macinfo
 *(.debug_macinfo)

.debug_weaknames
 *(.debug_weaknames)

.debug_funcnames
 *(.debug_funcnames)

.debug_typenames
 *(.debug_typenames)

.debug_varnames
 *(.debug_varnames)

.debug_pubtypes
 *(.debug_pubtypes)

.debug_ranges   0x0000000000000000      0x630
 *(.debug_ranges)
 .debug_ranges  0x0000000000000000      0x630 /home/cswiggz/Documents/seniordesign/parrot/out/Unix-base/build/BebopDroneReceiveStream/obj/BebopDroneReceiveStream.c.o

.debug_macro
 *(.debug_macro)

.gnu.attributes
 *(.gnu.attributes)

/DISCARD/
 *(.note.GNU-stack)
 *(.gnu_debuglink)
 *(.gnu.lto_*)
OUTPUT(/home/cswiggz/Documents/seniordesign/parrot/out/Unix-base/build/BebopDroneReceiveStream/BebopDroneReceiveStream elf64-x86-64)
