Archive member included to satisfy reference by file (symbol)

/usr/lib/x86_64-linux-gnu/libc_nonshared.a(elf-init.oS)
                              /usr/lib/gcc/x86_64-linux-gnu/5/../../../x86_64-linux-gnu/crt1.o (__libc_csu_init)

As-needed library included to satisfy reference by file (symbol)

libarsal-3.1.0.so             /home/cswiggz/Documents/seniordesign/parrot/out/Unix-base/build/JumpingSumoPiloting/obj/JumpingSumoPiloting.c.o (ARSAL_Time_GetLocalTime)
libarcommands-3.1.0.so        /home/cswiggz/Documents/seniordesign/parrot/out/Unix-base/build/JumpingSumoPiloting/obj/JumpingSumoPiloting.c.o (ARCOMMANDS_Decoder_SetCommonCommonStateBatteryStateChangedCallback)
libarnetwork-3.1.0.so         /home/cswiggz/Documents/seniordesign/parrot/out/Unix-base/build/JumpingSumoPiloting/obj/JumpingSumoPiloting.c.o (ARNETWORK_Manager_ReceivingThreadRun)
libarnetworkal-3.1.0.so       /home/cswiggz/Documents/seniordesign/parrot/out/Unix-base/build/JumpingSumoPiloting/obj/JumpingSumoPiloting.c.o (ARNETWORKAL_Error_ToString)
libardiscovery-3.1.0.so       /home/cswiggz/Documents/seniordesign/parrot/out/Unix-base/build/JumpingSumoPiloting/obj/JumpingSumoPiloting.c.o (ARDISCOVERY_Connection_New)
libncurses.so.5               /home/cswiggz/Documents/seniordesign/parrot/out/Unix-base/build/JumpingSumoPiloting/obj/ihm.c.o (delwin)
libtinfo.so.5                 /home/cswiggz/Documents/seniordesign/parrot/out/Unix-base/build/JumpingSumoPiloting/obj/ihm.c.o (wtimeout)
libc.so.6                     /home/cswiggz/Documents/seniordesign/parrot/out/Unix-base/build/JumpingSumoPiloting/obj/JumpingSumoPiloting.c.o (__printf_chk@@GLIBC_2.3.4)

Allocating common symbols
Common symbol       size              file

gErrorStr           0x800             /home/cswiggz/Documents/seniordesign/parrot/out/Unix-base/build/JumpingSumoPiloting/obj/JumpingSumoPiloting.c.o

Discarded input sections

 .rodata.cst4   0x0000000000000000        0x4 /usr/lib/gcc/x86_64-linux-gnu/5/../../../x86_64-linux-gnu/crt1.o
 .data          0x0000000000000000        0x4 /usr/lib/gcc/x86_64-linux-gnu/5/../../../x86_64-linux-gnu/crt1.o
 .bss           0x0000000000000000        0x0 /usr/lib/gcc/x86_64-linux-gnu/5/../../../x86_64-linux-gnu/crt1.o
 .note.GNU-stack
                0x0000000000000000        0x0 /usr/lib/gcc/x86_64-linux-gnu/5/../../../x86_64-linux-gnu/crt1.o
 .gnu_debuglink
                0x0000000000000000        0xc /usr/lib/gcc/x86_64-linux-gnu/5/../../../x86_64-linux-gnu/crt1.o
 .text          0x0000000000000000        0x0 /usr/lib/gcc/x86_64-linux-gnu/5/../../../x86_64-linux-gnu/crti.o
 .data          0x0000000000000000        0x0 /usr/lib/gcc/x86_64-linux-gnu/5/../../../x86_64-linux-gnu/crti.o
 .bss           0x0000000000000000        0x0 /usr/lib/gcc/x86_64-linux-gnu/5/../../../x86_64-linux-gnu/crti.o
 .note.GNU-stack
                0x0000000000000000        0x0 /usr/lib/gcc/x86_64-linux-gnu/5/../../../x86_64-linux-gnu/crti.o
 .gnu_debuglink
                0x0000000000000000        0xc /usr/lib/gcc/x86_64-linux-gnu/5/../../../x86_64-linux-gnu/crti.o
 .data          0x0000000000000000        0x8 /usr/lib/gcc/x86_64-linux-gnu/5/crtbegin.o
 .text.unlikely
                0x0000000000000000        0x0 /usr/lib/gcc/x86_64-linux-gnu/5/crtbegin.o
 .note.GNU-stack
                0x0000000000000000        0x0 /usr/lib/gcc/x86_64-linux-gnu/5/crtbegin.o
 .text          0x0000000000000000        0x0 /home/cswiggz/Documents/seniordesign/parrot/out/Unix-base/build/JumpingSumoPiloting/obj/JumpingSumoPiloting.c.o
 .bss           0x0000000000000000        0x0 /home/cswiggz/Documents/seniordesign/parrot/out/Unix-base/build/JumpingSumoPiloting/obj/JumpingSumoPiloting.c.o
 .text.unlikely.onDisconnectNetwork
                0x0000000000000000        0x0 /home/cswiggz/Documents/seniordesign/parrot/out/Unix-base/build/JumpingSumoPiloting/obj/JumpingSumoPiloting.c.o
 .text.unlikely.arnetworkCmdCallback
                0x0000000000000000        0x0 /home/cswiggz/Documents/seniordesign/parrot/out/Unix-base/build/JumpingSumoPiloting/obj/JumpingSumoPiloting.c.o
 .text.unlikely.readerRun
                0x0000000000000000        0x0 /home/cswiggz/Documents/seniordesign/parrot/out/Unix-base/build/JumpingSumoPiloting/obj/JumpingSumoPiloting.c.o
 .text.unlikely.ARDISCOVERY_Connection_SendJsonCallback
                0x0000000000000000        0x0 /home/cswiggz/Documents/seniordesign/parrot/out/Unix-base/build/JumpingSumoPiloting/obj/JumpingSumoPiloting.c.o
 .text.unlikely.ARDISCOVERY_Connection_ReceiveJsonCallback
                0x0000000000000000        0x0 /home/cswiggz/Documents/seniordesign/parrot/out/Unix-base/build/JumpingSumoPiloting/obj/JumpingSumoPiloting.c.o
 .text.unlikely.batteryStateChangedCallback
                0x0000000000000000        0x0 /home/cswiggz/Documents/seniordesign/parrot/out/Unix-base/build/JumpingSumoPiloting/obj/JumpingSumoPiloting.c.o
 .text.unlikely.customPrintCallback
                0x0000000000000000        0x0 /home/cswiggz/Documents/seniordesign/parrot/out/Unix-base/build/JumpingSumoPiloting/obj/JumpingSumoPiloting.c.o
 .text.unlikely.ardiscoveryConnect
                0x0000000000000000        0x0 /home/cswiggz/Documents/seniordesign/parrot/out/Unix-base/build/JumpingSumoPiloting/obj/JumpingSumoPiloting.c.o
 .text.unlikely.startNetwork
                0x0000000000000000        0x0 /home/cswiggz/Documents/seniordesign/parrot/out/Unix-base/build/JumpingSumoPiloting/obj/JumpingSumoPiloting.c.o
 .text.unlikely.stopNetwork
                0x0000000000000000        0x0 /home/cswiggz/Documents/seniordesign/parrot/out/Unix-base/build/JumpingSumoPiloting/obj/JumpingSumoPiloting.c.o
 .text.unlikely.registerARCommandsCallbacks
                0x0000000000000000        0x0 /home/cswiggz/Documents/seniordesign/parrot/out/Unix-base/build/JumpingSumoPiloting/obj/JumpingSumoPiloting.c.o
 .text.unlikely.unregisterARCommandsCallbacks
                0x0000000000000000        0x0 /home/cswiggz/Documents/seniordesign/parrot/out/Unix-base/build/JumpingSumoPiloting/obj/JumpingSumoPiloting.c.o
 .text.unlikely.main
                0x0000000000000000        0x0 /home/cswiggz/Documents/seniordesign/parrot/out/Unix-base/build/JumpingSumoPiloting/obj/JumpingSumoPiloting.c.o
 .text.unlikely.sendPCMD
                0x0000000000000000        0x0 /home/cswiggz/Documents/seniordesign/parrot/out/Unix-base/build/JumpingSumoPiloting/obj/JumpingSumoPiloting.c.o
 .text.unlikely.looperRun
                0x0000000000000000        0x0 /home/cswiggz/Documents/seniordesign/parrot/out/Unix-base/build/JumpingSumoPiloting/obj/JumpingSumoPiloting.c.o
 .text.unlikely.sendJump
                0x0000000000000000        0x0 /home/cswiggz/Documents/seniordesign/parrot/out/Unix-base/build/JumpingSumoPiloting/obj/JumpingSumoPiloting.c.o
 .text.unlikely.onInputEvent
                0x0000000000000000        0x0 /home/cswiggz/Documents/seniordesign/parrot/out/Unix-base/build/JumpingSumoPiloting/obj/JumpingSumoPiloting.c.o
 .note.GNU-stack
                0x0000000000000000        0x0 /home/cswiggz/Documents/seniordesign/parrot/out/Unix-base/build/JumpingSumoPiloting/obj/JumpingSumoPiloting.c.o
 .text          0x0000000000000000        0x0 /home/cswiggz/Documents/seniordesign/parrot/out/Unix-base/build/JumpingSumoPiloting/obj/ihm.c.o
 .data          0x0000000000000000        0x0 /home/cswiggz/Documents/seniordesign/parrot/out/Unix-base/build/JumpingSumoPiloting/obj/ihm.c.o
 .bss           0x0000000000000000        0x0 /home/cswiggz/Documents/seniordesign/parrot/out/Unix-base/build/JumpingSumoPiloting/obj/ihm.c.o
 .text.unlikely.IHM_InputProcessing
                0x0000000000000000        0x0 /home/cswiggz/Documents/seniordesign/parrot/out/Unix-base/build/JumpingSumoPiloting/obj/ihm.c.o
 .text.unlikely.IHM_Delete
                0x0000000000000000        0x0 /home/cswiggz/Documents/seniordesign/parrot/out/Unix-base/build/JumpingSumoPiloting/obj/ihm.c.o
 .text.unlikely.IHM_New
                0x0000000000000000        0x0 /home/cswiggz/Documents/seniordesign/parrot/out/Unix-base/build/JumpingSumoPiloting/obj/ihm.c.o
 .text.unlikely.IHM_setCustomData
                0x0000000000000000        0x0 /home/cswiggz/Documents/seniordesign/parrot/out/Unix-base/build/JumpingSumoPiloting/obj/ihm.c.o
 .text.unlikely.IHM_PrintHeader
                0x0000000000000000        0x0 /home/cswiggz/Documents/seniordesign/parrot/out/Unix-base/build/JumpingSumoPiloting/obj/ihm.c.o
 .text.unlikely.IHM_PrintInfo
                0x0000000000000000        0x0 /home/cswiggz/Documents/seniordesign/parrot/out/Unix-base/build/JumpingSumoPiloting/obj/ihm.c.o
 .text.unlikely.IHM_PrintBattery
                0x0000000000000000        0x0 /home/cswiggz/Documents/seniordesign/parrot/out/Unix-base/build/JumpingSumoPiloting/obj/ihm.c.o
 .note.GNU-stack
                0x0000000000000000        0x0 /home/cswiggz/Documents/seniordesign/parrot/out/Unix-base/build/JumpingSumoPiloting/obj/ihm.c.o
 .data          0x0000000000000000        0x0 /usr/lib/x86_64-linux-gnu/libc_nonshared.a(elf-init.oS)
 .bss           0x0000000000000000        0x0 /usr/lib/x86_64-linux-gnu/libc_nonshared.a(elf-init.oS)
 .text.unlikely
                0x0000000000000000        0x0 /usr/lib/x86_64-linux-gnu/libc_nonshared.a(elf-init.oS)
 .note.GNU-stack
                0x0000000000000000        0x0 /usr/lib/x86_64-linux-gnu/libc_nonshared.a(elf-init.oS)
 .text          0x0000000000000000        0x0 /usr/lib/gcc/x86_64-linux-gnu/5/crtend.o
 .data          0x0000000000000000        0x0 /usr/lib/gcc/x86_64-linux-gnu/5/crtend.o
 .bss           0x0000000000000000        0x0 /usr/lib/gcc/x86_64-linux-gnu/5/crtend.o
 .note.GNU-stack
                0x0000000000000000        0x0 /usr/lib/gcc/x86_64-linux-gnu/5/crtend.o
 .text          0x0000000000000000        0x0 /usr/lib/gcc/x86_64-linux-gnu/5/../../../x86_64-linux-gnu/crtn.o
 .data          0x0000000000000000        0x0 /usr/lib/gcc/x86_64-linux-gnu/5/../../../x86_64-linux-gnu/crtn.o
 .bss           0x0000000000000000        0x0 /usr/lib/gcc/x86_64-linux-gnu/5/../../../x86_64-linux-gnu/crtn.o
 .note.GNU-stack
                0x0000000000000000        0x0 /usr/lib/gcc/x86_64-linux-gnu/5/../../../x86_64-linux-gnu/crtn.o
 .gnu_debuglink
                0x0000000000000000        0xc /usr/lib/gcc/x86_64-linux-gnu/5/../../../x86_64-linux-gnu/crtn.o

Memory Configuration

Name             Origin             Length             Attributes
*default*        0x0000000000000000 0xffffffffffffffff

Linker script and memory map

LOAD /usr/lib/gcc/x86_64-linux-gnu/5/../../../x86_64-linux-gnu/crt1.o
LOAD /usr/lib/gcc/x86_64-linux-gnu/5/../../../x86_64-linux-gnu/crti.o
LOAD /usr/lib/gcc/x86_64-linux-gnu/5/crtbegin.o
LOAD /home/cswiggz/Documents/seniordesign/parrot/out/Unix-base/build/JumpingSumoPiloting/obj/JumpingSumoPiloting.c.o
LOAD /home/cswiggz/Documents/seniordesign/parrot/out/Unix-base/build/JumpingSumoPiloting/obj/ihm.c.o
LOAD /home/cswiggz/Documents/seniordesign/parrot/out/Unix-base/staging/usr/lib/libarsal.so
LOAD /home/cswiggz/Documents/seniordesign/parrot/out/Unix-base/staging/usr/lib/libarcommands.so
LOAD /home/cswiggz/Documents/seniordesign/parrot/out/Unix-base/staging/usr/lib/libarnetwork.so
LOAD /home/cswiggz/Documents/seniordesign/parrot/out/Unix-base/staging/usr/lib/libarnetworkal.so
LOAD /home/cswiggz/Documents/seniordesign/parrot/out/Unix-base/staging/usr/lib/libardiscovery.so
LOAD /usr/lib/gcc/x86_64-linux-gnu/5/../../../x86_64-linux-gnu/libncurses.so
LOAD /lib/x86_64-linux-gnu/libncurses.so.5
LOAD /usr/lib/gcc/x86_64-linux-gnu/5/../../../x86_64-linux-gnu/libtinfo.so
LOAD /usr/lib/gcc/x86_64-linux-gnu/5/../../../x86_64-linux-gnu/librt.so
LOAD /usr/lib/gcc/x86_64-linux-gnu/5/libstdc++.so
LOAD /usr/lib/gcc/x86_64-linux-gnu/5/../../../x86_64-linux-gnu/libm.so
LOAD /usr/lib/gcc/x86_64-linux-gnu/5/libgcc_s.so
LOAD /usr/lib/gcc/x86_64-linux-gnu/5/libgcc.a
LOAD /usr/lib/gcc/x86_64-linux-gnu/5/../../../x86_64-linux-gnu/libpthread.so
START GROUP
LOAD /lib/x86_64-linux-gnu/libpthread.so.0
LOAD /usr/lib/x86_64-linux-gnu/libpthread_nonshared.a
END GROUP
LOAD /usr/lib/gcc/x86_64-linux-gnu/5/../../../x86_64-linux-gnu/libc.so
START GROUP
LOAD /lib/x86_64-linux-gnu/libc.so.6
LOAD /usr/lib/x86_64-linux-gnu/libc_nonshared.a
LOAD /lib/x86_64-linux-gnu/ld-linux-x86-64.so.2
END GROUP
LOAD /usr/lib/gcc/x86_64-linux-gnu/5/libgcc_s.so
LOAD /usr/lib/gcc/x86_64-linux-gnu/5/libgcc.a
LOAD /usr/lib/gcc/x86_64-linux-gnu/5/crtend.o
LOAD /usr/lib/gcc/x86_64-linux-gnu/5/../../../x86_64-linux-gnu/crtn.o
                [!provide]                        PROVIDE (__executable_start, 0x400000)
                0x0000000000400238                . = (0x400000 + SIZEOF_HEADERS)

.interp         0x0000000000400238       0x1c
 *(.interp)
 .interp        0x0000000000400238       0x1c /usr/lib/gcc/x86_64-linux-gnu/5/../../../x86_64-linux-gnu/crt1.o

.note.ABI-tag   0x0000000000400254       0x20
 .note.ABI-tag  0x0000000000400254       0x20 /usr/lib/gcc/x86_64-linux-gnu/5/../../../x86_64-linux-gnu/crt1.o

.note.gnu.build-id
                0x0000000000400274       0x24
 *(.note.gnu.build-id)
 .note.gnu.build-id
                0x0000000000400274       0x24 /usr/lib/gcc/x86_64-linux-gnu/5/../../../x86_64-linux-gnu/crt1.o

.hash
 *(.hash)

.gnu.hash       0x0000000000400298       0x30
 *(.gnu.hash)
 .gnu.hash      0x0000000000400298       0x30 /usr/lib/gcc/x86_64-linux-gnu/5/../../../x86_64-linux-gnu/crt1.o

.dynsym         0x00000000004002c8      0x600
 *(.dynsym)
 .dynsym        0x00000000004002c8      0x600 /usr/lib/gcc/x86_64-linux-gnu/5/../../../x86_64-linux-gnu/crt1.o

.dynstr         0x00000000004008c8      0x5b0
 *(.dynstr)
 .dynstr        0x00000000004008c8      0x5b0 /usr/lib/gcc/x86_64-linux-gnu/5/../../../x86_64-linux-gnu/crt1.o

.gnu.version    0x0000000000400e78       0x80
 *(.gnu.version)
 .gnu.version   0x0000000000400e78       0x80 /usr/lib/gcc/x86_64-linux-gnu/5/../../../x86_64-linux-gnu/crt1.o

.gnu.version_d  0x0000000000400ef8        0x0
 *(.gnu.version_d)
 .gnu.version_d
                0x0000000000400ef8        0x0 /usr/lib/gcc/x86_64-linux-gnu/5/../../../x86_64-linux-gnu/crt1.o

.gnu.version_r  0x0000000000400ef8       0x40
 *(.gnu.version_r)
 .gnu.version_r
                0x0000000000400ef8       0x40 /usr/lib/gcc/x86_64-linux-gnu/5/../../../x86_64-linux-gnu/crt1.o

.rela.dyn       0x0000000000400f38       0x78
 *(.rela.init)
 *(.rela.text .rela.text.* .rela.gnu.linkonce.t.*)
 .rela.text     0x0000000000400f38        0x0 /usr/lib/gcc/x86_64-linux-gnu/5/../../../x86_64-linux-gnu/crt1.o
 *(.rela.fini)
 *(.rela.rodata .rela.rodata.* .rela.gnu.linkonce.r.*)
 *(.rela.data .rela.data.* .rela.gnu.linkonce.d.*)
 *(.rela.tdata .rela.tdata.* .rela.gnu.linkonce.td.*)
 *(.rela.tbss .rela.tbss.* .rela.gnu.linkonce.tb.*)
 *(.rela.ctors)
 *(.rela.dtors)
 *(.rela.got)
 .rela.got      0x0000000000400f38       0x78 /usr/lib/gcc/x86_64-linux-gnu/5/../../../x86_64-linux-gnu/crt1.o
 *(.rela.bss .rela.bss.* .rela.gnu.linkonce.b.*)
 .rela.bss      0x0000000000400fb0        0x0 /usr/lib/gcc/x86_64-linux-gnu/5/../../../x86_64-linux-gnu/crt1.o
 *(.rela.ldata .rela.ldata.* .rela.gnu.linkonce.l.*)
 *(.rela.lbss .rela.lbss.* .rela.gnu.linkonce.lb.*)
 *(.rela.lrodata .rela.lrodata.* .rela.gnu.linkonce.lr.*)
 *(.rela.ifunc)

.rela.plt       0x0000000000400fb0      0x4c8
 *(.rela.plt)
 .rela.plt      0x0000000000400fb0      0x4c8 /usr/lib/gcc/x86_64-linux-gnu/5/../../../x86_64-linux-gnu/crt1.o
                [!provide]                        PROVIDE (__rela_iplt_start, .)
 *(.rela.iplt)
 .rela.iplt     0x0000000000401478        0x0 /usr/lib/gcc/x86_64-linux-gnu/5/../../../x86_64-linux-gnu/crt1.o
                [!provide]                        PROVIDE (__rela_iplt_end, .)

.init           0x0000000000401478       0x1a
 *(SORT(.init))
 .init          0x0000000000401478       0x15 /usr/lib/gcc/x86_64-linux-gnu/5/../../../x86_64-linux-gnu/crti.o
                0x0000000000401478                _init
 .init          0x000000000040148d        0x5 /usr/lib/gcc/x86_64-linux-gnu/5/../../../x86_64-linux-gnu/crtn.o

.plt            0x00000000004014a0      0x340
 *(.plt)
 .plt           0x00000000004014a0      0x340 /usr/lib/gcc/x86_64-linux-gnu/5/../../../x86_64-linux-gnu/crt1.o
                0x00000000004014b0                free@@GLIBC_2.2.5
                0x00000000004014c0                ARSAL_Thread_Destroy
                0x00000000004014d0                ARNETWORK_Manager_Delete
                0x00000000004014e0                ARSAL_Thread_Create
                0x00000000004014f0                ARNETWORKAL_Manager_Delete
                0x0000000000401500                ARCOMMANDS_Decoder_SetCommonCommonStateBatteryStateChangedCallback
                0x0000000000401510                strncpy@@GLIBC_2.2.5
                0x0000000000401520                ARNETWORKAL_Manager_Unlock
                0x0000000000401530                ARNETWORK_Manager_New
                0x0000000000401540                wclrtoeol
                0x0000000000401550                __stack_chk_fail@@GLIBC_2.4
                0x0000000000401560                wrefresh
                0x0000000000401570                keypad
                0x0000000000401580                initscr
                0x0000000000401590                raw
                0x00000000004015a0                ARSAL_Time_GetLocalTime
                0x00000000004015b0                wtimeout
                0x00000000004015c0                ARNETWORK_Manager_SendData
                0x00000000004015d0                __libc_start_main@@GLIBC_2.2.5
                0x00000000004015e0                ARCOMMANDS_Decoder_DecodeBuffer
                0x00000000004015f0                calloc@@GLIBC_2.2.5
                0x0000000000401600                ARSAL_Thread_Join
                0x0000000000401610                ARCOMMANDS_Generator_GenerateJumpingSumoAnimationsJump
                0x0000000000401620                ARNETWORK_Manager_ReadDataWithTimeout
                0x0000000000401640                ARNETWORKAL_Error_ToString
                0x0000000000401650                delwin
                0x0000000000401660                ARNETWORK_Error_ToString
                0x0000000000401670                ARDISCOVERY_Error_ToString
                0x0000000000401680                ARCOMMANDS_Decoder_DescribeBuffer
                0x0000000000401690                malloc@@GLIBC_2.2.5
                0x00000000004016a0                ARSAL_Print_PrintRaw
                0x00000000004016b0                ARNETWORKAL_Manager_CloseWifiNetwork
                0x00000000004016c0                __vsnprintf_chk@@GLIBC_2.3.4
                0x00000000004016d0                __printf_chk@@GLIBC_2.3.4
                0x00000000004016e0                strftime@@GLIBC_2.2.5
                0x00000000004016f0                ARDISCOVERY_Connection_ControllerConnection
                0x0000000000401700                endwin
                0x0000000000401710                wgetch
                0x0000000000401720                ARNETWORK_Manager_Stop
                0x0000000000401730                ARSAL_Print_SetCallback
                0x0000000000401740                ARNETWORKAL_Manager_New
                0x0000000000401750                ARDISCOVERY_Connection_Delete
                0x0000000000401760                noecho
                0x0000000000401770                ARCOMMANDS_Generator_GenerateJumpingSumoPilotingPCMD
                0x0000000000401780                wmove
                0x0000000000401790                ARNETWORKAL_Manager_InitWifiNetwork
                0x00000000004017a0                mvprintw
                0x00000000004017b0                usleep@@GLIBC_2.2.5
                0x00000000004017c0                __sprintf_chk@@GLIBC_2.3.4
                0x00000000004017d0                ARDISCOVERY_Connection_New
 *(.iplt)
 .iplt          0x00000000004017e0        0x0 /usr/lib/gcc/x86_64-linux-gnu/5/../../../x86_64-linux-gnu/crt1.o

.plt.bnd
 *(.plt.bnd)

.text           0x00000000004017e0     0x17b2
 *(.text.unlikely .text.*_unlikely .text.unlikely.*)
 *(.text.exit .text.exit.*)
 *(.text.startup .text.startup.*)
 .text.startup.main
                0x00000000004017e0      0x63d /home/cswiggz/Documents/seniordesign/parrot/out/Unix-base/build/JumpingSumoPiloting/obj/JumpingSumoPiloting.c.o
                0x00000000004017e0                main
 *(.text.hot .text.hot.*)
 *(.text .stub .text.* .gnu.linkonce.t.*)
 *fill*         0x0000000000401e1d        0x3 
 .text          0x0000000000401e20       0x2a /usr/lib/gcc/x86_64-linux-gnu/5/../../../x86_64-linux-gnu/crt1.o
                0x0000000000401e20                _start
 *fill*         0x0000000000401e4a        0x6 
 .text          0x0000000000401e50       0xc6 /usr/lib/gcc/x86_64-linux-gnu/5/crtbegin.o
 *fill*         0x0000000000401f16        0xa 
 .text.onDisconnectNetwork
                0x0000000000401f20        0xe /home/cswiggz/Documents/seniordesign/parrot/out/Unix-base/build/JumpingSumoPiloting/obj/JumpingSumoPiloting.c.o
                0x0000000000401f20                onDisconnectNetwork
 *fill*         0x0000000000401f2e        0x2 
 .text.arnetworkCmdCallback
                0x0000000000401f30        0x3 /home/cswiggz/Documents/seniordesign/parrot/out/Unix-base/build/JumpingSumoPiloting/obj/JumpingSumoPiloting.c.o
                0x0000000000401f30                arnetworkCmdCallback
 *fill*         0x0000000000401f33        0xd 
 .text.readerRun
                0x0000000000401f40      0x25c /home/cswiggz/Documents/seniordesign/parrot/out/Unix-base/build/JumpingSumoPiloting/obj/JumpingSumoPiloting.c.o
                0x0000000000401f40                readerRun
 *fill*         0x000000000040219c        0x4 
 .text.ARDISCOVERY_Connection_SendJsonCallback
                0x00000000004021a0       0x76 /home/cswiggz/Documents/seniordesign/parrot/out/Unix-base/build/JumpingSumoPiloting/obj/JumpingSumoPiloting.c.o
                0x00000000004021a0                ARDISCOVERY_Connection_SendJsonCallback
 *fill*         0x0000000000402216        0xa 
 .text.ARDISCOVERY_Connection_ReceiveJsonCallback
                0x0000000000402220       0x4e /home/cswiggz/Documents/seniordesign/parrot/out/Unix-base/build/JumpingSumoPiloting/obj/JumpingSumoPiloting.c.o
                0x0000000000402220                ARDISCOVERY_Connection_ReceiveJsonCallback
 *fill*         0x000000000040226e        0x2 
 .text.batteryStateChangedCallback
                0x0000000000402270       0x1a /home/cswiggz/Documents/seniordesign/parrot/out/Unix-base/build/JumpingSumoPiloting/obj/JumpingSumoPiloting.c.o
                0x0000000000402270                batteryStateChangedCallback
 *fill*         0x000000000040228a        0x6 
 .text.customPrintCallback
                0x0000000000402290       0x59 /home/cswiggz/Documents/seniordesign/parrot/out/Unix-base/build/JumpingSumoPiloting/obj/JumpingSumoPiloting.c.o
                0x0000000000402290                customPrintCallback
 *fill*         0x00000000004022e9        0x7 
 .text.ardiscoveryConnect
                0x00000000004022f0      0x1a6 /home/cswiggz/Documents/seniordesign/parrot/out/Unix-base/build/JumpingSumoPiloting/obj/JumpingSumoPiloting.c.o
                0x00000000004022f0                ardiscoveryConnect
 *fill*         0x0000000000402496        0xa 
 .text.startNetwork
                0x00000000004024a0      0x3af /home/cswiggz/Documents/seniordesign/parrot/out/Unix-base/build/JumpingSumoPiloting/obj/JumpingSumoPiloting.c.o
                0x00000000004024a0                startNetwork
 *fill*         0x000000000040284f        0x1 
 .text.stopNetwork
                0x0000000000402850       0x7b /home/cswiggz/Documents/seniordesign/parrot/out/Unix-base/build/JumpingSumoPiloting/obj/JumpingSumoPiloting.c.o
                0x0000000000402850                stopNetwork
 *fill*         0x00000000004028cb        0x5 
 .text.registerARCommandsCallbacks
                0x00000000004028d0        0xf /home/cswiggz/Documents/seniordesign/parrot/out/Unix-base/build/JumpingSumoPiloting/obj/JumpingSumoPiloting.c.o
                0x00000000004028d0                registerARCommandsCallbacks
 *fill*         0x00000000004028df        0x1 
 .text.unregisterARCommandsCallbacks
                0x00000000004028e0        0x9 /home/cswiggz/Documents/seniordesign/parrot/out/Unix-base/build/JumpingSumoPiloting/obj/JumpingSumoPiloting.c.o
                0x00000000004028e0                unregisterARCommandsCallbacks
 *fill*         0x00000000004028e9        0x7 
 .text.sendPCMD
                0x00000000004028f0       0xad /home/cswiggz/Documents/seniordesign/parrot/out/Unix-base/build/JumpingSumoPiloting/obj/JumpingSumoPiloting.c.o
                0x00000000004028f0                sendPCMD
 *fill*         0x000000000040299d        0x3 
 .text.looperRun
                0x00000000004029a0       0x33 /home/cswiggz/Documents/seniordesign/parrot/out/Unix-base/build/JumpingSumoPiloting/obj/JumpingSumoPiloting.c.o
                0x00000000004029a0                looperRun
 *fill*         0x00000000004029d3        0xd 
 .text.sendJump
                0x00000000004029e0       0xa5 /home/cswiggz/Documents/seniordesign/parrot/out/Unix-base/build/JumpingSumoPiloting/obj/JumpingSumoPiloting.c.o
                0x00000000004029e0                sendJump
 *fill*         0x0000000000402a85        0xb 
 .text.onInputEvent
                0x0000000000402a90       0x9e /home/cswiggz/Documents/seniordesign/parrot/out/Unix-base/build/JumpingSumoPiloting/obj/JumpingSumoPiloting.c.o
                0x0000000000402a90                onInputEvent
 *fill*         0x0000000000402b2e        0x2 
 .text.IHM_InputProcessing
                0x0000000000402b30      0x163 /home/cswiggz/Documents/seniordesign/parrot/out/Unix-base/build/JumpingSumoPiloting/obj/ihm.c.o
                0x0000000000402b30                IHM_InputProcessing
 *fill*         0x0000000000402c93        0xd 
 .text.IHM_Delete
                0x0000000000402ca0       0x7a /home/cswiggz/Documents/seniordesign/parrot/out/Unix-base/build/JumpingSumoPiloting/obj/ihm.c.o
                0x0000000000402ca0                IHM_Delete
 *fill*         0x0000000000402d1a        0x6 
 .text.IHM_New  0x0000000000402d20       0xef /home/cswiggz/Documents/seniordesign/parrot/out/Unix-base/build/JumpingSumoPiloting/obj/ihm.c.o
                0x0000000000402d20                IHM_New
 *fill*         0x0000000000402e0f        0x1 
 .text.IHM_setCustomData
                0x0000000000402e10        0xb /home/cswiggz/Documents/seniordesign/parrot/out/Unix-base/build/JumpingSumoPiloting/obj/ihm.c.o
                0x0000000000402e10                IHM_setCustomData
 *fill*         0x0000000000402e1b        0x5 
 .text.IHM_PrintHeader
                0x0000000000402e20       0x42 /home/cswiggz/Documents/seniordesign/parrot/out/Unix-base/build/JumpingSumoPiloting/obj/ihm.c.o
                0x0000000000402e20                IHM_PrintHeader
 *fill*         0x0000000000402e62        0xe 
 .text.IHM_PrintInfo
                0x0000000000402e70       0x4a /home/cswiggz/Documents/seniordesign/parrot/out/Unix-base/build/JumpingSumoPiloting/obj/ihm.c.o
                0x0000000000402e70                IHM_PrintInfo
 *fill*         0x0000000000402eba        0x6 
 .text.IHM_PrintBattery
                0x0000000000402ec0       0x52 /home/cswiggz/Documents/seniordesign/parrot/out/Unix-base/build/JumpingSumoPiloting/obj/ihm.c.o
                0x0000000000402ec0                IHM_PrintBattery
 *fill*         0x0000000000402f12        0xe 
 .text          0x0000000000402f20       0x72 /usr/lib/x86_64-linux-gnu/libc_nonshared.a(elf-init.oS)
                0x0000000000402f20                __libc_csu_init
                0x0000000000402f90                __libc_csu_fini
 *(.gnu.warning)

.fini           0x0000000000402f94        0x9
 *(SORT(.fini))
 .fini          0x0000000000402f94        0x4 /usr/lib/gcc/x86_64-linux-gnu/5/../../../x86_64-linux-gnu/crti.o
                0x0000000000402f94                _fini
 .fini          0x0000000000402f98        0x5 /usr/lib/gcc/x86_64-linux-gnu/5/../../../x86_64-linux-gnu/crtn.o
                [!provide]                        PROVIDE (__etext, .)
                [!provide]                        PROVIDE (_etext, .)
                [!provide]                        PROVIDE (etext, .)

.rodata         0x0000000000402fa0      0x4ec
 *(.rodata .rodata.* .gnu.linkonce.r.*)
 .rodata.str1.1
                0x0000000000402fa0       0xad /home/cswiggz/Documents/seniordesign/parrot/out/Unix-base/build/JumpingSumoPiloting/obj/JumpingSumoPiloting.c.o
                                         0xb7 (size before relaxing)
 *fill*         0x000000000040304d        0x3 
 .rodata.str1.8
                0x0000000000403050      0x3c8 /home/cswiggz/Documents/seniordesign/parrot/out/Unix-base/build/JumpingSumoPiloting/obj/JumpingSumoPiloting.c.o
                                        0x3c2 (size before relaxing)
 *fill*         0x0000000000403418        0x8 
 .rodata        0x0000000000403420       0x60 /home/cswiggz/Documents/seniordesign/parrot/out/Unix-base/build/JumpingSumoPiloting/obj/JumpingSumoPiloting.c.o
 .rodata.str1.1
                0x0000000000403480        0xc /home/cswiggz/Documents/seniordesign/parrot/out/Unix-base/build/JumpingSumoPiloting/obj/ihm.c.o

.rodata1
 *(.rodata1)

.eh_frame_hdr   0x000000000040348c       0xec
 *(.eh_frame_hdr)
 .eh_frame_hdr  0x000000000040348c       0xec /usr/lib/gcc/x86_64-linux-gnu/5/../../../x86_64-linux-gnu/crt1.o

.eh_frame       0x0000000000403578      0x5fc
 *(.eh_frame)
 .eh_frame      0x0000000000403578       0x30 /usr/lib/gcc/x86_64-linux-gnu/5/../../../x86_64-linux-gnu/crt1.o
 .eh_frame      0x00000000004035a8       0x40 /usr/lib/gcc/x86_64-linux-gnu/5/../../../x86_64-linux-gnu/crt1.o
 .eh_frame      0x00000000004035e8      0x3f8 /home/cswiggz/Documents/seniordesign/parrot/out/Unix-base/build/JumpingSumoPiloting/obj/JumpingSumoPiloting.c.o
                                        0x3d0 (size before relaxing)
 .eh_frame      0x00000000004039e0      0x130 /home/cswiggz/Documents/seniordesign/parrot/out/Unix-base/build/JumpingSumoPiloting/obj/ihm.c.o
 .eh_frame      0x0000000000403b10       0x60 /usr/lib/x86_64-linux-gnu/libc_nonshared.a(elf-init.oS)
                                         0x78 (size before relaxing)
 .eh_frame      0x0000000000403b70        0x4 /usr/lib/gcc/x86_64-linux-gnu/5/crtend.o

.gcc_except_table
 *(.gcc_except_table .gcc_except_table.*)

.exception_ranges
 *(.exception_ranges .exception_ranges*)
                0x0000000000403b74                . = (ALIGN (0x200000) - ((0x200000 - .) & 0x1fffff))
                0x0000000000603d80                . = DATA_SEGMENT_ALIGN (0x200000, 0x1000)

.eh_frame
 *(.eh_frame)

.gcc_except_table
 *(.gcc_except_table .gcc_except_table.*)

.exception_ranges
 *(.exception_ranges .exception_ranges*)

.tdata
 *(.tdata .tdata.* .gnu.linkonce.td.*)

.tbss
 *(.tbss .tbss.* .gnu.linkonce.tb.*)
 *(.tcommon)

.preinit_array  0x0000000000603d80        0x0
                [!provide]                        PROVIDE (__preinit_array_start, .)
 *(.preinit_array)
                [!provide]                        PROVIDE (__preinit_array_end, .)

.init_array     0x0000000000603d80        0x8
                0x0000000000603d80                PROVIDE (__init_array_start, .)
 *(SORT(.init_array.*) SORT(.ctors.*))
 *(.init_array EXCLUDE_FILE(*crtend?.o *crtend.o *crtbegin?.o *crtbegin.o) .ctors)
 .init_array    0x0000000000603d80        0x8 /usr/lib/gcc/x86_64-linux-gnu/5/crtbegin.o
                0x0000000000603d88                PROVIDE (__init_array_end, .)

.fini_array     0x0000000000603d88        0x8
                [!provide]                        PROVIDE (__fini_array_start, .)
 *(SORT(.fini_array.*) SORT(.dtors.*))
 *(.fini_array EXCLUDE_FILE(*crtend?.o *crtend.o *crtbegin?.o *crtbegin.o) .dtors)
 .fini_array    0x0000000000603d88        0x8 /usr/lib/gcc/x86_64-linux-gnu/5/crtbegin.o
                [!provide]                        PROVIDE (__fini_array_end, .)

.ctors
 *crtbegin.o(.ctors)
 *crtbegin?.o(.ctors)
 *(EXCLUDE_FILE(*crtend?.o *crtend.o) .ctors)
 *(SORT(.ctors.*))
 *(.ctors)

.dtors
 *crtbegin.o(.dtors)
 *crtbegin?.o(.dtors)
 *(EXCLUDE_FILE(*crtend?.o *crtend.o) .dtors)
 *(SORT(.dtors.*))
 *(.dtors)

.jcr            0x0000000000603d90        0x8
 *(.jcr)
 .jcr           0x0000000000603d90        0x0 /usr/lib/gcc/x86_64-linux-gnu/5/crtbegin.o
 .jcr           0x0000000000603d90        0x8 /usr/lib/gcc/x86_64-linux-gnu/5/crtend.o

.data.rel.ro
 *(.data.rel.ro.local* .gnu.linkonce.d.rel.ro.local.*)
 *(.data.rel.ro .data.rel.ro.* .gnu.linkonce.d.rel.ro.*)

.dynamic        0x0000000000603d98      0x240
 *(.dynamic)
 .dynamic       0x0000000000603d98      0x240 /usr/lib/gcc/x86_64-linux-gnu/5/../../../x86_64-linux-gnu/crt1.o
                0x0000000000603d98                _DYNAMIC

.got            0x0000000000603fd8       0x28
 *(.got)
 .got           0x0000000000603fd8       0x28 /usr/lib/gcc/x86_64-linux-gnu/5/../../../x86_64-linux-gnu/crt1.o
 *(.igot)
                0x0000000000604fe8                . = DATA_SEGMENT_RELRO_END (., (SIZEOF (.got.plt) >= 0x18)?0x18:0x0)

.got.plt        0x0000000000604000      0x1b0
 *(.got.plt)
 .got.plt       0x0000000000604000      0x1b0 /usr/lib/gcc/x86_64-linux-gnu/5/../../../x86_64-linux-gnu/crt1.o
                0x0000000000604000                _GLOBAL_OFFSET_TABLE_
 *(.igot.plt)
 .igot.plt      0x00000000006041b0        0x0 /usr/lib/gcc/x86_64-linux-gnu/5/../../../x86_64-linux-gnu/crt1.o

.data           0x00000000006041c0       0xa0
 *(.data .data.* .gnu.linkonce.d.*)
 .data          0x00000000006041c0       0xa0 /home/cswiggz/Documents/seniordesign/parrot/out/Unix-base/build/JumpingSumoPiloting/obj/JumpingSumoPiloting.c.o
                0x00000000006041c0                gIHMRun

.tm_clone_table
                0x0000000000604260        0x0
 .tm_clone_table
                0x0000000000604260        0x0 /usr/lib/gcc/x86_64-linux-gnu/5/crtbegin.o
 .tm_clone_table
                0x0000000000604260        0x0 /usr/lib/gcc/x86_64-linux-gnu/5/crtend.o

.data1
 *(.data1)
                0x0000000000604260                _edata = .
                [!provide]                        PROVIDE (edata, .)
                0x0000000000604260                . = .
                0x0000000000604260                __bss_start = .

.bss            0x0000000000604260      0x820
 *(.dynbss)
 .dynbss        0x0000000000604260        0x0 /usr/lib/gcc/x86_64-linux-gnu/5/../../../x86_64-linux-gnu/crt1.o
 *(.bss .bss.* .gnu.linkonce.b.*)
 .bss           0x0000000000604260        0x1 /usr/lib/gcc/x86_64-linux-gnu/5/crtbegin.o
 *(COMMON)
 *fill*         0x0000000000604261       0x1f 
 COMMON         0x0000000000604280      0x800 /home/cswiggz/Documents/seniordesign/parrot/out/Unix-base/build/JumpingSumoPiloting/obj/JumpingSumoPiloting.c.o
                0x0000000000604280                gErrorStr
                0x0000000000604a80                . = ALIGN ((. != 0x0)?0x8:0x1)

.lbss
 *(.dynlbss)
 *(.lbss .lbss.* .gnu.linkonce.lb.*)
 *(LARGE_COMMON)
                0x0000000000604a80                . = ALIGN (0x8)
                0x0000000000604a80                . = SEGMENT_START ("ldata-segment", .)

.lrodata
 *(.lrodata .lrodata.* .gnu.linkonce.lr.*)

.ldata          0x0000000000a04a80        0x0
 *(.ldata .ldata.* .gnu.linkonce.l.*)
                0x0000000000a04a80                . = ALIGN ((. != 0x0)?0x8:0x1)
                0x0000000000a04a80                . = ALIGN (0x8)
                0x0000000000a04a80                _end = .
                [!provide]                        PROVIDE (end, .)
                0x0000000000a04a80                . = DATA_SEGMENT_END (.)

.stab
 *(.stab)

.stabstr
 *(.stabstr)

.stab.excl
 *(.stab.excl)

.stab.exclstr
 *(.stab.exclstr)

.stab.index
 *(.stab.index)

.stab.indexstr
 *(.stab.indexstr)

.comment        0x0000000000000000       0x52
 *(.comment)
 .comment       0x0000000000000000       0x2d /usr/lib/gcc/x86_64-linux-gnu/5/crtbegin.o
                                         0x2e (size before relaxing)
 .comment       0x000000000000002d       0x2e /home/cswiggz/Documents/seniordesign/parrot/out/Unix-base/build/JumpingSumoPiloting/obj/JumpingSumoPiloting.c.o
 .comment       0x000000000000002d       0x2e /home/cswiggz/Documents/seniordesign/parrot/out/Unix-base/build/JumpingSumoPiloting/obj/ihm.c.o
 .comment       0x000000000000002d       0x25 /usr/lib/x86_64-linux-gnu/libc_nonshared.a(elf-init.oS)
                                         0x26 (size before relaxing)
 .comment       0x0000000000000052       0x2e /usr/lib/gcc/x86_64-linux-gnu/5/crtend.o

.debug
 *(.debug)

.line
 *(.line)

.debug_srcinfo
 *(.debug_srcinfo)

.debug_sfnames
 *(.debug_sfnames)

.debug_aranges  0x0000000000000000      0x1c0
 *(.debug_aranges)
 .debug_aranges
                0x0000000000000000      0x130 /home/cswiggz/Documents/seniordesign/parrot/out/Unix-base/build/JumpingSumoPiloting/obj/JumpingSumoPiloting.c.o
 .debug_aranges
                0x0000000000000130       0x90 /home/cswiggz/Documents/seniordesign/parrot/out/Unix-base/build/JumpingSumoPiloting/obj/ihm.c.o

.debug_pubnames
 *(.debug_pubnames)

.debug_info     0x0000000000000000     0x3ba2
 *(.debug_info .gnu.linkonce.wi.*)
 .debug_info    0x0000000000000000     0x307f /home/cswiggz/Documents/seniordesign/parrot/out/Unix-base/build/JumpingSumoPiloting/obj/JumpingSumoPiloting.c.o
 .debug_info    0x000000000000307f      0xb23 /home/cswiggz/Documents/seniordesign/parrot/out/Unix-base/build/JumpingSumoPiloting/obj/ihm.c.o

.debug_abbrev   0x0000000000000000      0x727
 *(.debug_abbrev)
 .debug_abbrev  0x0000000000000000      0x445 /home/cswiggz/Documents/seniordesign/parrot/out/Unix-base/build/JumpingSumoPiloting/obj/JumpingSumoPiloting.c.o
 .debug_abbrev  0x0000000000000445      0x2e2 /home/cswiggz/Documents/seniordesign/parrot/out/Unix-base/build/JumpingSumoPiloting/obj/ihm.c.o

.debug_line     0x0000000000000000      0x9f1
 *(.debug_line .debug_line.* .debug_line_end)
 .debug_line    0x0000000000000000      0x76c /home/cswiggz/Documents/seniordesign/parrot/out/Unix-base/build/JumpingSumoPiloting/obj/JumpingSumoPiloting.c.o
 .debug_line    0x000000000000076c      0x285 /home/cswiggz/Documents/seniordesign/parrot/out/Unix-base/build/JumpingSumoPiloting/obj/ihm.c.o

.debug_frame
 *(.debug_frame)

.debug_str      0x0000000000000000     0x226f
 *(.debug_str)
 .debug_str     0x0000000000000000     0x21bc /home/cswiggz/Documents/seniordesign/parrot/out/Unix-base/build/JumpingSumoPiloting/obj/JumpingSumoPiloting.c.o
                                       0x22ce (size before relaxing)
 .debug_str     0x00000000000021bc       0xb3 /home/cswiggz/Documents/seniordesign/parrot/out/Unix-base/build/JumpingSumoPiloting/obj/ihm.c.o
                                        0x6b1 (size before relaxing)

.debug_loc      0x0000000000000000     0x18a9
 *(.debug_loc)
 .debug_loc     0x0000000000000000     0x145f /home/cswiggz/Documents/seniordesign/parrot/out/Unix-base/build/JumpingSumoPiloting/obj/JumpingSumoPiloting.c.o
 .debug_loc     0x000000000000145f      0x44a /home/cswiggz/Documents/seniordesign/parrot/out/Unix-base/build/JumpingSumoPiloting/obj/ihm.c.o

.debug_macinfo
 *(.debug_macinfo)

.debug_weaknames
 *(.debug_weaknames)

.debug_funcnames
 *(.debug_funcnames)

.debug_typenames
 *(.debug_typenames)

.debug_varnames
 *(.debug_varnames)

.debug_pubtypes
 *(.debug_pubtypes)

.debug_ranges   0x0000000000000000      0x4a0
 *(.debug_ranges)
 .debug_ranges  0x0000000000000000      0x3e0 /home/cswiggz/Documents/seniordesign/parrot/out/Unix-base/build/JumpingSumoPiloting/obj/JumpingSumoPiloting.c.o
 .debug_ranges  0x00000000000003e0       0xc0 /home/cswiggz/Documents/seniordesign/parrot/out/Unix-base/build/JumpingSumoPiloting/obj/ihm.c.o

.debug_macro
 *(.debug_macro)

.gnu.attributes
 *(.gnu.attributes)

/DISCARD/
 *(.note.GNU-stack)
 *(.gnu_debuglink)
 *(.gnu.lto_*)
OUTPUT(/home/cswiggz/Documents/seniordesign/parrot/out/Unix-base/build/JumpingSumoPiloting/JumpingSumoPiloting elf64-x86-64)
